******************************************************************************
                  TI ARM Linker Unix v16.9.6                   
******************************************************************************
>> Linked Wed Jan 31 17:28:14 2018

OUTPUT FILE NAME:   <rfPacketRx_CC1310_LAUNCHXL_nortos_ccs.out>
ENTRY POINT SYMBOL: "resetISR"  address: 000084e1


MEMORY CONFIGURATION

         name            origin    length      used     unused   attr    fill
----------------------  --------  ---------  --------  --------  ----  --------
  FLASH                 00000000   00020000  000095fe  00016a02  R  X
  SRAM                  20000000   00005000  000014ab  00003b55  RW X


SEGMENT ALLOCATION MAP

run origin  load origin   length   init length attrs members
----------  ----------- ---------- ----------- ----- -------
00000000    00000000    00009420   00009420    r-x
  00000000    00000000    000000c8   000000c8    r-- .intvecs
  000000c8    000000c8    0000872e   0000872e    r-x .text
  000087f8    000087f8    00000c28   00000c28    r-- .const
00009420    00009420    00000008   00000008    rw-
  00009420    00009420    00000008   00000008    rw- .args
00009428    00009428    00000180   00000180    r--
  00009428    00009428    00000180   00000180    r-- .cinit
0001ffa8    0001ffa8    00000058   00000058    r--
  0001ffa8    0001ffa8    00000058   00000058    r-- .ccfg
20000000    20000000    00000fe8   00000000    rw-
  20000000    20000000    0000080d   00000000    rw- .bss
  20000810    20000810    000006d6   00000000    rw- .data
  20000ee8    20000ee8    00000100   00000000    rw- .sysmem
20001000    20001000    000000c8   00000000    rw-
  20001000    20001000    000000c8   00000000    rw- .vtable_ram
20004c00    20004c00    00000400   00000000    rw-
  20004c00    20004c00    00000400   00000000    rw- .stack


SECTION ALLOCATION MAP

 output                                  attributes/
section   page    origin      length       input sections
--------  ----  ----------  ----------   ----------------
.intvecs   0    00000000    000000c8     
                  00000000    000000c8     nortos_cc13x0.aem3 : startup_cc13xx_cc26xx_ccs.oem3 (.intvecs)

.text      0    000000c8    0000872e     
                  000000c8    00001106     rtsv7M3_T_le_eabi.lib : _printfi.obj (.text)
                  000011ce    00000002     driverlib.lib : interrupt.obj (.text:IntDefaultHandler)
                  000011d0    000003cc     rtsv7M3_T_le_eabi.lib : memory.obj (.text)
                  0000159c    000003c4     rf_multiMode_cc13x0.aem3 : RFCC26XX_multiMode.oem3 (.text:fsmActiveState)
                  00001960    0000030c     drivers_cc13x0.aem3 : PowerCC26XX_calibrateRCOSC.oem3 (.text:PowerCC26XX_auxISR)
                  00001c6c    00000228     driverlib.lib : sys_ctrl.obj (.text:NOROM_SysCtrlSetRechargeBeforePowerDown)
                  00001e94    00000224     drivers_cc13x0.aem3 : PowerCC26XX.oem3 (.text:Power_sleep)
                  000020b8    000001f4     rtsv7M3_T_le_eabi.lib : ull_div_t2.obj (.text)
                  000022ac    000001e4     rf_multiMode_cc13x0.aem3 : RFCC26XX_multiMode.oem3 (.text:RF_open)
                  00002490    000001c8     rfPacketRx_nortos.obj (.text:mainThread)
                  00002658    000001c4     rtsv7M3_T_le_eabi.lib : fopen.obj (.text)
                  0000281c    000001bc     drivers_cc13x0.aem3 : PINCC26XX.oem3 (.text:PIN_init)
                  000029d8    000001b6     rtsv7M3_T_le_eabi.lib : fd_add_t2.obj (.text)
                  00002b8e    00000002     nortos_cc13x0.aem3 : SemaphoreP_nortos.oem3 (.text:SemaphoreP_destruct)
                  00002b90    00000190     drivers_cc13x0.aem3 : PowerCC26XX_calibrateRCOSC.oem3 (.text:PowerCC26XX_doCalibrate)
                  00002d20    00000188     rf_multiMode_cc13x0.aem3 : RFCC26XX_multiMode.oem3 (.text:fsmSetupState)
                  00002ea8    0000016c                              : RFCC26XX_multiMode.oem3 (.text:hwiFxnCpe0Active)
                  00003014    0000015c     drivers_cc13x0.aem3 : UARTCC26XX.oem3 (.text:UARTCC26XX_open)
                  00003170    00000144     rf_multiMode_cc13x0.aem3 : RFCC26XX_multiMode.oem3 (.text:radioOpDoneCb)
                  000032b4    00000136     rtsv7M3_T_le_eabi.lib : fd_div_t2.obj (.text)
                  000033ea    00000002     nortos_cc13x0.aem3 : SemaphoreP_nortos.oem3 (.text:clkFxn)
                  000033ec    00000134     rtsv7M3_T_le_eabi.lib : fputs.obj (.text)
                  00003520    00000130     rf_multiMode_cc13x0.aem3 : RFCC26XX_multiMode.oem3 (.text:fsmChangePhyState)
                  00003650    0000012c     drivers_cc13x0.aem3 : UARTCC26XX.oem3 (.text:UARTCC26XX_hwiIntFxn)
                  0000377c    00000128     smartrf_settings.obj (.text:rf_patch_rfe_genfsk)
                  000038a4    00000124     driverlib.lib : setup_rom.obj (.text:NOROM_SetupAfterColdResetWakeupFromShutDownCfg3)
                  000039c8    0000011c     drivers_cc13x0.aem3 : UARTCC26XX.oem3 (.text:UARTCC26XX_read)
                  00003ae4    00000114                         : PowerCC26XX.oem3 (.text:Power_init)
                  00003bf8    00000108     rfPacketRx_nortos.obj (.text:callback)
                  00003d00    00000100     nortos_cc13x0.aem3 : PowerCC26XX_nortos.oem3 (.text:PowerCC26XX_standbyPolicy)
                  00003e00    000000fc     drivers_cc13x0.aem3 : UARTCC26XX.oem3 (.text:UARTCC26XX_write)
                  00003efc    000000fc     rtsv7M3_T_le_eabi.lib : fd_mul_t2.obj (.text)
                  00003ff8    000000f0     driverlib.lib : setup_rom.obj (.text:NOROM_SetupAfterColdResetWakeupFromShutDownCfg2)
                  000040e8    000000f0     rf_multiMode_cc13x0.aem3 : RFCC26XX_multiMode.oem3 (.text:RF_pendCmd)
                  000041d8    000000e0     RFQueue.obj (.text:RFQueue_defineQueue)
                  000042b8    000000e0     rf_multiMode_cc13x0.aem3 : RFCC26XX_multiMode.oem3 (.text:fsmPowerUpState)
                  00004398    000000dc     drivers_cc13x0.aem3 : PINCC26XX.oem3 (.text:PINCC26XX_setIoCfg)
                  00004474    000000dc     rtsv7M3_T_le_eabi.lib : setvbuf.obj (.text)
                  00004550    000000d8     nortos_cc13x0.aem3 : SwiP_nortos.oem3 (.text:SwiP_construct)
                  00004628    000000d4     driverlib.lib : rfc.obj (.text:NOROM_RFCRfTrimRead)
                  000046fc    000000d0     rtsv7M3_T_le_eabi.lib : s_scalbn.obj (.text)
                  000047cc    000000c8                           : fflush.obj (.text)
                  00004894    000000c4     driverlib.lib : rfc.obj (.text:NOROM_RFCRTrim)
                  00004958    000000c4                   : setup.obj (.text:TrimAfterColdResetWakeupFromShutDown)
                  00004a1c    000000bc     drivers_cc13x0.aem3 : PowerCC26XX.oem3 (.text:Power_releaseDependency)
                  00004ad8    000000bc     rtsv7M3_T_le_eabi.lib : open.obj (.text)
                  00004b94    000000b8     rf_multiMode_cc13x0.aem3 : RFCC26XX_multiMode.oem3 (.text:RF_postCmd)
                  00004c4c    000000b8                              : RFCC26XX_multiMode.oem3 (.text:dispatchNextCmd)
                  00004d04    000000b4     drivers_cc13x0.aem3 : PowerCC26XX.oem3 (.text:Power_setDependency)
                  00004db8    000000b4     rf_multiMode_cc13x0.aem3 : RFCC26XX_multiMode.oem3 (.text:swiFxnHw)
                  00004e6c    000000b0     nortos_cc13x0.aem3 : TimerPCC26XX_nortos.oem3 (.text:TimerP_construct)
                  00004f1c    000000ac     rtsv7M3_T_le_eabi.lib : _io_perm.obj (.text)
                  00004fc8    000000a8     nortos_cc13x0.aem3 : ClockPTimer_nortos.oem3 (.text:ClockP_workFuncDynamic)
                  00005070    000000a8     driverlib.lib : setup.obj (.text:NOROM_SetupTrimDevice)
                  00005118    000000a4                   : setup_rom.obj (.text:NOROM_SetupAfterColdResetWakeupFromShutDownCfg1)
                  000051bc    000000a4     drivers_cc13x0.aem3 : UARTCC26XX.oem3 (.text:UARTCC26XX_initHw)
                  00005260    000000a4                         : PowerCC26XX.oem3 (.text:switchXOSCHFclockFunc)
                  00005304    000000a0     nortos_cc13x0.aem3 : SwiP_nortos.oem3 (.text:SwiP_dispatch)
                  000053a4    0000009c                        : ClockPTimer_nortos.oem3 (.text:ClockP_startup)
                  00005440    0000009c     rf_multiMode_cc13x0.aem3 : RFCC26XX_multiMode.oem3 (.text:RF_issueRadioFreeCb)
                  000054dc    0000009c     rtsv7M3_T_le_eabi.lib : memcpy_t2.obj (.text)
                  00005578    00000098     drivers_cc13x0.aem3 : PINCC26XX.oem3 (.text:PIN_open)
                  00005610    00000098     nortos_cc13x0.aem3 : SemaphoreP_nortos.oem3 (.text:SemaphoreP_pend)
                  000056a8    00000098     drivers_cc13x0.aem3 : UARTCC26XX.oem3 (.text:UARTCC26XX_initIO)
                  00005740    00000098     rtsv7M3_T_le_eabi.lib : fclose.obj (.text)
                  000057d8    00000098                           : fputc.obj (.text)
                  00005870    00000090     rf_multiMode_cc13x0.aem3 : RFCC26XX_multiMode.oem3 (.text:calculateDispatchTime)
                  00005900    0000008c     drivers_cc13x0.aem3 : UARTCC26XX.oem3 (.text:UARTCC26XX_close)
                  0000598c    0000008c     rf_multiMode_cc13x0.aem3 : RFCC26XX_multiMode.oem3 (.text:ratRestartChannels)
                  00005a18    00000088     drivers_cc13x0.aem3 : UARTCC26XX.oem3 (.text:UARTCC26XX_writeCancel)
                  00005aa0    00000088                         : UARTCC26XX.oem3 (.text:writeFinishedDoCallback)
                  00005b28    00000086     rtsv7M3_T_le_eabi.lib : fd_cmp_t2.obj (.text:__aeabi_cdcmple)
                  00005bae    00000086                           : fd_cmp_t2.obj (.text:__aeabi_cdrcmple)
                  00005c34    00000084     rf_multiMode_cc13x0.aem3 : RFCC26XX_multiMode.oem3 (.text:ratFreeChannel)
                  00005cb8    00000080     nortos_cc13x0.aem3 : ClockPTimer_nortos.oem3 (.text:ClockP_start)
                  00005d38    0000007c     rf_multiMode_cc13x0.aem3 : RFCC26XX_multiMode.oem3 (.text:hwiFxnHw)
                  00005db4    0000007a     rtsv7M3_T_le_eabi.lib : memset_t2.obj (.text)
                  00005e2e    00000002     rf_multiMode_cc13x0.aem3 : RFCC26XX_multiMode.oem3 (.text:defaultCallback)
                  00005e30    00000078     nortos_cc13x0.aem3 : HwiPCC26XX_nortos.oem3 (.text:HwiP_construct)
                  00005ea8    00000078     drivers_cc13x0.aem3 : UARTCC26XX.oem3 (.text:writeTxFifoFlush)
                  00005f20    00000074     nortos_cc13x0.aem3 : ClockPTimer_nortos.oem3 (.text:ClockP_walkQueueDynamic)
                  00005f94    00000074     driverlib.lib : setup_rom.obj (.text:NOROM_SetupSetVddrLevel)
                  00006008    00000070     nortos_cc13x0.aem3 : TimerPCC26XX_nortos.oem3 (.text:TimerP_start)
                  00006078    00000070     rtsv7M3_T_le_eabi.lib : autoinit.obj (.text)
                  000060e8    00000070                           : getdevice.obj (.text)
                  00006158    00000070                           : printf.obj (.text)
                  000061c8    0000006c     drivers_cc13x0.aem3 : PowerCC26XX_calibrateRCOSC.oem3 (.text:PowerCC26XX_initiateCalibration)
                  00006234    00000068     driverlib.lib : setup_rom.obj (.text:NOROM_SetupGetTrimForAmpcompCtrl)
                  0000629c    00000068                   : setup_rom.obj (.text:NOROM_SetupGetTrimForAnabypassValue1)
                  00006304    00000068                   : sys_ctrl.obj (.text:NOROM_SysCtrlAdjustRechargeAfterPowerDown)
                  0000636c    00000068                   : sys_ctrl.obj (.text:NOROM_SysCtrl_DCDC_VoltageConditionalControl)
                  000063d4    00000068     nortos_cc13x0.aem3 : SwiP_nortos.oem3 (.text:SwiP_post)
                  0000643c    00000068     rtsv7M3_T_le_eabi.lib : copy_decompress_lzss.obj (.text:decompress:lzss)
                  000064a4    00000068     drivers_cc13x0.aem3 : PowerCC26XX.oem3 (.text:lfClockReadyCallback)
                  0000650c    00000068     rtsv7M3_T_le_eabi.lib : hostlseek.obj (.text)
                  00006574    00000068                           : hostrename.obj (.text)
                  000065dc    00000068                           : trgmsg.obj (.text)
                  00006644    00000064     driverlib.lib : osc.obj (.text:NOROM_OSCHF_AttemptToSwitchToXosc)
                  000066a8    00000064     drivers_cc13x0.aem3 : UARTCC26XX.oem3 (.text:UARTCC26XX_readCancel)
                  0000670c    00000064                         : PowerCC26XX.oem3 (.text:configureXOSCHF)
                  00006770    00000064     rtsv7M3_T_le_eabi.lib : fseek.obj (.text)
                  000067d4    00000060     driverlib.lib : osc.obj (.text:NOROM_OSCClockSourceSet)
                  00006834    00000060     rf_multiMode_cc13x0.aem3 : RFCC26XX_multiMode.oem3 (.text:RF_getCurrentTime)
                  00006894    00000060     drivers_cc13x0.aem3 : UARTCC26XX.oem3 (.text:UARTCC26XX_control)
                  000068f4    00000060     smartrf_settings.obj (.text:configureGenfskPatch)
                  00006954    00000060     rf_multiMode_cc13x0.aem3 : RFCC26XX_multiMode.oem3 (.text:dispatchNextEvent)
                  000069b4    00000060     rtsv7M3_T_le_eabi.lib : hostopen.obj (.text)
                  00006a14    0000005c     drivers_cc13x0.aem3 : PowerCC26XX_calibrateRCOSC.oem3 (.text:PowerCC26XX_RCOSC_clockFunc)
                  00006a70    0000005c                         : PowerCC26XX.oem3 (.text:PowerCC26XX_calibrate)
                  00006acc    0000005c     rf_multiMode_cc13x0.aem3 : RFCC26XX_multiMode.oem3 (.text:hwiFxnCpe0PowerFsm)
                  00006b28    0000005c     rtsv7M3_T_le_eabi.lib : close.obj (.text)
                  00006b84    0000005c                           : s_frexp.obj (.text)
                  00006be0    0000005c     rf_multiMode_cc13x0.aem3 : RFCC26XX_multiMode.oem3 (.text:syncCb)
                  00006c3c    00000058     drivers_cc13x0.aem3 : PINCC26XX.oem3 (.text:PIN_remove)
                  00006c94    00000058     rtsv7M3_T_le_eabi.lib : hostread.obj (.text)
                  00006cec    00000058                           : hostwrite.obj (.text)
                  00006d44    00000054     drivers_cc13x0.aem3 : GPIOCC26XX.oem3 (.text:GPIO_write)
                  00006d98    00000054     rf_multiMode_cc13x0.aem3 : RFCC26XX_multiMode.oem3 (.text:RF_ieeeExtension)
                  00006dec    00000054                              : RFCC26XX_multiMode.oem3 (.text:cmdDispatchTime)
                  00006e40    00000054     rtsv7M3_T_le_eabi.lib : exit.obj (.text)
                  00006e94    00000054                           : ltoa.obj (.text)
                  00006ee8    00000050     driverlib.lib : setup_rom.obj (.text:NOROM_SetupSetCacheModeAccordingToCcfgSetting)
                  00006f38    00000050     nortos_cc13x0.aem3 : SemaphoreP_nortos.oem3 (.text:SemaphoreP_construct)
                  00006f88    00000050     rf_multiMode_cc13x0.aem3 : RFCC26XX_multiMode.oem3 (.text:applyRfCorePatch)
                  00006fd8    00000050     drivers_cc13x0.aem3 : UARTCC26XX.oem3 (.text:startTxFifoEmptyClk)
                  00007028    0000004c     rf_multiMode_cc13x0.aem3 : RFCC26XX_multiMode.oem3 (.text:RF_wakeupNotifyFxn)
                  00007074    0000004c                              : RFCC26XX_multiMode.oem3 (.text:fsmXOSCState)
                  000070c0    0000004c     rtsv7M3_T_le_eabi.lib : atoi.obj (.text)
                  0000710c    0000004c                           : cpy_tbl.obj (.text)
                  00007158    00000048     nortos_cc13x0.aem3 : ClockPTimer_nortos.oem3 (.text:ClockP_construct)
                  000071a0    00000048     drivers_cc13x0.aem3 : PINCC26XX.oem3 (.text:PIN_setOutputEnable)
                  000071e8    00000048     rtsv7M3_T_le_eabi.lib : fd_toi_t2.obj (.text)
                  00007230    00000044     rf_multiMode_cc13x0.aem3 : RFCC26XX_multiMode.oem3 (.text:Q_push)
                  00007274    00000044     drivers_cc13x0.aem3 : RingBuf.oem3 (.text:RingBuf_put)
                  000072b8    00000044     nortos_cc13x0.aem3 : SwiP_nortos.oem3 (.text:SwiP_restore)
                  000072fc    00000044     drivers_cc13x0.aem3 : PowerCC26XX.oem3 (.text:notify)
                  00007340    00000044     rtsv7M3_T_le_eabi.lib : hostclose.obj (.text)
                  00007384    00000044                           : hostunlink.obj (.text)
                  000073c8    00000040     drivers_cc13x0.aem3 : PINCC26XX.oem3 (.text:PIN_swi)
                  00007408    00000040                         : UART.oem3 (.text:UART_open)
                  00007448    00000040     rtsv7M3_T_le_eabi.lib : boot.obj (.text)
                  00007488    0000003e     drivers_cc13x0.aem3 : RingBuf.oem3 (.text:RingBuf_get)
                  000074c6    00000002                         : PowerCC26XX.oem3 (.text:emptyClockFunc)
                  000074c8    0000003c     driverlib.lib : chipinfo.obj (.text:NOROM_ChipInfo_GetHwRevision)
                  00007504    0000003c                   : osc.obj (.text:NOROM_OSC_HPOSCRelativeFrequencyOffsetGet)
                  00007540    0000003c                   : rfc.obj (.text:NOROM_RFCSynthPowerDown)
                  0000757c    0000003c     drivers_cc13x0.aem3 : PowerCC26XX.oem3 (.text:PowerCC26XX_isStableXOSC_HF)
                  000075b8    0000003c     nortos_cc13x0.aem3 : SemaphoreP_nortos.oem3 (.text:SemaphoreP_post)
                  000075f4    0000003c     drivers_cc13x0.aem3 : PowerCC26XX.oem3 (.text:disableLfClkQualifiersEnableClkLoss)
                  00007630    0000003c     rf_multiMode_cc13x0.aem3 : RFCC26XX_multiMode.oem3 (.text:getCmd)
                  0000766c    00000038     drivers_cc13x0.aem3 : PINCC26XX.oem3 (.text:PIN_setOutputValue)
                  000076a4    00000038     rf_multiMode_cc13x0.aem3 : RFCC26XX_multiMode.oem3 (.text:RF_checkCmdFsError)
                  000076dc    00000038     drivers_cc13x0.aem3 : UARTCC26XX.oem3 (.text:UARTCC26XX_swiIntFxn)
                  00007714    00000038                         : UARTCC26XX.oem3 (.text:readData)
                  0000774c    00000038     rf_multiMode_cc13x0.aem3 : RFCC26XX_multiMode.oem3 (.text:rfReleaseConstraint)
                  00007784    00000038     drivers_cc13x0.aem3 : UARTCC26XX.oem3 (.text:writeData)
                  000077bc    00000036     rtsv7M3_T_le_eabi.lib : strncpy.obj (.text)
                  000077f2    00000002     smartrf_settings.obj (.text:enterGenfskSysPatch)
                  000077f4    00000034     nortos_cc13x0.aem3 : ClockPTimer_nortos.oem3 (.text:ClockP_getTicksUntilInterrupt)
                  00007828    00000034     driverlib.lib : interrupt.obj (.text:NOROM_IntRegister)
                  0000785c    00000034                   : osc.obj (.text:NOROM_OSCHF_SwitchToRcOscTurnOffXosc)
                  00007890    00000034     drivers_cc13x0.aem3 : PINCC26XX.oem3 (.text:PIN_setConfig)
                  000078c4    00000034                         : PowerCC26XX.oem3 (.text:Power_releaseConstraint)
                  000078f8    00000034     nortos_cc13x0.aem3 : SwiP_nortos.oem3 (.text:SwiP_destruct)
                  0000792c    00000034                        : TimerPCC26XX_nortos.oem3 (.text:TimerP_initDevice)
                  00007960    00000032                        : TimerPCC26XX_nortos.oem3 (.text:TimerP_setNextTick)
                  00007992    00000002                        : startup_cc13xx_cc26xx_ccs.oem3 (.text:faultISR)
                  00007994    00000030     driverlib.lib : chipinfo.obj (.text:NOROM_ChipInfo_GetChipType)
                  000079c4    00000030                   : setup_rom.obj (.text:NOROM_SetupSetAonRtcSubSecInc)
                  000079f4    00000030     drivers_cc13x0.aem3 : PowerCC26XX.oem3 (.text:Power_setConstraint)
                  00007a24    00000030     nortos_cc13x0.aem3 : TimerPCC26XX_nortos.oem3 (.text:TimerP_getCurrentTick)
                  00007a54    00000030                        : TimerPCC26XX_nortos.oem3 (.text:TimerP_setThreshold)
                  00007a84    00000030     drivers_cc13x0.aem3 : UARTCC26XX.oem3 (.text:readData2RingBuf)
                  00007ab4    0000002e     rtsv7M3_T_le_eabi.lib : i_tofd_t2.obj (.text)
                  00007ae2    00000002     nortos_cc13x0.aem3 : startup_cc13xx_cc26xx_ccs.oem3 (.text:intDefaultHandler)
                  00007ae4    0000002c                        : HwiPCC26XX_nortos.oem3 (.text:HwiP_dispatch)
                  00007b10    0000002c     driverlib.lib : ddi.obj (.text:NOROM_DDI32RegWrite)
                  00007b3c    0000002c                   : osc.obj (.text:NOROM_OSCClockSourceGet)
                  00007b68    0000002c                   : rfc.obj (.text:NOROM_RFCCpePatchReset)
                  00007b94    0000002c                   : setup_rom.obj (.text:NOROM_SetupGetTrimForRadcExtCfg)
                  00007bc0    0000002c     drivers_cc13x0.aem3 : PINCC26XX.oem3 (.text:PINCC26XX_setMux)
                  00007bec    0000002c     rf_multiMode_cc13x0.aem3 : RFCC26XX_multiMode.oem3 (.text:calculateDeltaTimeUs)
                  00007c18    0000002c                              : RFCC26XX_multiMode.oem3 (.text:executeDirectImmediateCmd)
                  00007c44    0000002c     rtsv7M3_T_le_eabi.lib : unlink.obj (.text)
                  00007c70    00000028     driverlib.lib : aon_batmon.obj (.text:NOROM_AONBatMonTemperatureGetDegC)
                  00007c98    00000028     drivers_cc13x0.aem3 : PowerCC26XX.oem3 (.text:Power_registerNotify)
                  00007cc0    00000028     driverlib.lib : rfc.obj (.text:RFCOverrideSearch)
                  00007ce8    00000028     rf_multiMode_cc13x0.aem3 : RFCC26XX_multiMode.oem3 (.text:RF_runCmd)
                  00007d10    00000028     driverlib.lib : adi.obj (.text:SafeHapiVoid)
                  00007d38    00000028     rtsv7M3_T_le_eabi.lib : lseek.obj (.text)
                  00007d60    00000028                           : write.obj (.text)
                  00007d88    00000024     nortos_cc13x0.aem3 : ClockPTimer_nortos.oem3 (.text:ClockP_getTicks)
                  00007dac    00000024                        : ClockPTimer_nortos.oem3 (.text:ClockP_scheduleNextTick)
                  00007dd0    00000024     driverlib.lib : rfc.obj (.text:NOROM_RFCDoorbellSendTo)
                  00007df4    00000024     nortos_cc13x0.aem3 : TimerPCC26XX_nortos.oem3 (.text:TimerP_getMaxTicks)
                  00007e18    00000024     rf_multiMode_cc13x0.aem3 : RFCC26XX_multiMode.oem3 (.text:allocCmd)
                  00007e3c    00000022     drivers_cc13x0.aem3 : List.oem3 (.text:List_put)
                  00007e5e    00000002     nortos_cc13x0.aem3 : startup_cc13xx_cc26xx_ccs.oem3 (.text:nmiISR)
                  00007e60    00000020                        : ClockPTimer_nortos.oem3 (.text:ClockP_add)
                  00007e80    00000020     driverlib.lib : rfc.obj (.text:NOROM_RFCAdi3VcoLdoVoltageMode)
                  00007ea0    00000020                   : setup_rom.obj (.text:NOROM_SetupGetTrimForXoscHfCtl)
                  00007ec0    00000020     drivers_cc13x0.aem3 : PowerCC26XX.oem3 (.text:Power_unregisterNotify)
                  00007ee0    00000020     RFQueue.obj (.text:RFQueue_nextEntry)
                  00007f00    00000020     rf_multiMode_cc13x0.aem3 : RFCC26XX_multiMode.oem3 (.text:clkPowerUpFxn)
                  00007f20    00000020                              : RFCC26XX_multiMode.oem3 (.text:hwiFxnCpe0ChangePhy)
                  00007f40    00000020                              : RFCC26XX_multiMode.oem3 (.text:ratIsRunning)
                  00007f60    00000020     rtsv7M3_T_le_eabi.lib : memchr.obj (.text)
                  00007f80    0000001e     drivers_cc13x0.aem3 : PINCC26XX.oem3 (.text:PIN_close)
                  00007f9e    0000001e                         : PowerCC26XX.oem3 (.text:Power_getTransitionLatency)
                  00007fbc    0000001e     nortos_cc13x0.aem3 : SemaphoreP_nortos.oem3 (.text:SemaphoreP_constructBinary)
                  00007fda    00000002     rtsv7M3_T_le_eabi.lib : mpu_init.obj (.text)
                  00007fdc    0000001c     nortos_cc13x0.aem3 : HwiPCC26XX_nortos.oem3 (.text:HwiP_destruct)
                  00007ff8    0000001c     driverlib.lib : chipinfo.obj (.text:NOROM_ChipInfo_GetChipFamily)
                  00008014    0000001c                   : setup_rom.obj (.text:NOROM_SetupGetTrimForAmpcompTh2)
                  00008030    0000001c                   : setup_rom.obj (.text:NOROM_SetupGetTrimForRcOscLfRtuneCtuneTrim)
                  0000804c    0000001c     drivers_cc13x0.aem3 : PINCC26XX.oem3 (.text:PINCC26XX_setIoCfgMux)
                  00008068    0000001c                         : PINCC26XX.oem3 (.text:PIN_hwi)
                  00008084    0000001c     nortos_cc13x0.aem3 : QueueP_nortos.oem3 (.text:QueueP_put)
                  000080a0    0000001c                        : SwiP_nortos.oem3 (.text:SwiP_disable)
                  000080bc    0000001c                        : SwiP_nortos.oem3 (.text:SwiP_or)
                  000080d8    0000001c                        : TimerPCC26XX_nortos.oem3 (.text:TimerP_dynamicStub)
                  000080f4    0000001c     rf_multiMode_cc13x0.aem3 : RFCC26XX_multiMode.oem3 (.text:clkInactivityFxn)
                  00008110    0000001c     smartrf_settings.obj (.text:enterGenfskCpePatch)
                  0000812c    0000001c     rf_multiMode_cc13x0.aem3 : RFCC26XX_multiMode.oem3 (.text:rfSetConstraint)
                  00008148    0000001a     nortos_cc13x0.aem3 : QueueP_nortos.oem3 (.text:QueueP_get)
                  00008162    0000001a     rtsv7M3_T_le_eabi.lib : memccpy.obj (.text)
                  0000817c    00000018     CC1310_LAUNCHXL.obj (.text:CC1310_LAUNCHXL_initGeneral)
                  00008194    00000018     nortos_cc13x0.aem3 : ClockPTimer_nortos.oem3 (.text:ClockP_destruct)
                  000081ac    00000018                        : ClockPTimer_nortos.oem3 (.text:ClockP_getTimeout)
                  000081c4    00000018                        : HwiPCC26XX_nortos.oem3 (.text:HwiP_inISR)
                  000081dc    00000018     driverlib.lib : aon_rtc.obj (.text:NOROM_AONRTCCurrentCompareValueGet)
                  000081f4    00000018                   : chipinfo.obj (.text:NOROM_ChipInfo_GetPackageType)
                  0000820c    00000018                   : osc.obj (.text:NOROM_OSCHF_TurnOnXosc)
                  00008224    00000018                   : rfc.obj (.text:NOROM_RFCCpeIntGetAndClear)
                  0000823c    00000018                   : setup_rom.obj (.text:NOROM_SetupGetTrimForAdcShModeEn)
                  00008254    00000018                   : setup_rom.obj (.text:NOROM_SetupGetTrimForAdcShVbufEn)
                  0000826c    00000018                   : setup_rom.obj (.text:NOROM_SetupGetTrimForAmpcompTh1)
                  00008284    00000018                   : setup_rom.obj (.text:NOROM_SetupGetTrimForDblrLoopFilterResetVoltage)
                  0000829c    00000018                   : setup_rom.obj (.text:NOROM_SetupGetTrimForRcOscLfIBiasTrim)
                  000082b4    00000018                   : setup_rom.obj (.text:NOROM_SetupGetTrimForXoscLfRegulatorAndCmirrwrRatio)
                  000082cc    00000018     drivers_cc13x0.aem3 : PowerCC26XX.oem3 (.text:Power_idleFunc)
                  000082e4    00000018     rf_multiMode_cc13x0.aem3 : RFCC26XX_multiMode.oem3 (.text:Q_pop)
                  000082fc    00000018     drivers_cc13x0.aem3 : UARTCC26XX.oem3 (.text:UARTCC26XX_init)
                  00008314    00000018                         : UART.oem3 (.text:UART_Params_init)
                  0000832c    00000018     rf_multiMode_cc13x0.aem3 : RFCC26XX_multiMode.oem3 (.text:ratGetChannel)
                  00008344    00000018     rtsv7M3_T_le_eabi.lib : args_main.obj (.text)
                  0000835c    00000018                           : ll_mul_t2.obj (.text)
                  00008374    00000018                           : strcmp.obj (.text)
                  0000838c    00000018     rf_multiMode_cc13x0.aem3 : RFCC26XX_multiMode.oem3 (.text:swiFxnFsm)
                  000083a4    00000018                              : RFCC26XX_multiMode.oem3 (.text:triggDispatcher)
                  000083bc    00000016     nortos_cc13x0.aem3 : HwiPCC26XX_nortos.oem3 (.text:HwiP_setFunc)
                  000083d2    00000016     drivers_cc13x0.aem3 : List.oem3 (.text:List_remove)
                  000083e8    00000016     driverlib.lib : chipinfo.obj (.text:NOROM_ThisLibraryIsFor_CC13x0_HwRev20AndLater_HaltIfViolated)
                  000083fe    00000016     rf_multiMode_cc13x0.aem3 : RFCC26XX_multiMode.oem3 (.text:restartClockTimeout)
                  00008414    00000016     rtsv7M3_T_le_eabi.lib : strchr.obj (.text)
                  0000842a    00000016                           : strcpy.obj (.text)
                  00008440    00000014     driverlib.lib : aon_rtc.obj (.text:NOROM_AONRTCCurrent64BitValueGet)
                  00008454    00000014                   : interrupt.obj (.text:NOROM_IntUnregister)
                  00008468    00000014     drivers_cc13x0.aem3 : PINCC26XX.oem3 (.text:PINCC26XX_getOutputValue)
                  0000847c    00000014                         : PowerCC26XX.oem3 (.text:Power_disablePolicy)
                  00008490    00000014     rf_multiMode_cc13x0.aem3 : RFCC26XX_multiMode.oem3 (.text:RF_Params_init)
                  000084a4    00000014     nortos_cc13x0.aem3 : SwiP_nortos.oem3 (.text:SwiP_handleHwi)
                  000084b8    00000014                        : TimerPCC26XX_nortos.oem3 (.text:TimerP_startup)
                  000084cc    00000014     drivers_cc13x0.aem3 : PowerCC26XX.oem3 (.text:configureRFCoreClocks)
                  000084e0    00000014     nortos_cc13x0.aem3 : startup_cc13xx_cc26xx_ccs.oem3 (.text:resetISR)
                  000084f4    00000014     rf_multiMode_cc13x0.aem3 : RFCC26XX_multiMode.oem3 (.text:rfWaitForAck)
                  00008508    00000014     rtsv7M3_T_le_eabi.lib : _lock.obj (.text)
                  0000851c    00000014                           : strlen.obj (.text)
                  00008530    00000012     nortos_cc13x0.aem3 : HwiPCC26XX_nortos.oem3 (.text:HwiP_Params_init)
                  00008542    00000012     drivers_cc13x0.aem3 : RingBuf.oem3 (.text:RingBuf_construct)
                  00008554    00000012     main_nortos.obj (.text:main)
                  00008566    00000002     rtsv7M3_T_le_eabi.lib : startup.obj (.text)
                  00008568    00000010     nortos_cc13x0.aem3 : ClockPTimer_nortos.oem3 (.text:ClockP_Params_init)
                  00008578    00000010                        : ClockPTimer_nortos.oem3 (.text:ClockP_getCpuFreq)
                  00008588    00000010                        : HwiPCC26XX_nortos.oem3 (.text:HwiP_disable)
                  00008598    00000010                        : HwiPCC26XX_nortos.oem3 (.text:HwiP_enableInterrupt)
                  000085a8    00000010                        : HwiPCC26XX_nortos.oem3 (.text:HwiP_post)
                  000085b8    00000010     driverlib.lib : rfc.obj (.text:NOROM_RFCHwIntGetAndClear)
                  000085c8    00000010                   : rfc.obj (.text:NOROM_RFCRfTrimSet)
                  000085d8    00000010                   : setup_rom.obj (.text:NOROM_SetupGetTrimForXoscHfFastStart)
                  000085e8    00000010                   : setup_rom.obj (.text:NOROM_SetupGetTrimForXoscHfIbiastherm)
                  000085f8    00000010     drivers_cc13x0.aem3 : PINCC26XX.oem3 (.text:PINCC26XX_getPinCount)
                  00008608    00000010     nortos_cc13x0.aem3 : PowerCC26XX_nortos.oem3 (.text:PowerCC26XX_schedulerDisable)
                  00008618    00000010     drivers_cc13x0.aem3 : PowerCC26XX.oem3 (.text:Power_enablePolicy)
                  00008628    00000010     nortos_cc13x0.aem3 : SemaphoreP_nortos.oem3 (.text:SemaphoreP_Params_init)
                  00008638    00000010                        : SwiP_nortos.oem3 (.text:SwiP_Params_init)
                  00008648    00000010                        : TimerPCC26XX_nortos.oem3 (.text:TimerP_Params_init)
                  00008658    00000010     smartrf_settings.obj (.text:applyGenfskPatch)
                  00008668    00000010     rf_multiMode_cc13x0.aem3 : RFCC26XX_multiMode.oem3 (.text:isClientOwner)
                  00008678    00000010                              : RFCC26XX_multiMode.oem3 (.text:rfSubmitCmdWithoutWait)
                  00008688    00000010     drivers_cc13x0.aem3 : UARTCC26XX.oem3 (.text:uartPostNotify)
                  00008698    0000000e     driverlib.lib : vims.obj (.text:NOROM_VIMSModeGet)
                  000086a6    0000000e     nortos_cc13x0.aem3 : QueueP_nortos.oem3 (.text:QueueP_empty)
                  000086b4    0000000e                        : QueueP_nortos.oem3 (.text:QueueP_remove)
                  000086c2    0000000e     rtsv7M3_T_le_eabi.lib : copy_decompress_none.obj (.text:decompress:none)
                  000086d0    0000000c     nortos_cc13x0.aem3 : ClockPTimer_nortos.oem3 (.text:ClockP_doTick)
                  000086dc    0000000c     rf_multiMode_cc13x0.aem3 : RFCC26XX_multiMode.oem3 (.text:FsmNextState)
                  000086e8    0000000c     drivers_cc13x0.aem3 : List.oem3 (.text:List_empty)
                  000086f4    0000000c     driverlib.lib : cpu.obj (.text:NOROM_CPUcpsid)
                  00008700    0000000c                   : cpu.obj (.text:NOROM_CPUcpsie)
                  0000870c    0000000c                   : osc.obj (.text:NOROM_OSC_HPOSCRelativeFrequencyOffsetToRFCoreFormatConvert)
                  00008718    0000000c     nortos_cc13x0.aem3 : PowerCC26XX_nortos.oem3 (.text:PowerCC26XX_schedulerRestore)
                  00008724    0000000c     drivers_cc13x0.aem3 : PowerCC26XX.oem3 (.text:Power_getConstraintMask)
                  00008730    0000000c                         : PowerCC26XX.oem3 (.text:Power_getDependencyCount)
                  0000873c    0000000c     RFQueue.obj (.text:RFQueue_getDataEntry)
                  00008748    0000000c     nortos_cc13x0.aem3 : SwiP_nortos.oem3 (.text:SwiP_getTrigger)
                  00008754    0000000c                        : TimerPCC26XX_nortos.oem3 (.text:TimerP_getFreq)
                  00008760    0000000c     rtsv7M3_T_le_eabi.lib : copy_zero_init.obj (.text:decompress:ZI)
                  0000876c    0000000c     rf_multiMode_cc13x0.aem3 : RFCC26XX_multiMode.oem3 (.text:rfGetConstraint)
                  00008778    00000008     nortos_cc13x0.aem3 : HwiPCC26XX_nortos.oem3 (.text:HwiP_restore)
                  00008780    00000008     drivers_cc13x0.aem3 : UARTCC26XX.oem3 (.text:readSemCallback)
                  00008788    00000008     smartrf_settings.obj (.text:rf_patch_cpe_genfsk)
                  00008790    00000008     rtsv7M3_T_le_eabi.lib : s_copysign.obj (.text)
                  00008798    00000008     drivers_cc13x0.aem3 : UARTCC26XX.oem3 (.text:writeSemCallback)
                  000087a0    00000006     nortos_cc13x0.aem3 : ClockPTimer_nortos.oem3 (.text:ClockP_stop)
                  000087a6    00000006                        : QueueP_nortos.oem3 (.text:QueueP_init)
                  000087ac    00000006     drivers_cc13x0.aem3 : UARTCC26XX.oem3 (.text:UARTCC26XX_readPolling)
                  000087b2    00000006                         : UARTCC26XX.oem3 (.text:UARTCC26XX_writePolling)
                  000087b8    00000006     rf_multiMode_cc13x0.aem3 : RFCC26XX_multiMode.oem3 (.text:clkReqAccessFxn)
                  000087be    00000004     nortos_cc13x0.aem3 : PowerCC26XX_nortos.oem3 (.text:CPUwfi)
                  000087c2    00000004                        : ClockPTimer_nortos.oem3 (.text:ClockP_isActive)
                  000087c6    00000004                        : ClockPTimer_nortos.oem3 (.text:ClockP_setTimeout)
                  000087ca    00000004                        : HwiPCC26XX_nortos.oem3 (.text:HwiP_enable)
                  000087ce    00000004     drivers_cc13x0.aem3 : List.oem3 (.text:List_head)
                  000087d2    00000004                         : List.oem3 (.text:List_next)
                  000087d6    00000004     driverlib.lib : rfc.obj (.text:NOROM_RFCOverrideUpdate)
                  000087da    00000004     drivers_cc13x0.aem3 : PowerCC26XX.oem3 (.text:PowerCC26XX_switchXOSC_HF)
                  000087de    00000004     rf_multiMode_cc13x0.aem3 : RFCC26XX_multiMode.oem3 (.text:Q_peek)
                  000087e2    00000004     nortos_cc13x0.aem3 : QueueP_nortos.oem3 (.text:QueueP_head)
                  000087e6    00000004                        : QueueP_nortos.oem3 (.text:QueueP_next)
                  000087ea    00000004                        : TimerPCC26XX_nortos.oem3 (.text:TimerP_getCount64)
                  000087ee    00000004     drivers_cc13x0.aem3 : PowerCC26XX.oem3 (.text:nopResourceHandler)
                  000087f2    00000004     rtsv7M3_T_le_eabi.lib : pre_init.obj (.text)

.const     0    000087f8    00000c28     
                  000087f8    000006b4     smartrf_settings.obj (.const:patchGenfskRfe)
                  00008eac    000002b0     smartrf_settings.obj (.const:patchImageGenfsk)
                  0000915c    00000101     rtsv7M3_T_le_eabi.lib : ctype.obj (.const:.string:_ctypes_)
                  0000925d    00000001     --HOLE-- [fill = 0]
                  0000925e    0000004c     drivers_cc13x0.aem3 : PowerCC26XX.oem3 (.const:resourceDB)
                  000092aa    00000002     --HOLE-- [fill = 0]
                  000092ac    00000044                         : UARTCC26XX.oem3 (.const:$O1$$)
                  000092f0    0000002c     CC1310_LAUNCHXL.obj (.const:BoardGpioInitTable)
                  0000931c    00000028     drivers_cc13x0.aem3 : UARTCC26XX.oem3 (.const:UARTCC26XX_fxnTable)
                  00009344    00000024                         : UART.oem3 (.const:UART_defaultParams)
                  00009368    00000024     CC1310_LAUNCHXL.obj (.const:uartCC26XXHWAttrs)
                  0000938c    0000001c     rf_multiMode_cc13x0.aem3 : RFCC26XX_multiMode.oem3 (.const:RF_defaultParams)
                  000093a8    00000018     CC1310_LAUNCHXL.obj (.const:PowerCC26XX_config)
                  000093c0    00000018     driverlib.lib : rfc.obj (.const:rfc_defaultIrqAddr)
                  000093d8    00000014     CC1310_LAUNCHXL.obj (.const:GPIOCC26XX_config)
                  000093ec    00000010     nortos_cc13x0.aem3 : SwiP_nortos.oem3 (.const:SwiP_defaultParams)
                  000093fc    0000000c     CC1310_LAUNCHXL.obj (.const:UART_config)
                  00009408    00000009     CC1310_LAUNCHXL.obj (.const)
                  00009411    00000003     --HOLE-- [fill = 0]
                  00009414    00000008     CC1310_LAUNCHXL.obj (.const:PINCC26XX_hwAttrs)
                  0000941c    00000004     CC1310_LAUNCHXL.obj (.const:RFCC26XX_hwAttrs)

.cinit     0    00009428    00000180     
                  00009428    00000148     (.cinit..data.load) [load image, compression = lzss]
                  00009570    0000000c     (__TI_handler_table)
                  0000957c    00000004     --HOLE-- [fill = 0]
                  00009580    00000008     (.cinit..bss.load) [load image, compression = zero_init]
                  00009588    00000008     (.cinit..vtable_ram.load) [load image, compression = zero_init]
                  00009590    00000018     (__TI_cinit_table)

.init_array 
*          0    00000000    00000000     UNINITIALIZED

.ccfg      0    0001ffa8    00000058     
                  0001ffa8    00000058     ccfg.obj (.ccfg:retain)

.bss       0    20000000    0000080d     UNINITIALIZED
                  20000000    00000318     rf_multiMode_cc13x0.aem3 : RFCC26XX_multiMode.oem3 (.bss:$O1$$)
                  20000318    00000128     (.common:uartCC26XXObjects)
                  20000440    00000120     rtsv7M3_T_le_eabi.lib : trgmsg.obj (.bss:_CIOBUF_)
                  20000560    000000c8     rfPacketRx_nortos.obj (.bss:rfObject)
                  20000628    000000a0     (.common:__TI_tmpnams)
                  200006c8    00000058     rfPacketRx_nortos.obj (.bss:rxDataEntryBuffer)
                  20000720    0000003c     nortos_cc13x0.aem3 : SwiP_nortos.oem3 (.bss:$O1$$)
                  2000075c    00000020     rfPacketRx_nortos.obj (.bss:packet)
                  2000077c    00000020     (.common:uartCC26XXRingBuffer)
                  2000079c    00000014     driverlib.lib : osc.obj (.bss:oscHfGlobals)
                  200007b0    00000014     rf_multiMode_cc13x0.aem3 : RFCC26XX_multiMode.oem3 (.bss:ratCmd)
                  200007c4    00000014     rfPacketRx_nortos.obj (.bss)
                  200007d8    0000000d     nortos_cc13x0.aem3 : SwiP_nortos.oem3 (.bss)
                  200007e5    00000002     drivers_cc13x0.aem3 : UARTCC26XX.oem3 (.bss)
                  200007e7    00000001     rf_multiMode_cc13x0.aem3 : RFCC26XX_multiMode.oem3 (.bss)
                  200007e8    00000008     rfPacketRx_nortos.obj (.bss:dataQueue)
                  200007f0    00000008     driverlib.lib : sys_ctrl.obj (.bss:powerQualGlobals)
                  200007f8    00000008     (.common:parmbuf)
                  20000800    00000004     nortos_cc13x0.aem3 : PowerCC26XX_nortos.oem3 (.bss)
                  20000804    00000004     (.common:readEntry)
                  20000808    00000004     (.common:uart)
                  2000080c    00000001     (.common:driverlib_release_0_50218)

.data      0    20000810    000006d6     UNINITIALIZED
                  20000810    00000114     drivers_cc13x0.aem3 : PINCC26XX.oem3 (.data:$O1$$)
                  20000924    00000114                         : PowerCC26XX.oem3 (.data:PowerCC26XX_module)
                  20000a38    000000f0     rtsv7M3_T_le_eabi.lib : defs.obj (.data:_ftable)
                  20000b28    000000d0     nortos_cc13x0.aem3 : HwiPCC26XX_nortos.oem3 (.data:$O1$$)
                  20000bf8    000000c0                        : ClockPTimer_nortos.oem3 (.data:$O1$$)
                  20000cb8    00000078     rtsv7M3_T_le_eabi.lib : write.obj (.data:_device)
                  20000d30    00000058     smartrf_settings.obj (.data:pOverrides)
                  20000d88    00000050     rtsv7M3_T_le_eabi.lib : write.obj (.data:_stream)
                  20000dd8    00000030     nortos_cc13x0.aem3 : TimerPCC26XX_nortos.oem3 (.data:$O1$$)
                  20000e08    00000028     smartrf_settings.obj (.data:RF_cmdPropRadioDivSetup)
                  20000e30    00000024     smartrf_settings.obj (.data:RF_cmdPropRx)
                  20000e54    00000018     smartrf_settings.obj (.data:RF_cmdFs)
                  20000e6c    00000014     CC1310_LAUNCHXL.obj (.data:gpioPinConfigs)
                  20000e80    00000010     smartrf_settings.obj (.data:RF_prop)
                  20000e90    00000010     rtsv7M3_T_le_eabi.lib : defs.obj (.data)
                  20000ea0    0000000c     nortos_cc13x0.aem3 : SemaphoreP_nortos.oem3 (.data:$O1$$)
                  20000eac    0000000c     rtsv7M3_T_le_eabi.lib : exit.obj (.data:$O1$$)
                  20000eb8    0000000c                           : memory.obj (.data:$O1$$)
                  20000ec4    00000008                           : _lock.obj (.data:$O1$$)
                  20000ecc    00000008     CC1310_LAUNCHXL.obj (.data:gpioCallbackFunctions)
                  20000ed4    00000004     rtsv7M3_T_le_eabi.lib : errno.obj (.data)
                  20000ed8    00000004                           : fopen.obj (.data)
                  20000edc    00000004                           : open.obj (.data)
                  20000ee0    00000004                           : stkdepth_vars.obj (.data)
                  20000ee4    00000001     drivers_cc13x0.aem3 : UART.oem3 (.data)
                  20000ee5    00000001     nortos_cc13x0.aem3 : SwiP_nortos.oem3 (.data)

.sysmem    0    20000ee8    00000100     UNINITIALIZED
                  20000ee8    00000008     rtsv7M3_T_le_eabi.lib : memory.obj (.sysmem)
                  20000ef0    000000f8     --HOLE--

.vtable_ram 
*          0    20001000    000000c8     UNINITIALIZED
                  20001000    000000c8     driverlib.lib : interrupt.obj (.vtable_ram)

.stack     0    20004c00    00000400     UNINITIALIZED
                  20004c00    00000400     --HOLE--

.binit     0    00000000    00000000     

.args      0    00009420    00000008     
                  00009420    00000008     --HOLE-- [fill = 0]

MODULE SUMMARY

       Module                            code    ro data   rw data
       ------                            ----    -------   -------
    ./
       rfPacketRx_nortos.obj             720     0         352    
       CC1310_LAUNCHXL.obj               24      157       356    
       RFQueue.obj                       268     0         4      
       ccfg.obj                          0       88        0      
       main_nortos.obj                   18      0         0      
    +--+---------------------------------+-------+---------+---------+
       Total:                            1030    245       712    
                                                                  
    ./smartrf_settings/
       smartrf_settings.obj              446     2404      204    
    +--+---------------------------------+-------+---------+---------+
       Total:                            446     2404      204    
                                                                  
    /Applications/ti/ccsv7/tools/compiler/ti-cgt-arm_16.9.6.LTS/lib/rtsv7M3_T_le_eabi.lib
       _printfi.obj                      4358    0         0      
       memory.obj                        972     0         12     
       ull_div_t2.obj                    500     0         0      
       fopen.obj                         452     0         4      
       fd_add_t2.obj                     438     0         0      
       defs.obj                          0       0         416    
       trgmsg.obj                        104     0         288    
       fd_div_t2.obj                     310     0         0      
       fputs.obj                         308     0         0      
       fd_cmp_t2.obj                     268     0         0      
       ctype.obj                         0       257       0      
       fd_mul_t2.obj                     252     0         0      
       write.obj                         40      0         200    
       setvbuf.obj                       220     0         0      
       s_scalbn.obj                      208     0         0      
       fflush.obj                        200     0         0      
       open.obj                          188     0         4      
       _io_perm.obj                      172     0         0      
       memcpy_t2.obj                     156     0         0      
       fclose.obj                        152     0         0      
       fputc.obj                         152     0         0      
       memset_t2.obj                     122     0         0      
       autoinit.obj                      112     0         0      
       getdevice.obj                     112     0         0      
       printf.obj                        112     0         0      
       copy_decompress_lzss.obj          104     0         0      
       hostlseek.obj                     104     0         0      
       hostopen.obj                      96      0         8      
       hostrename.obj                    104     0         0      
       fseek.obj                         100     0         0      
       exit.obj                          84      0         12     
       close.obj                         92      0         0      
       s_frexp.obj                       92      0         0      
       hostread.obj                      88      0         0      
       hostwrite.obj                     88      0         0      
       ltoa.obj                          84      0         0      
       atoi.obj                          76      0         0      
       cpy_tbl.obj                       76      0         0      
       fd_toi_t2.obj                     72      0         0      
       hostclose.obj                     68      0         0      
       hostunlink.obj                    68      0         0      
       boot.obj                          64      0         0      
       strncpy.obj                       54      0         0      
       i_tofd_t2.obj                     46      0         0      
       unlink.obj                        44      0         0      
       lseek.obj                         40      0         0      
       memchr.obj                        32      0         0      
       _lock.obj                         20      0         8      
       memccpy.obj                       26      0         0      
       args_main.obj                     24      0         0      
       ll_mul_t2.obj                     24      0         0      
       strcmp.obj                        24      0         0      
       strchr.obj                        22      0         0      
       strcpy.obj                        22      0         0      
       strlen.obj                        20      0         0      
       copy_decompress_none.obj          14      0         0      
       copy_zero_init.obj                12      0         0      
       s_copysign.obj                    8       0         0      
       errno.obj                         0       0         4      
       pre_init.obj                      4       0         0      
       stkdepth_vars.obj                 0       0         4      
       mpu_init.obj                      2       0         0      
       startup.obj                       2       0         0      
    +--+---------------------------------+-------+---------+---------+
       Total:                            11808   257       960    
                                                                  
    /Users/andrewphung/ti/simplelink_cc13x0_sdk_1_60_00_21/kernel/nortos/lib/nortos_cc13x0.aem3
       ClockPTimer_nortos.oem3           902     0         192    
       SwiP_nortos.oem3                  704     16        74     
       TimerPCC26XX_nortos.oem3          602     0         48     
       HwiPCC26XX_nortos.oem3            316     0         208    
       SemaphoreP_nortos.oem3            342     0         12     
       PowerCC26XX_nortos.oem3           288     0         4      
       startup_cc13xx_cc26xx_ccs.oem3    26      200       0      
       QueueP_nortos.oem3                96      0         0      
    +--+---------------------------------+-------+---------+---------+
       Total:                            3276    216       538    
                                                                  
    /Users/andrewphung/ti/simplelink_cc13x0_sdk_1_60_00_21/source/ti/devices/cc13x0/driverlib/bin/ccs/driverlib.lib
       setup_rom.obj                     1456    0         0      
       sys_ctrl.obj                      760     0         8      
       rfc.obj                           680     24        0      
       osc.obj                           388     0         20     
       setup.obj                         364     0         0      
       interrupt.obj                     74      0         200    
       chipinfo.obj                      182     0         0      
       aon_rtc.obj                       44      0         0      
       ddi.obj                           44      0         0      
       adi.obj                           40      0         0      
       aon_batmon.obj                    40      0         0      
       cpu.obj                           24      0         0      
       vims.obj                          14      0         0      
       driverlib_release.obj             0       0         1      
    +--+---------------------------------+-------+---------+---------+
       Total:                            4110    24        229    
                                                                  
    /Users/andrewphung/ti/simplelink_cc13x0_sdk_1_60_00_21/source/ti/drivers/lib/drivers_cc13x0.aem3
       UARTCC26XX.oem3                   2592    108       2      
       PowerCC26XX.oem3                  2156    76        276    
       PINCC26XX.oem3                    1314    0         276    
       PowerCC26XX_calibrateRCOSC.oem3   1380    0         0      
       RingBuf.oem3                      148     0         0      
       UART.oem3                         88      36        1      
       GPIOCC26XX.oem3                   84      0         0      
       List.oem3                         76      0         0      
    +--+---------------------------------+-------+---------+---------+
       Total:                            7838    220       555    
                                                                  
    /Users/andrewphung/ti/simplelink_cc13x0_sdk_1_60_00_21/source/ti/drivers/rf/lib/rf_multiMode_cc13x0.aem3
       RFCC26XX_multiMode.oem3           6098    28        813    
    +--+---------------------------------+-------+---------+---------+
       Total:                            6098    28        813    
                                                                  
       Heap:                             0       0         256    
       Stack:                            0       0         1024   
       Linker Generated:                 0       380       0      
    +--+---------------------------------+-------+---------+---------+
       Grand Total:                      34606   3774      5291   


LINKER GENERATED COPY TABLES

__TI_cinit_table @ 00009590 records: 3, size/record: 8, table size: 24
	.data: load addr=00009428, load size=00000148 bytes, run addr=20000810, run size=000006d6 bytes, compression=lzss
	.bss: load addr=00009580, load size=00000008 bytes, run addr=20000000, run size=0000080d bytes, compression=zero_init
	.vtable_ram: load addr=00009588, load size=00000008 bytes, run addr=20001000, run size=000000c8 bytes, compression=zero_init


LINKER GENERATED HANDLER TABLE

__TI_handler_table @ 00009570 records: 3, size/record: 4, table size: 12
	index: 0, handler: __TI_zero_init
	index: 1, handler: __TI_decompress_lzss
	index: 2, handler: __TI_decompress_none


GLOBAL SYMBOLS: SORTED ALPHABETICALLY BY Name 

address   name                                                        
-------   ----                                                        
00009408  ADCBuf_count                                                
00009409  ADC_count                                                   
000092f0  BoardGpioInitTable                                          
00006e41  C$$EXIT                                                     
0000660b  C$$IO$$                                                     
0000817d  CC1310_LAUNCHXL_initGeneral                                 
00008569  ClockP_Params_init                                          
00007e61  ClockP_add                                                  
00007159  ClockP_construct                                            
00008195  ClockP_destruct                                             
000086d1  ClockP_doTick                                               
00008579  ClockP_getCpuFreq                                           
00007d89  ClockP_getTicks                                             
000077f5  ClockP_getTicksUntilInterrupt                               
000081ad  ClockP_getTimeout                                           
000087c3  ClockP_isActive                                             
00007dad  ClockP_scheduleNextTick                                     
000087c7  ClockP_setTimeout                                           
00005cb9  ClockP_start                                                
000053a5  ClockP_startup                                              
000087a1  ClockP_stop                                                 
20000bfc  ClockP_tickPeriod                                           
00005f21  ClockP_walkQueueDynamic                                     
00004fc9  ClockP_workFuncDynamic                                      
0000940a  Display_count                                               
000093d8  GPIOCC26XX_config                                           
00006d45  GPIO_write                                                  
00007341  HOSTclose                                                   
0000650d  HOSTlseek                                                   
000069b5  HOSTopen                                                    
00006c95  HOSTread                                                    
00006575  HOSTrename                                                  
00007385  HOSTunlink                                                  
00006ced  HOSTwrite                                                   
00008531  HwiP_Params_init                                            
00005e31  HwiP_construct                                              
00007fdd  HwiP_destruct                                               
00008589  HwiP_disable                                                
000087cb  HwiP_enable                                                 
00008599  HwiP_enableInterrupt                                        
000081c5  HwiP_inISR                                                  
000085a9  HwiP_post                                                   
00008779  HwiP_restore                                                
000083bd  HwiP_setFunc                                                
20000b2c  HwiP_swiPIntNum                                             
0000940b  I2C_count                                                   
000086e9  List_empty                                                  
000087cf  List_head                                                   
000087d3  List_next                                                   
00007e3d  List_put                                                    
000083d3  List_remove                                                 
00007c71  NOROM_AONBatMonTemperatureGetDegC                           
00008441  NOROM_AONRTCCurrent64BitValueGet                            
000081dd  NOROM_AONRTCCurrentCompareValueGet                          
000086f5  NOROM_CPUcpsid                                              
00008701  NOROM_CPUcpsie                                              
00007ff9  NOROM_ChipInfo_GetChipFamily                                
00007995  NOROM_ChipInfo_GetChipType                                  
000074c9  NOROM_ChipInfo_GetHwRevision                                
000081f5  NOROM_ChipInfo_GetPackageType                               
00007b11  NOROM_DDI32RegWrite                                         
00007829  NOROM_IntRegister                                           
00008455  NOROM_IntUnregister                                         
00007b3d  NOROM_OSCClockSourceGet                                     
000067d5  NOROM_OSCClockSourceSet                                     
00006645  NOROM_OSCHF_AttemptToSwitchToXosc                           
0000785d  NOROM_OSCHF_SwitchToRcOscTurnOffXosc                        
0000820d  NOROM_OSCHF_TurnOnXosc                                      
00007505  NOROM_OSC_HPOSCRelativeFrequencyOffsetGet                   
0000870d  NOROM_OSC_HPOSCRelativeFrequencyOffsetToRFCoreFormatConvert 
00007e81  NOROM_RFCAdi3VcoLdoVoltageMode                              
00008225  NOROM_RFCCpeIntGetAndClear                                  
00007b69  NOROM_RFCCpePatchReset                                      
00007dd1  NOROM_RFCDoorbellSendTo                                     
000085b9  NOROM_RFCHwIntGetAndClear                                   
000087d7  NOROM_RFCOverrideUpdate                                     
00004895  NOROM_RFCRTrim                                              
00004629  NOROM_RFCRfTrimRead                                         
000085c9  NOROM_RFCRfTrimSet                                          
00007541  NOROM_RFCSynthPowerDown                                     
00005119  NOROM_SetupAfterColdResetWakeupFromShutDownCfg1             
00003ff9  NOROM_SetupAfterColdResetWakeupFromShutDownCfg2             
000038a5  NOROM_SetupAfterColdResetWakeupFromShutDownCfg3             
0000823d  NOROM_SetupGetTrimForAdcShModeEn                            
00008255  NOROM_SetupGetTrimForAdcShVbufEn                            
00006235  NOROM_SetupGetTrimForAmpcompCtrl                            
0000826d  NOROM_SetupGetTrimForAmpcompTh1                             
00008015  NOROM_SetupGetTrimForAmpcompTh2                             
0000629d  NOROM_SetupGetTrimForAnabypassValue1                        
00008285  NOROM_SetupGetTrimForDblrLoopFilterResetVoltage             
00007b95  NOROM_SetupGetTrimForRadcExtCfg                             
0000829d  NOROM_SetupGetTrimForRcOscLfIBiasTrim                       
00008031  NOROM_SetupGetTrimForRcOscLfRtuneCtuneTrim                  
00007ea1  NOROM_SetupGetTrimForXoscHfCtl                              
000085d9  NOROM_SetupGetTrimForXoscHfFastStart                        
000085e9  NOROM_SetupGetTrimForXoscHfIbiastherm                       
000082b5  NOROM_SetupGetTrimForXoscLfRegulatorAndCmirrwrRatio         
000079c5  NOROM_SetupSetAonRtcSubSecInc                               
00006ee9  NOROM_SetupSetCacheModeAccordingToCcfgSetting               
00005f95  NOROM_SetupSetVddrLevel                                     
00005071  NOROM_SetupTrimDevice                                       
00006305  NOROM_SysCtrlAdjustRechargeAfterPowerDown                   
00001c6d  NOROM_SysCtrlSetRechargeBeforePowerDown                     
0000636d  NOROM_SysCtrl_DCDC_VoltageConditionalControl                
000083e9  NOROM_ThisLibraryIsFor_CC13x0_HwRev20AndLater_HaltIfViolated
00008699  NOROM_VIMSModeGet                                           
0000940c  NVS_count                                                   
000087cb  NoRTOS_start                                                
000085f9  PINCC26XX_getPinCount                                       
00009414  PINCC26XX_hwAttrs                                           
00007bc1  PINCC26XX_setMux                                            
00007f81  PIN_close                                                   
00008469  PIN_getOutputValue                                          
0000281d  PIN_init                                                    
00005579  PIN_open                                                    
00006c3d  PIN_remove                                                  
00007891  PIN_setConfig                                               
000071a1  PIN_setOutputEnable                                         
0000766d  PIN_setOutputValue                                          
0000940d  PWM_count                                                   
00006a15  PowerCC26XX_RCOSC_clockFunc                                 
00001961  PowerCC26XX_auxISR                                          
00006a71  PowerCC26XX_calibrate                                       
000093a8  PowerCC26XX_config                                          
00002b91  PowerCC26XX_doCalibrate                                     
000061c9  PowerCC26XX_initiateCalibration                             
0000757d  PowerCC26XX_isStableXOSC_HF                                 
20000924  PowerCC26XX_module                                          
00008609  PowerCC26XX_schedulerDisable                                
00008719  PowerCC26XX_schedulerRestore                                
00003d01  PowerCC26XX_standbyPolicy                                   
000087db  PowerCC26XX_switchXOSC_HF                                   
0000847d  Power_disablePolicy                                         
00008619  Power_enablePolicy                                          
00008725  Power_getConstraintMask                                     
00008731  Power_getDependencyCount                                    
00007f9f  Power_getTransitionLatency                                  
000082cd  Power_idleFunc                                              
00003ae5  Power_init                                                  
00007c99  Power_registerNotify                                        
000078c5  Power_releaseConstraint                                     
00004a1d  Power_releaseDependency                                     
000079f5  Power_setConstraint                                         
00004d05  Power_setDependency                                         
00001e95  Power_sleep                                                 
00007ec1  Power_unregisterNotify                                      
000086a7  QueueP_empty                                                
00008149  QueueP_get                                                  
000087e3  QueueP_head                                                 
000087a7  QueueP_init                                                 
000087e7  QueueP_next                                                 
00008085  QueueP_put                                                  
000086b5  QueueP_remove                                               
0000941c  RFCC26XX_hwAttrs                                            
000041d9  RFQueue_defineQueue                                         
0000873d  RFQueue_getDataEntry                                        
00007ee1  RFQueue_nextEntry                                           
00008491  RF_Params_init                                              
20000e54  RF_cmdFs                                                    
20000e08  RF_cmdPropRadioDivSetup                                     
20000e30  RF_cmdPropRx                                                
00006835  RF_getCurrentTime                                           
000022ad  RF_open                                                     
000040e9  RF_pendCmd                                                  
00004b95  RF_postCmd                                                  
20000e80  RF_prop                                                     
00007ce9  RF_runCmd                                                   
00008543  RingBuf_construct                                           
00007489  RingBuf_get                                                 
00007275  RingBuf_put                                                 
UNDEFED   SHT$$INIT_ARRAY$$Base                                       
UNDEFED   SHT$$INIT_ARRAY$$Limit                                      
0000940e  SPI_count                                                   
00007d11  SafeHapiVoid                                                
00008629  SemaphoreP_Params_init                                      
00006f39  SemaphoreP_construct                                        
00007fbd  SemaphoreP_constructBinary                                  
20000ea4  SemaphoreP_defaultParams                                    
00002b8f  SemaphoreP_destruct                                         
00005611  SemaphoreP_pend                                             
000075b9  SemaphoreP_post                                             
00008639  SwiP_Params_init                                            
00004551  SwiP_construct                                              
000078f9  SwiP_destruct                                               
000080a1  SwiP_disable                                                
00005305  SwiP_dispatch                                               
00008749  SwiP_getTrigger                                             
000080bd  SwiP_or                                                     
000063d5  SwiP_post                                                   
000072b9  SwiP_restore                                                
00008649  TimerP_Params_init                                          
00004e6d  TimerP_construct                                            
000080d9  TimerP_dynamicStub                                          
000087eb  TimerP_getCount64                                           
00007a25  TimerP_getCurrentTick                                       
00008755  TimerP_getFreq                                              
00007df5  TimerP_getMaxTicks                                          
0000792d  TimerP_initDevice                                           
00007961  TimerP_setNextTick                                          
00007a55  TimerP_setThreshold                                         
00006009  TimerP_start                                                
000084b9  TimerP_startup                                              
00005901  UARTCC26XX_close                                            
00006895  UARTCC26XX_control                                          
0000931c  UARTCC26XX_fxnTable                                         
00003651  UARTCC26XX_hwiIntFxn                                        
000082fd  UARTCC26XX_init                                             
00003015  UARTCC26XX_open                                             
000039c9  UARTCC26XX_read                                             
000066a9  UARTCC26XX_readCancel                                       
000087ad  UARTCC26XX_readPolling                                      
000076dd  UARTCC26XX_swiIntFxn                                        
00003e01  UARTCC26XX_write                                            
00005a19  UARTCC26XX_writeCancel                                      
000087b3  UARTCC26XX_writePolling                                     
00008315  UART_Params_init                                            
000093fc  UART_config                                                 
0000940f  UART_count                                                  
00009344  UART_defaultParams                                          
00007409  UART_open                                                   
00009410  Watchdog_count                                              
20000440  __CIOBUF_                                                   
20005000  __STACK_END                                                 
00000400  __STACK_SIZE                                                
00000100  __SYSMEM_SIZE                                               
00009590  __TI_CINIT_Base                                             
000095a8  __TI_CINIT_Limit                                            
00009570  __TI_Handler_Table_Base                                     
0000957c  __TI_Handler_Table_Limit                                    
00006079  __TI_auto_init                                              
00002721  __TI_cleanup                                                
20000eac  __TI_cleanup_ptr                                            
00005741  __TI_closefile                                              
0000643d  __TI_decompress_lzss                                        
000086c3  __TI_decompress_none                                        
000047cd  __TI_doflush                                                
20000eb0  __TI_dtors_ptr                                              
20000eb4  __TI_enable_exit_profile_output                             
20000e90  __TI_ft_end                                                 
ffffffff  __TI_pprof_out_hndl                                         
000008f5  __TI_printfi                                                
ffffffff  __TI_prof_data_size                                         
ffffffff  __TI_prof_data_start                                        
00004f7f  __TI_rd_ok                                                  
0000660f  __TI_readmsg                                                
00000000  __TI_static_base__                                          
20000628  __TI_tmpnams                                                
000065dd  __TI_writemsg                                               
00004f1d  __TI_wrt_ok                                                 
00008761  __TI_zero_init                                              
00005b29  __aeabi_cdcmpeq                                             
00005b29  __aeabi_cdcmple                                             
00005baf  __aeabi_cdrcmple                                            
000071e9  __aeabi_d2iz                                                
000029e3  __aeabi_dadd                                                
000032b5  __aeabi_ddiv                                                
00003efd  __aeabi_dmul                                                
000029d9  __aeabi_dsub                                                
00007ab5  __aeabi_i2d                                                 
0000835d  __aeabi_lmul                                                
00005db5  __aeabi_memclr                                              
00005db5  __aeabi_memclr4                                             
00005db5  __aeabi_memclr8                                             
000054dd  __aeabi_memcpy                                              
000054dd  __aeabi_memcpy4                                             
000054dd  __aeabi_memcpy8                                             
00005db7  __aeabi_memset                                              
00005db7  __aeabi_memset4                                             
00005db7  __aeabi_memset8                                             
20000e9c  __aeabi_stderr                                              
20000e94  __aeabi_stdin                                               
20000e98  __aeabi_stdout                                              
000020b9  __aeabi_uldivmod                                            
ffffffff  __binit__                                                   
00009420  __c_args__                                                  
0001ffa8  __ccfg                                                      
00007fdb  __mpu_init                                                  
20004c00  __stack                                                     
00008345  _args_main                                                  
00007449  _c_int00                                                    
0000915c  _ctypes_                                                    
20000cb8  _device                                                     
20000a38  _ftable                                                     
20000ec4  _lock                                                       
00008517  _nop                                                        
0000850f  _register_lock                                              
00008509  _register_unlock                                            
20000d88  _stream                                                     
20000ee8  _sys_memory                                                 
00008567  _system_post_cinit                                          
000087f3  _system_pre_init                                            
20000ec8  _unlock                                                     
00006e45  abort                                                       
000070c1  atoi                                                        
ffffffff  binit                                                       
0000156f  calloc                                                      
000033eb  clkFxn                                                      
00006b29  close                                                       
0000710d  copy_in                                                     
00008791  copysign                                                    
00008791  copysignl                                                   
2000080c  driverlib_release_0_50218                                   
20000ed4  errno                                                       
00006e4d  exit                                                        
000057a7  fclose                                                      
00004819  fflush                                                      
000060e9  finddevice                                                  
00002777  fopen                                                       
000057d9  fputc                                                       
000033ed  fputs                                                       
000012bb  free                                                        
0000274d  freopen                                                     
00006b85  frexp                                                       
00006b85  frexpl                                                      
00006771  fseek                                                       
20001000  g_pfnRAMVectors                                             
00000000  g_pfnVectors                                                
00006113  getdevice                                                   
20000ecc  gpioCallbackFunctions                                       
20000e6c  gpioPinConfigs                                              
000046fd  ldexp                                                       
000046fd  ldexpl                                                      
00007d39  lseek                                                       
00006e95  ltoa                                                        
00008555  main                                                        
00002491  mainThread                                                  
20000ee0  main_func_sp                                                
00001251  malloc                                                      
00001485  memalign                                                    
00008163  memccpy                                                     
00007f61  memchr                                                      
000054dd  memcpy                                                      
00005dbd  memset                                                      
000011d1  minit                                                       
00004ad9  open                                                        
200007f8  parmbuf                                                     
200008a8  pinHandleTable                                              
20000814  pinLowerBound                                               
20000810  pinUpperBound                                               
00006161  printf                                                      
000057d9  putc                                                        
0000585d  putchar                                                     
000034f7  puts                                                        
20000804  readEntry                                                   
0000137b  realloc                                                     
00007c45  remove                                                      
000084e1  resetISR                                                    
0000925e  resourceDB                                                  
0000876d  rfGetConstraint                                             
[...]
00005db7  __aeabi_memset8                                             
00005dbd  memset                                                      
00005e31  HwiP_construct                                              
00005f21  ClockP_walkQueueDynamic                                     
00005f95  NOROM_SetupSetVddrLevel                                     
00006009  TimerP_start                                                
00006079  __TI_auto_init                                              
000060e9  finddevice                                                  
00006113  getdevice                                                   
00006161  printf                                                      
000061c9  PowerCC26XX_initiateCalibration                             
00006235  NOROM_SetupGetTrimForAmpcompCtrl                            
0000629d  NOROM_SetupGetTrimForAnabypassValue1                        
00006305  NOROM_SysCtrlAdjustRechargeAfterPowerDown                   
0000636d  NOROM_SysCtrl_DCDC_VoltageConditionalControl                
000063d5  SwiP_post                                                   
0000643d  __TI_decompress_lzss                                        
0000650d  HOSTlseek                                                   
00006575  HOSTrename                                                  
000065dd  __TI_writemsg                                               
0000660b  C$$IO$$                                                     
0000660f  __TI_readmsg                                                
00006645  NOROM_OSCHF_AttemptToSwitchToXosc                           
000066a9  UARTCC26XX_readCancel                                       
00006771  fseek                                                       
000067d5  NOROM_OSCClockSourceSet                                     
00006835  RF_getCurrentTime                                           
00006895  UARTCC26XX_control                                          
000069b5  HOSTopen                                                    
00006a15  PowerCC26XX_RCOSC_clockFunc                                 
00006a71  PowerCC26XX_calibrate                                       
00006b29  close                                                       
00006b85  frexp                                                       
00006b85  frexpl                                                      
00006c3d  PIN_remove                                                  
00006c95  HOSTread                                                    
00006ced  HOSTwrite                                                   
00006d45  GPIO_write                                                  
00006e41  C$$EXIT                                                     
00006e45  abort                                                       
00006e4d  exit                                                        
00006e95  ltoa                                                        
00006ee9  NOROM_SetupSetCacheModeAccordingToCcfgSetting               
00006f39  SemaphoreP_construct                                        
000070c1  atoi                                                        
0000710d  copy_in                                                     
00007159  ClockP_construct                                            
000071a1  PIN_setOutputEnable                                         
000071e9  __aeabi_d2iz                                                
00007275  RingBuf_put                                                 
000072b9  SwiP_restore                                                
00007341  HOSTclose                                                   
00007385  HOSTunlink                                                  
00007409  UART_open                                                   
00007449  _c_int00                                                    
00007489  RingBuf_get                                                 
000074c9  NOROM_ChipInfo_GetHwRevision                                
00007505  NOROM_OSC_HPOSCRelativeFrequencyOffsetGet                   
00007541  NOROM_RFCSynthPowerDown                                     
0000757d  PowerCC26XX_isStableXOSC_HF                                 
000075b9  SemaphoreP_post                                             
0000766d  PIN_setOutputValue                                          
000076dd  UARTCC26XX_swiIntFxn                                        
0000774d  rfReleaseConstraint                                         
000077bd  strncpy                                                     
000077f5  ClockP_getTicksUntilInterrupt                               
00007829  NOROM_IntRegister                                           
0000785d  NOROM_OSCHF_SwitchToRcOscTurnOffXosc                        
00007891  PIN_setConfig                                               
000078c5  Power_releaseConstraint                                     
000078f9  SwiP_destruct                                               
0000792d  TimerP_initDevice                                           
00007961  TimerP_setNextTick                                          
00007995  NOROM_ChipInfo_GetChipType                                  
000079c5  NOROM_SetupSetAonRtcSubSecInc                               
000079f5  Power_setConstraint                                         
00007a25  TimerP_getCurrentTick                                       
00007a55  TimerP_setThreshold                                         
00007ab5  __aeabi_i2d                                                 
00007b11  NOROM_DDI32RegWrite                                         
00007b3d  NOROM_OSCClockSourceGet                                     
00007b69  NOROM_RFCCpePatchReset                                      
00007b95  NOROM_SetupGetTrimForRadcExtCfg                             
00007bc1  PINCC26XX_setMux                                            
00007c45  remove                                                      
00007c45  unlink                                                      
00007c71  NOROM_AONBatMonTemperatureGetDegC                           
00007c99  Power_registerNotify                                        
00007ce9  RF_runCmd                                                   
00007d11  SafeHapiVoid                                                
00007d39  lseek                                                       
00007d61  write                                                       
00007d89  ClockP_getTicks                                             
00007dad  ClockP_scheduleNextTick                                     
00007dd1  NOROM_RFCDoorbellSendTo                                     
00007df5  TimerP_getMaxTicks                                          
00007e3d  List_put                                                    
00007e61  ClockP_add                                                  
00007e81  NOROM_RFCAdi3VcoLdoVoltageMode                              
00007ea1  NOROM_SetupGetTrimForXoscHfCtl                              
00007ec1  Power_unregisterNotify                                      
00007ee1  RFQueue_nextEntry                                           
00007f61  memchr                                                      
00007f81  PIN_close                                                   
00007f9f  Power_getTransitionLatency                                  
00007fbd  SemaphoreP_constructBinary                                  
00007fdb  __mpu_init                                                  
00007fdd  HwiP_destruct                                               
00007ff9  NOROM_ChipInfo_GetChipFamily                                
00008015  NOROM_SetupGetTrimForAmpcompTh2                             
00008031  NOROM_SetupGetTrimForRcOscLfRtuneCtuneTrim                  
00008085  QueueP_put                                                  
000080a1  SwiP_disable                                                
000080bd  SwiP_or                                                     
000080d9  TimerP_dynamicStub                                          
0000812d  rfSetConstraint                                             
00008149  QueueP_get                                                  
00008163  memccpy                                                     
0000817d  CC1310_LAUNCHXL_initGeneral                                 
00008195  ClockP_destruct                                             
000081ad  ClockP_getTimeout                                           
000081c5  HwiP_inISR                                                  
000081dd  NOROM_AONRTCCurrentCompareValueGet                          
000081f5  NOROM_ChipInfo_GetPackageType                               
0000820d  NOROM_OSCHF_TurnOnXosc                                      
00008225  NOROM_RFCCpeIntGetAndClear                                  
0000823d  NOROM_SetupGetTrimForAdcShModeEn                            
00008255  NOROM_SetupGetTrimForAdcShVbufEn                            
0000826d  NOROM_SetupGetTrimForAmpcompTh1                             
00008285  NOROM_SetupGetTrimForDblrLoopFilterResetVoltage             
0000829d  NOROM_SetupGetTrimForRcOscLfIBiasTrim                       
000082b5  NOROM_SetupGetTrimForXoscLfRegulatorAndCmirrwrRatio         
000082cd  Power_idleFunc                                              
000082fd  UARTCC26XX_init                                             
00008315  UART_Params_init                                            
00008345  _args_main                                                  
0000835d  __aeabi_lmul                                                
00008375  strcmp                                                      
000083bd  HwiP_setFunc                                                
000083d3  List_remove                                                 
000083e9  NOROM_ThisLibraryIsFor_CC13x0_HwRev20AndLater_HaltIfViolated
00008415  strchr                                                      
0000842b  strcpy                                                      
00008441  NOROM_AONRTCCurrent64BitValueGet                            
00008455  NOROM_IntUnregister                                         
00008469  PIN_getOutputValue                                          
0000847d  Power_disablePolicy                                         
00008491  RF_Params_init                                              
000084b9  TimerP_startup                                              
000084e1  resetISR                                                    
00008509  _register_unlock                                            
0000850f  _register_lock                                              
00008517  _nop                                                        
0000851d  strlen                                                      
00008531  HwiP_Params_init                                            
00008543  RingBuf_construct                                           
00008555  main                                                        
00008567  _system_post_cinit                                          
00008569  ClockP_Params_init                                          
00008579  ClockP_getCpuFreq                                           
00008589  HwiP_disable                                                
00008599  HwiP_enableInterrupt                                        
000085a9  HwiP_post                                                   
000085b9  NOROM_RFCHwIntGetAndClear                                   
000085c9  NOROM_RFCRfTrimSet                                          
000085d9  NOROM_SetupGetTrimForXoscHfFastStart                        
000085e9  NOROM_SetupGetTrimForXoscHfIbiastherm                       
000085f9  PINCC26XX_getPinCount                                       
00008609  PowerCC26XX_schedulerDisable                                
00008619  Power_enablePolicy                                          
00008629  SemaphoreP_Params_init                                      
00008639  SwiP_Params_init                                            
00008649  TimerP_Params_init                                          
00008699  NOROM_VIMSModeGet                                           
000086a7  QueueP_empty                                                
000086b5  QueueP_remove                                               
000086c3  __TI_decompress_none                                        
000086d1  ClockP_doTick                                               
000086e9  List_empty                                                  
000086f5  NOROM_CPUcpsid                                              
00008701  NOROM_CPUcpsie                                              
0000870d  NOROM_OSC_HPOSCRelativeFrequencyOffsetToRFCoreFormatConvert 
00008719  PowerCC26XX_schedulerRestore                                
00008725  Power_getConstraintMask                                     
00008731  Power_getDependencyCount                                    
0000873d  RFQueue_getDataEntry                                        
00008749  SwiP_getTrigger                                             
00008755  TimerP_getFreq                                              
00008761  __TI_zero_init                                              
0000876d  rfGetConstraint                                             
00008779  HwiP_restore                                                
00008791  copysign                                                    
00008791  copysignl                                                   
000087a1  ClockP_stop                                                 
000087a7  QueueP_init                                                 
000087ad  UARTCC26XX_readPolling                                      
000087b3  UARTCC26XX_writePolling                                     
000087c3  ClockP_isActive                                             
000087c7  ClockP_setTimeout                                           
000087cb  HwiP_enable                                                 
000087cb  NoRTOS_start                                                
000087cf  List_head                                                   
000087d3  List_next                                                   
000087d7  NOROM_RFCOverrideUpdate                                     
000087db  PowerCC26XX_switchXOSC_HF                                   
000087e3  QueueP_head                                                 
000087e7  QueueP_next                                                 
000087eb  TimerP_getCount64                                           
000087f3  _system_pre_init                                            
0000915c  _ctypes_                                                    
0000925e  resourceDB                                                  
000092f0  BoardGpioInitTable                                          
0000931c  UARTCC26XX_fxnTable                                         
00009344  UART_defaultParams                                          
00009368  uartCC26XXHWAttrs                                           
000093a8  PowerCC26XX_config                                          
000093d8  GPIOCC26XX_config                                           
000093fc  UART_config                                                 
00009408  ADCBuf_count                                                
00009409  ADC_count                                                   
0000940a  Display_count                                               
0000940b  I2C_count                                                   
0000940c  NVS_count                                                   
0000940d  PWM_count                                                   
0000940e  SPI_count                                                   
0000940f  UART_count                                                  
00009410  Watchdog_count                                              
00009414  PINCC26XX_hwAttrs                                           
0000941c  RFCC26XX_hwAttrs                                            
00009420  __c_args__                                                  
00009570  __TI_Handler_Table_Base                                     
0000957c  __TI_Handler_Table_Limit                                    
00009590  __TI_CINIT_Base                                             
000095a8  __TI_CINIT_Limit                                            
0001ffa8  __ccfg                                                      
20000318  uartCC26XXObjects                                           
20000440  __CIOBUF_                                                   
20000628  __TI_tmpnams                                                
2000077c  uartCC26XXRingBuffer                                        
200007f8  parmbuf                                                     
20000804  readEntry                                                   
20000808  uart                                                        
2000080c  driverlib_release_0_50218                                   
20000810  pinUpperBound                                               
20000814  pinLowerBound                                               
200008a8  pinHandleTable                                              
20000924  PowerCC26XX_module                                          
20000a38  _ftable                                                     
20000b2c  HwiP_swiPIntNum                                             
20000bfc  ClockP_tickPeriod                                           
20000cb8  _device                                                     
20000d88  _stream                                                     
20000e08  RF_cmdPropRadioDivSetup                                     
20000e30  RF_cmdPropRx                                                
20000e54  RF_cmdFs                                                    
20000e6c  gpioPinConfigs                                              
20000e80  RF_prop                                                     
20000e90  __TI_ft_end                                                 
20000e94  __aeabi_stdin                                               
20000e98  __aeabi_stdout                                              
20000e9c  __aeabi_stderr                                              
20000ea4  SemaphoreP_defaultParams                                    
20000eac  __TI_cleanup_ptr                                            
20000eb0  __TI_dtors_ptr                                              
20000eb4  __TI_enable_exit_profile_output                             
20000ec4  _lock                                                       
20000ec8  _unlock                                                     
20000ecc  gpioCallbackFunctions                                       
20000ed4  errno                                                       
20000ee0  main_func_sp                                                
20000ee8  _sys_memory                                                 
20001000  g_pfnRAMVectors                                             
20004c00  __stack                                                     
20005000  __STACK_END                                                 
ffffffff  __TI_pprof_out_hndl                                         
ffffffff  __TI_prof_data_size                                         
ffffffff  __TI_prof_data_start                                        
ffffffff  __binit__                                                   
ffffffff  binit                                                       
UNDEFED   SHT$$INIT_ARRAY$$Base                                       
UNDEFED   SHT$$INIT_ARRAY$$Limit                                      

[365 symbols]
