<?xml version="1.0"?>
<link_info>
   <banner>TI ARM Linker Unix v16.9.6.LTS</banner>
   <copyright>Copyright (c) 1996-2017 Texas Instruments Incorporated</copyright>
   <link_time>0x5a6918be</link_time>
   <link_errors>0x0</link_errors>
   <output_file>rfPacketTx_CC1310_LAUNCHXL_nortos_ccs.out</output_file>
   <entry_point>
      <name>resetISR</name>
      <address>0x4dad</address>
   </entry_point>
   <input_file_list>
      <input_file id="fl-2">
         <path>./</path>
         <kind>object</kind>
         <file>CC1310_LAUNCHXL.obj</file>
         <name>CC1310_LAUNCHXL.obj</name>
      </input_file>
      <input_file id="fl-3">
         <path>./</path>
         <kind>object</kind>
         <file>ccfg.obj</file>
         <name>ccfg.obj</name>
      </input_file>
      <input_file id="fl-4">
         <path>./</path>
         <kind>object</kind>
         <file>main_nortos.obj</file>
         <name>main_nortos.obj</name>
      </input_file>
      <input_file id="fl-5">
         <path>./</path>
         <kind>object</kind>
         <file>rfPacketTx_nortos.obj</file>
         <name>rfPacketTx_nortos.obj</name>
      </input_file>
      <input_file id="fl-6">
         <path>./smartrf_settings/</path>
         <kind>object</kind>
         <file>smartrf_settings.obj</file>
         <name>smartrf_settings.obj</name>
      </input_file>
      <input_file id="fl-11">
         <kind>object</kind>
         <file>&lt;internal&gt;</file>
         <name>&lt;internal&gt;</name>
      </input_file>
      <input_file id="fl-12">
         <path>/Users/andrewphung/ti/simplelink_cc13x0_sdk_1_60_00_21/source/ti/display/lib/</path>
         <kind>archive</kind>
         <file>display.aem3</file>
         <name>DisplayUart.oem3</name>
      </input_file>
      <input_file id="fl-13">
         <path>/Users/andrewphung/ti/simplelink_cc13x0_sdk_1_60_00_21/source/ti/drivers/rf/lib/</path>
         <kind>archive</kind>
         <file>rf_multiMode_cc13x0.aem3</file>
         <name>RFCC26XX_multiMode.oem3</name>
      </input_file>
      <input_file id="fl-14">
         <path>/Users/andrewphung/ti/simplelink_cc13x0_sdk_1_60_00_21/source/ti/drivers/lib/</path>
         <kind>archive</kind>
         <file>drivers_cc13x0.aem3</file>
         <name>NVSSPI25X.oem3</name>
      </input_file>
      <input_file id="fl-15">
         <path>/Users/andrewphung/ti/simplelink_cc13x0_sdk_1_60_00_21/source/ti/drivers/lib/</path>
         <kind>archive</kind>
         <file>drivers_cc13x0.aem3</file>
         <name>ADCCC26XX.oem3</name>
      </input_file>
      <input_file id="fl-16">
         <path>/Users/andrewphung/ti/simplelink_cc13x0_sdk_1_60_00_21/source/ti/drivers/lib/</path>
         <kind>archive</kind>
         <file>drivers_cc13x0.aem3</file>
         <name>ADCBufCC26XX.oem3</name>
      </input_file>
      <input_file id="fl-17">
         <path>/Users/andrewphung/ti/simplelink_cc13x0_sdk_1_60_00_21/source/ti/drivers/lib/</path>
         <kind>archive</kind>
         <file>drivers_cc13x0.aem3</file>
         <name>UDMACC26XX.oem3</name>
      </input_file>
      <input_file id="fl-18">
         <path>/Users/andrewphung/ti/simplelink_cc13x0_sdk_1_60_00_21/source/ti/drivers/lib/</path>
         <kind>archive</kind>
         <file>drivers_cc13x0.aem3</file>
         <name>GPIOCC26XX.oem3</name>
      </input_file>
      <input_file id="fl-19">
         <path>/Users/andrewphung/ti/simplelink_cc13x0_sdk_1_60_00_21/source/ti/drivers/lib/</path>
         <kind>archive</kind>
         <file>drivers_cc13x0.aem3</file>
         <name>I2CCC26XX.oem3</name>
      </input_file>
      <input_file id="fl-1a">
         <path>/Users/andrewphung/ti/simplelink_cc13x0_sdk_1_60_00_21/source/ti/drivers/lib/</path>
         <kind>archive</kind>
         <file>drivers_cc13x0.aem3</file>
         <name>NVSCC26XX.oem3</name>
      </input_file>
      <input_file id="fl-1b">
         <path>/Users/andrewphung/ti/simplelink_cc13x0_sdk_1_60_00_21/source/ti/drivers/lib/</path>
         <kind>archive</kind>
         <file>drivers_cc13x0.aem3</file>
         <name>PINCC26XX.oem3</name>
      </input_file>
      <input_file id="fl-1c">
         <path>/Users/andrewphung/ti/simplelink_cc13x0_sdk_1_60_00_21/source/ti/drivers/lib/</path>
         <kind>archive</kind>
         <file>drivers_cc13x0.aem3</file>
         <name>PowerCC26XX.oem3</name>
      </input_file>
      <input_file id="fl-1d">
         <path>/Users/andrewphung/ti/simplelink_cc13x0_sdk_1_60_00_21/source/ti/drivers/lib/</path>
         <kind>archive</kind>
         <file>drivers_cc13x0.aem3</file>
         <name>PowerCC26XX_calibrateRCOSC.oem3</name>
      </input_file>
      <input_file id="fl-1e">
         <path>/Users/andrewphung/ti/simplelink_cc13x0_sdk_1_60_00_21/source/ti/drivers/lib/</path>
         <kind>archive</kind>
         <file>drivers_cc13x0.aem3</file>
         <name>PWMTimerCC26XX.oem3</name>
      </input_file>
      <input_file id="fl-1f">
         <path>/Users/andrewphung/ti/simplelink_cc13x0_sdk_1_60_00_21/source/ti/drivers/lib/</path>
         <kind>archive</kind>
         <file>drivers_cc13x0.aem3</file>
         <name>SPI.oem3</name>
      </input_file>
      <input_file id="fl-20">
         <path>/Users/andrewphung/ti/simplelink_cc13x0_sdk_1_60_00_21/source/ti/drivers/lib/</path>
         <kind>archive</kind>
         <file>drivers_cc13x0.aem3</file>
         <name>SPICC26XXDMA.oem3</name>
      </input_file>
      <input_file id="fl-21">
         <path>/Users/andrewphung/ti/simplelink_cc13x0_sdk_1_60_00_21/source/ti/drivers/lib/</path>
         <kind>archive</kind>
         <file>drivers_cc13x0.aem3</file>
         <name>GPTimerCC26XX.oem3</name>
      </input_file>
      <input_file id="fl-22">
         <path>/Users/andrewphung/ti/simplelink_cc13x0_sdk_1_60_00_21/source/ti/drivers/lib/</path>
         <kind>archive</kind>
         <file>drivers_cc13x0.aem3</file>
         <name>UART.oem3</name>
      </input_file>
      <input_file id="fl-23">
         <path>/Users/andrewphung/ti/simplelink_cc13x0_sdk_1_60_00_21/source/ti/drivers/lib/</path>
         <kind>archive</kind>
         <file>drivers_cc13x0.aem3</file>
         <name>UARTCC26XX.oem3</name>
      </input_file>
      <input_file id="fl-24">
         <path>/Users/andrewphung/ti/simplelink_cc13x0_sdk_1_60_00_21/source/ti/drivers/lib/</path>
         <kind>archive</kind>
         <file>drivers_cc13x0.aem3</file>
         <name>WatchdogCC26XX.oem3</name>
      </input_file>
      <input_file id="fl-25">
         <path>/Users/andrewphung/ti/simplelink_cc13x0_sdk_1_60_00_21/source/ti/drivers/lib/</path>
         <kind>archive</kind>
         <file>drivers_cc13x0.aem3</file>
         <name>List.oem3</name>
      </input_file>
      <input_file id="fl-26">
         <path>/Users/andrewphung/ti/simplelink_cc13x0_sdk_1_60_00_21/source/ti/drivers/lib/</path>
         <kind>archive</kind>
         <file>drivers_cc13x0.aem3</file>
         <name>RingBuf.oem3</name>
      </input_file>
      <input_file id="fl-27">
         <path>/Users/andrewphung/ti/simplelink_cc13x0_sdk_1_60_00_21/source/ti/drivers/lib/</path>
         <kind>archive</kind>
         <file>drivers_cc13x0.aem3</file>
         <name>ADCBuf.oem3</name>
      </input_file>
      <input_file id="fl-28">
         <path>/Users/andrewphung/ti/simplelink_cc13x0_sdk_1_60_00_21/kernel/nortos/lib/</path>
         <kind>archive</kind>
         <file>nortos_cc13x0.aem3</file>
         <name>NoRTOS.oem3</name>
      </input_file>
      <input_file id="fl-29">
         <path>/Users/andrewphung/ti/simplelink_cc13x0_sdk_1_60_00_21/kernel/nortos/lib/</path>
         <kind>archive</kind>
         <file>nortos_cc13x0.aem3</file>
         <name>SemaphoreP_nortos.oem3</name>
      </input_file>
      <input_file id="fl-2a">
         <path>/Users/andrewphung/ti/simplelink_cc13x0_sdk_1_60_00_21/kernel/nortos/lib/</path>
         <kind>archive</kind>
         <file>nortos_cc13x0.aem3</file>
         <name>SwiP_nortos.oem3</name>
      </input_file>
      <input_file id="fl-2b">
         <path>/Users/andrewphung/ti/simplelink_cc13x0_sdk_1_60_00_21/kernel/nortos/lib/</path>
         <kind>archive</kind>
         <file>nortos_cc13x0.aem3</file>
         <name>SystemP_nortos.oem3</name>
      </input_file>
      <input_file id="fl-2c">
         <path>/Users/andrewphung/ti/simplelink_cc13x0_sdk_1_60_00_21/kernel/nortos/lib/</path>
         <kind>archive</kind>
         <file>nortos_cc13x0.aem3</file>
         <name>ClockPTimer_nortos.oem3</name>
      </input_file>
      <input_file id="fl-2d">
         <path>/Users/andrewphung/ti/simplelink_cc13x0_sdk_1_60_00_21/kernel/nortos/lib/</path>
         <kind>archive</kind>
         <file>nortos_cc13x0.aem3</file>
         <name>TimerPCC26XX_nortos.oem3</name>
      </input_file>
      <input_file id="fl-2e">
         <path>/Users/andrewphung/ti/simplelink_cc13x0_sdk_1_60_00_21/kernel/nortos/lib/</path>
         <kind>archive</kind>
         <file>nortos_cc13x0.aem3</file>
         <name>HwiPCC26XX_nortos.oem3</name>
      </input_file>
      <input_file id="fl-2f">
         <path>/Users/andrewphung/ti/simplelink_cc13x0_sdk_1_60_00_21/kernel/nortos/lib/</path>
         <kind>archive</kind>
         <file>nortos_cc13x0.aem3</file>
         <name>PowerCC26XX_nortos.oem3</name>
      </input_file>
      <input_file id="fl-30">
         <path>/Users/andrewphung/ti/simplelink_cc13x0_sdk_1_60_00_21/kernel/nortos/lib/</path>
         <kind>archive</kind>
         <file>nortos_cc13x0.aem3</file>
         <name>startup_cc13xx_cc26xx_ccs.oem3</name>
      </input_file>
      <input_file id="fl-31">
         <path>/Users/andrewphung/ti/simplelink_cc13x0_sdk_1_60_00_21/kernel/nortos/lib/</path>
         <kind>archive</kind>
         <file>nortos_cc13x0.aem3</file>
         <name>QueueP_nortos.oem3</name>
      </input_file>
      <input_file id="fl-32">
         <path>/Users/andrewphung/ti/simplelink_cc13x0_sdk_1_60_00_21/source/ti/devices/cc13x0/driverlib/bin/ccs/</path>
         <kind>archive</kind>
         <file>driverlib.lib</file>
         <name>adi.obj</name>
      </input_file>
      <input_file id="fl-33">
         <path>/Users/andrewphung/ti/simplelink_cc13x0_sdk_1_60_00_21/source/ti/devices/cc13x0/driverlib/bin/ccs/</path>
         <kind>archive</kind>
         <file>driverlib.lib</file>
         <name>aon_batmon.obj</name>
      </input_file>
      <input_file id="fl-34">
         <path>/Users/andrewphung/ti/simplelink_cc13x0_sdk_1_60_00_21/source/ti/devices/cc13x0/driverlib/bin/ccs/</path>
         <kind>archive</kind>
         <file>driverlib.lib</file>
         <name>aon_rtc.obj</name>
      </input_file>
      <input_file id="fl-35">
         <path>/Users/andrewphung/ti/simplelink_cc13x0_sdk_1_60_00_21/source/ti/devices/cc13x0/driverlib/bin/ccs/</path>
         <kind>archive</kind>
         <file>driverlib.lib</file>
         <name>aux_adc.obj</name>
      </input_file>
      <input_file id="fl-36">
         <path>/Users/andrewphung/ti/simplelink_cc13x0_sdk_1_60_00_21/source/ti/devices/cc13x0/driverlib/bin/ccs/</path>
         <kind>archive</kind>
         <file>driverlib.lib</file>
         <name>chipinfo.obj</name>
      </input_file>
      <input_file id="fl-37">
         <path>/Users/andrewphung/ti/simplelink_cc13x0_sdk_1_60_00_21/source/ti/devices/cc13x0/driverlib/bin/ccs/</path>
         <kind>archive</kind>
         <file>driverlib.lib</file>
         <name>cpu.obj</name>
      </input_file>
      <input_file id="fl-38">
         <path>/Users/andrewphung/ti/simplelink_cc13x0_sdk_1_60_00_21/source/ti/devices/cc13x0/driverlib/bin/ccs/</path>
         <kind>archive</kind>
         <file>driverlib.lib</file>
         <name>driverlib_release.obj</name>
      </input_file>
      <input_file id="fl-39">
         <path>/Users/andrewphung/ti/simplelink_cc13x0_sdk_1_60_00_21/source/ti/devices/cc13x0/driverlib/bin/ccs/</path>
         <kind>archive</kind>
         <file>driverlib.lib</file>
         <name>flash.obj</name>
      </input_file>
      <input_file id="fl-3a">
         <path>/Users/andrewphung/ti/simplelink_cc13x0_sdk_1_60_00_21/source/ti/devices/cc13x0/driverlib/bin/ccs/</path>
         <kind>archive</kind>
         <file>driverlib.lib</file>
         <name>interrupt.obj</name>
      </input_file>
      <input_file id="fl-3b">
         <path>/Users/andrewphung/ti/simplelink_cc13x0_sdk_1_60_00_21/source/ti/devices/cc13x0/driverlib/bin/ccs/</path>
         <kind>archive</kind>
         <file>driverlib.lib</file>
         <name>osc.obj</name>
      </input_file>
      <input_file id="fl-3c">
         <path>/Users/andrewphung/ti/simplelink_cc13x0_sdk_1_60_00_21/source/ti/devices/cc13x0/driverlib/bin/ccs/</path>
         <kind>archive</kind>
         <file>driverlib.lib</file>
         <name>rfc.obj</name>
      </input_file>
      <input_file id="fl-3d">
         <path>/Users/andrewphung/ti/simplelink_cc13x0_sdk_1_60_00_21/source/ti/devices/cc13x0/driverlib/bin/ccs/</path>
         <kind>archive</kind>
         <file>driverlib.lib</file>
         <name>setup.obj</name>
      </input_file>
      <input_file id="fl-3e">
         <path>/Users/andrewphung/ti/simplelink_cc13x0_sdk_1_60_00_21/source/ti/devices/cc13x0/driverlib/bin/ccs/</path>
         <kind>archive</kind>
         <file>driverlib.lib</file>
         <name>setup_rom.obj</name>
      </input_file>
      <input_file id="fl-3f">
         <path>/Users/andrewphung/ti/simplelink_cc13x0_sdk_1_60_00_21/source/ti/devices/cc13x0/driverlib/bin/ccs/</path>
         <kind>archive</kind>
         <file>driverlib.lib</file>
         <name>sys_ctrl.obj</name>
      </input_file>
      <input_file id="fl-40">
         <path>/Users/andrewphung/ti/simplelink_cc13x0_sdk_1_60_00_21/source/ti/devices/cc13x0/driverlib/bin/ccs/</path>
         <kind>archive</kind>
         <file>driverlib.lib</file>
         <name>vims.obj</name>
      </input_file>
      <input_file id="fl-41">
         <path>/Users/andrewphung/ti/simplelink_cc13x0_sdk_1_60_00_21/source/ti/devices/cc13x0/driverlib/bin/ccs/</path>
         <kind>archive</kind>
         <file>driverlib.lib</file>
         <name>ddi.obj</name>
      </input_file>
      <input_file id="fl-f7">
         <path>/Applications/ti/ccsv7/tools/compiler/ti-cgt-arm_16.9.6.LTS/lib/</path>
         <kind>archive</kind>
         <file>rtsv7M3_T_le_eabi.lib</file>
         <name>boot.obj</name>
      </input_file>
      <input_file id="fl-f8">
         <path>/Applications/ti/ccsv7/tools/compiler/ti-cgt-arm_16.9.6.LTS/lib/</path>
         <kind>archive</kind>
         <file>rtsv7M3_T_le_eabi.lib</file>
         <name>copy_decompress_lzss.obj</name>
      </input_file>
      <input_file id="fl-f9">
         <path>/Applications/ti/ccsv7/tools/compiler/ti-cgt-arm_16.9.6.LTS/lib/</path>
         <kind>archive</kind>
         <file>rtsv7M3_T_le_eabi.lib</file>
         <name>copy_decompress_none.obj</name>
      </input_file>
      <input_file id="fl-fa">
         <path>/Applications/ti/ccsv7/tools/compiler/ti-cgt-arm_16.9.6.LTS/lib/</path>
         <kind>archive</kind>
         <file>rtsv7M3_T_le_eabi.lib</file>
         <name>copy_zero_init.obj</name>
      </input_file>
      <input_file id="fl-fb">
         <path>/Applications/ti/ccsv7/tools/compiler/ti-cgt-arm_16.9.6.LTS/lib/</path>
         <kind>archive</kind>
         <file>rtsv7M3_T_le_eabi.lib</file>
         <name>exit.obj</name>
      </input_file>
      <input_file id="fl-fc">
         <path>/Applications/ti/ccsv7/tools/compiler/ti-cgt-arm_16.9.6.LTS/lib/</path>
         <kind>archive</kind>
         <file>rtsv7M3_T_le_eabi.lib</file>
         <name>fd_add_t2.obj</name>
      </input_file>
      <input_file id="fl-fd">
         <path>/Applications/ti/ccsv7/tools/compiler/ti-cgt-arm_16.9.6.LTS/lib/</path>
         <kind>archive</kind>
         <file>rtsv7M3_T_le_eabi.lib</file>
         <name>fd_cmp_t2.obj</name>
      </input_file>
      <input_file id="fl-fe">
         <path>/Applications/ti/ccsv7/tools/compiler/ti-cgt-arm_16.9.6.LTS/lib/</path>
         <kind>archive</kind>
         <file>rtsv7M3_T_le_eabi.lib</file>
         <name>fd_mul_t2.obj</name>
      </input_file>
      <input_file id="fl-ff">
         <path>/Applications/ti/ccsv7/tools/compiler/ti-cgt-arm_16.9.6.LTS/lib/</path>
         <kind>archive</kind>
         <file>rtsv7M3_T_le_eabi.lib</file>
         <name>fd_toi_t2.obj</name>
      </input_file>
      <input_file id="fl-100">
         <path>/Applications/ti/ccsv7/tools/compiler/ti-cgt-arm_16.9.6.LTS/lib/</path>
         <kind>archive</kind>
         <file>rtsv7M3_T_le_eabi.lib</file>
         <name>fd_tou_t2.obj</name>
      </input_file>
      <input_file id="fl-101">
         <path>/Applications/ti/ccsv7/tools/compiler/ti-cgt-arm_16.9.6.LTS/lib/</path>
         <kind>archive</kind>
         <file>rtsv7M3_T_le_eabi.lib</file>
         <name>i_tofd_t2.obj</name>
      </input_file>
      <input_file id="fl-102">
         <path>/Applications/ti/ccsv7/tools/compiler/ti-cgt-arm_16.9.6.LTS/lib/</path>
         <kind>archive</kind>
         <file>rtsv7M3_T_le_eabi.lib</file>
         <name>ll_mul_t2.obj</name>
      </input_file>
      <input_file id="fl-103">
         <path>/Applications/ti/ccsv7/tools/compiler/ti-cgt-arm_16.9.6.LTS/lib/</path>
         <kind>archive</kind>
         <file>rtsv7M3_T_le_eabi.lib</file>
         <name>memcpy_t2.obj</name>
      </input_file>
      <input_file id="fl-104">
         <path>/Applications/ti/ccsv7/tools/compiler/ti-cgt-arm_16.9.6.LTS/lib/</path>
         <kind>archive</kind>
         <file>rtsv7M3_T_le_eabi.lib</file>
         <name>memory.obj</name>
      </input_file>
      <input_file id="fl-105">
         <path>/Applications/ti/ccsv7/tools/compiler/ti-cgt-arm_16.9.6.LTS/lib/</path>
         <kind>archive</kind>
         <file>rtsv7M3_T_le_eabi.lib</file>
         <name>memset_t2.obj</name>
      </input_file>
      <input_file id="fl-106">
         <path>/Applications/ti/ccsv7/tools/compiler/ti-cgt-arm_16.9.6.LTS/lib/</path>
         <kind>archive</kind>
         <file>rtsv7M3_T_le_eabi.lib</file>
         <name>mpu_init.obj</name>
      </input_file>
      <input_file id="fl-107">
         <path>/Applications/ti/ccsv7/tools/compiler/ti-cgt-arm_16.9.6.LTS/lib/</path>
         <kind>archive</kind>
         <file>rtsv7M3_T_le_eabi.lib</file>
         <name>pre_init.obj</name>
      </input_file>
      <input_file id="fl-108">
         <path>/Applications/ti/ccsv7/tools/compiler/ti-cgt-arm_16.9.6.LTS/lib/</path>
         <kind>archive</kind>
         <file>rtsv7M3_T_le_eabi.lib</file>
         <name>rand.obj</name>
      </input_file>
      <input_file id="fl-109">
         <path>/Applications/ti/ccsv7/tools/compiler/ti-cgt-arm_16.9.6.LTS/lib/</path>
         <kind>archive</kind>
         <file>rtsv7M3_T_le_eabi.lib</file>
         <name>stkdepth_vars.obj</name>
      </input_file>
      <input_file id="fl-10a">
         <path>/Applications/ti/ccsv7/tools/compiler/ti-cgt-arm_16.9.6.LTS/lib/</path>
         <kind>archive</kind>
         <file>rtsv7M3_T_le_eabi.lib</file>
         <name>strlen.obj</name>
      </input_file>
      <input_file id="fl-10b">
         <path>/Applications/ti/ccsv7/tools/compiler/ti-cgt-arm_16.9.6.LTS/lib/</path>
         <kind>archive</kind>
         <file>rtsv7M3_T_le_eabi.lib</file>
         <name>u_divt2.obj</name>
      </input_file>
      <input_file id="fl-10c">
         <path>/Applications/ti/ccsv7/tools/compiler/ti-cgt-arm_16.9.6.LTS/lib/</path>
         <kind>archive</kind>
         <file>rtsv7M3_T_le_eabi.lib</file>
         <name>ull_div_t2.obj</name>
      </input_file>
      <input_file id="fl-10d">
         <path>/Applications/ti/ccsv7/tools/compiler/ti-cgt-arm_16.9.6.LTS/lib/</path>
         <kind>archive</kind>
         <file>rtsv7M3_T_le_eabi.lib</file>
         <name>_lock.obj</name>
      </input_file>
      <input_file id="fl-10e">
         <path>/Applications/ti/ccsv7/tools/compiler/ti-cgt-arm_16.9.6.LTS/lib/</path>
         <kind>archive</kind>
         <file>rtsv7M3_T_le_eabi.lib</file>
         <name>args_main.obj</name>
      </input_file>
      <input_file id="fl-10f">
         <path>/Applications/ti/ccsv7/tools/compiler/ti-cgt-arm_16.9.6.LTS/lib/</path>
         <kind>archive</kind>
         <file>rtsv7M3_T_le_eabi.lib</file>
         <name>autoinit.obj</name>
      </input_file>
      <input_file id="fl-110">
         <path>/Applications/ti/ccsv7/tools/compiler/ti-cgt-arm_16.9.6.LTS/lib/</path>
         <kind>archive</kind>
         <file>rtsv7M3_T_le_eabi.lib</file>
         <name>cpy_tbl.obj</name>
      </input_file>
      <input_file id="fl-111">
         <path>/Applications/ti/ccsv7/tools/compiler/ti-cgt-arm_16.9.6.LTS/lib/</path>
         <kind>archive</kind>
         <file>rtsv7M3_T_le_eabi.lib</file>
         <name>i_div0.obj</name>
      </input_file>
      <input_file id="fl-112">
         <path>/Applications/ti/ccsv7/tools/compiler/ti-cgt-arm_16.9.6.LTS/lib/</path>
         <kind>archive</kind>
         <file>rtsv7M3_T_le_eabi.lib</file>
         <name>startup.obj</name>
      </input_file>
   </input_file_list>
   <object_component_list>
      <object_component id="oc-15">
         <name>.intvecs</name>
         <load_address>0x0</load_address>
         <run_address>0x0</run_address>
         <size>0xc8</size>
         <input_file_ref idref="fl-30"/>
      </object_component>
      <object_component id="oc-629">
         <name>.text:fsmActiveState</name>
         <load_address>0xc8</load_address>
         <run_address>0xc8</run_address>
         <size>0x3c4</size>
         <input_file_ref idref="fl-13"/>
      </object_component>
      <object_component id="oc-742">
         <name>.text:PowerCC26XX_auxISR</name>
         <load_address>0x48c</load_address>
         <run_address>0x48c</run_address>
         <size>0x30c</size>
         <input_file_ref idref="fl-1d"/>
      </object_component>
      <object_component id="oc-8d8">
         <name>.text:NOROM_SysCtrlSetRechargeBeforePowerDown</name>
         <load_address>0x798</load_address>
         <run_address>0x798</run_address>
         <size>0x228</size>
         <input_file_ref idref="fl-3f"/>
      </object_component>
      <object_component id="oc-71d">
         <name>.text:Power_sleep</name>
         <load_address>0x9c0</load_address>
         <run_address>0x9c0</run_address>
         <size>0x224</size>
         <input_file_ref idref="fl-1c"/>
      </object_component>
      <object_component id="oc-6fb">
         <name>.text</name>
         <load_address>0xbe4</load_address>
         <run_address>0xbe4</run_address>
         <size>0x1f4</size>
         <input_file_ref idref="fl-10c"/>
      </object_component>
      <object_component id="oc-239">
         <name>.text:RF_open</name>
         <load_address>0xdd8</load_address>
         <run_address>0xdd8</run_address>
         <size>0x1e4</size>
         <input_file_ref idref="fl-13"/>
      </object_component>
      <object_component id="oc-1d7">
         <name>.text:mainThread</name>
         <load_address>0xfbc</load_address>
         <run_address>0xfbc</run_address>
         <size>0x1dc</size>
         <input_file_ref idref="fl-5"/>
      </object_component>
      <object_component id="oc-222">
         <name>.text:PIN_init</name>
         <load_address>0x1198</load_address>
         <run_address>0x1198</run_address>
         <size>0x1bc</size>
         <input_file_ref idref="fl-1b"/>
      </object_component>
      <object_component id="oc-730">
         <name>.text:PowerCC26XX_doCalibrate</name>
         <load_address>0x1354</load_address>
         <run_address>0x1354</run_address>
         <size>0x190</size>
         <input_file_ref idref="fl-1d"/>
      </object_component>
      <object_component id="oc-672">
         <name>.text:fsmSetupState</name>
         <load_address>0x14e4</load_address>
         <run_address>0x14e4</run_address>
         <size>0x188</size>
         <input_file_ref idref="fl-13"/>
      </object_component>
      <object_component id="oc-62f">
         <name>.text:hwiFxnCpe0Active</name>
         <load_address>0x166c</load_address>
         <run_address>0x166c</run_address>
         <size>0x16c</size>
         <input_file_ref idref="fl-13"/>
      </object_component>
      <object_component id="oc-66c">
         <name>.text:radioOpDoneCb</name>
         <load_address>0x17d8</load_address>
         <run_address>0x17d8</run_address>
         <size>0x144</size>
         <input_file_ref idref="fl-13"/>
      </object_component>
      <object_component id="oc-823">
         <name>.text:fsmChangePhyState</name>
         <load_address>0x191c</load_address>
         <run_address>0x191c</run_address>
         <size>0x130</size>
         <input_file_ref idref="fl-13"/>
      </object_component>
      <object_component id="oc-413">
         <name>.text:rf_patch_rfe_genfsk</name>
         <load_address>0x1a4c</load_address>
         <run_address>0x1a4c</run_address>
         <size>0x128</size>
         <input_file_ref idref="fl-6"/>
      </object_component>
      <object_component id="oc-112">
         <name>.text:NOROM_SetupAfterColdResetWakeupFromShutDownCfg3</name>
         <load_address>0x1b74</load_address>
         <run_address>0x1b74</run_address>
         <size>0x124</size>
         <input_file_ref idref="fl-3e"/>
      </object_component>
      <object_component id="oc-21c">
         <name>.text:Power_init</name>
         <load_address>0x1c98</load_address>
         <run_address>0x1c98</run_address>
         <size>0x114</size>
         <input_file_ref idref="fl-1c"/>
      </object_component>
      <object_component id="oc-482">
         <name>.text:PowerCC26XX_standbyPolicy</name>
         <load_address>0x1dac</load_address>
         <run_address>0x1dac</run_address>
         <size>0x100</size>
         <input_file_ref idref="fl-2f"/>
      </object_component>
      <object_component id="oc-10c">
         <name>.text:NOROM_SetupAfterColdResetWakeupFromShutDownCfg2</name>
         <load_address>0x1eac</load_address>
         <run_address>0x1eac</run_address>
         <size>0xf0</size>
         <input_file_ref idref="fl-3e"/>
      </object_component>
      <object_component id="oc-3f3">
         <name>.text:RF_pendCmd</name>
         <load_address>0x1f9c</load_address>
         <run_address>0x1f9c</run_address>
         <size>0xf0</size>
         <input_file_ref idref="fl-13"/>
      </object_component>
      <object_component id="oc-3a8">
         <name>.text:fsmPowerUpState</name>
         <load_address>0x208c</load_address>
         <run_address>0x208c</run_address>
         <size>0xe0</size>
         <input_file_ref idref="fl-13"/>
      </object_component>
      <object_component id="oc-2f8">
         <name>.text:PINCC26XX_setIoCfg</name>
         <load_address>0x216c</load_address>
         <run_address>0x216c</run_address>
         <size>0xdc</size>
         <input_file_ref idref="fl-1b"/>
      </object_component>
      <object_component id="oc-316">
         <name>.text:SwiP_construct</name>
         <load_address>0x2248</load_address>
         <run_address>0x2248</run_address>
         <size>0xd8</size>
         <input_file_ref idref="fl-2a"/>
      </object_component>
      <object_component id="oc-846">
         <name>.text:NOROM_RFCRfTrimRead</name>
         <load_address>0x2320</load_address>
         <run_address>0x2320</run_address>
         <size>0xd4</size>
         <input_file_ref idref="fl-3c"/>
      </object_component>
      <object_component id="oc-5f4">
         <name>.text:NOROM_RFCRTrim</name>
         <load_address>0x23f4</load_address>
         <run_address>0x23f4</run_address>
         <size>0xc4</size>
         <input_file_ref idref="fl-3c"/>
      </object_component>
      <object_component id="oc-ba">
         <name>.text:TrimAfterColdResetWakeupFromShutDown</name>
         <load_address>0x24b8</load_address>
         <run_address>0x24b8</run_address>
         <size>0xc4</size>
         <input_file_ref idref="fl-3d"/>
      </object_component>
      <object_component id="oc-81d">
         <name>.text:Power_releaseDependency</name>
         <load_address>0x257c</load_address>
         <run_address>0x257c</run_address>
         <size>0xbc</size>
         <input_file_ref idref="fl-1c"/>
      </object_component>
      <object_component id="oc-23f">
         <name>.text:RF_postCmd</name>
         <load_address>0x2638</load_address>
         <run_address>0x2638</run_address>
         <size>0xb8</size>
         <input_file_ref idref="fl-13"/>
      </object_component>
      <object_component id="oc-623">
         <name>.text:dispatchNextCmd</name>
         <load_address>0x26f0</load_address>
         <run_address>0x26f0</run_address>
         <size>0xb8</size>
         <input_file_ref idref="fl-13"/>
      </object_component>
      <object_component id="oc-2ec">
         <name>.text:Power_setDependency</name>
         <load_address>0x27a8</load_address>
         <run_address>0x27a8</run_address>
         <size>0xb4</size>
         <input_file_ref idref="fl-1c"/>
      </object_component>
      <object_component id="oc-38d">
         <name>.text:swiFxnHw</name>
         <load_address>0x285c</load_address>
         <run_address>0x285c</run_address>
         <size>0xb4</size>
         <input_file_ref idref="fl-13"/>
      </object_component>
      <object_component id="oc-6d2">
         <name>.text:TimerP_construct</name>
         <load_address>0x2910</load_address>
         <run_address>0x2910</run_address>
         <size>0xb0</size>
         <input_file_ref idref="fl-2d"/>
      </object_component>
      <object_component id="oc-6e4">
         <name>.text:ClockP_workFuncDynamic</name>
         <load_address>0x29c0</load_address>
         <run_address>0x29c0</run_address>
         <size>0xa8</size>
         <input_file_ref idref="fl-2c"/>
      </object_component>
      <object_component id="oc-75">
         <name>.text:NOROM_SetupTrimDevice</name>
         <load_address>0x2a68</load_address>
         <run_address>0x2a68</run_address>
         <size>0xa8</size>
         <input_file_ref idref="fl-3d"/>
      </object_component>
      <object_component id="oc-106">
         <name>.text:NOROM_SetupAfterColdResetWakeupFromShutDownCfg1</name>
         <load_address>0x2b10</load_address>
         <run_address>0x2b10</run_address>
         <size>0xa4</size>
         <input_file_ref idref="fl-3e"/>
      </object_component>
      <object_component id="oc-2bf">
         <name>.text:switchXOSCHFclockFunc</name>
         <load_address>0x2bb4</load_address>
         <run_address>0x2bb4</run_address>
         <size>0xa4</size>
         <input_file_ref idref="fl-1c"/>
      </object_component>
      <object_component id="oc-7ad">
         <name>.text:SwiP_dispatch</name>
         <load_address>0x2c58</load_address>
         <run_address>0x2c58</run_address>
         <size>0xa0</size>
         <input_file_ref idref="fl-2a"/>
      </object_component>
      <object_component id="oc-45e">
         <name>.text:ClockP_startup</name>
         <load_address>0x2cf8</load_address>
         <run_address>0x2cf8</run_address>
         <size>0x9c</size>
         <input_file_ref idref="fl-2c"/>
      </object_component>
      <object_component id="oc-681">
         <name>.text:RF_issueRadioFreeCb</name>
         <load_address>0x2d94</load_address>
         <run_address>0x2d94</run_address>
         <size>0x9c</size>
         <input_file_ref idref="fl-13"/>
      </object_component>
      <object_component id="oc-57">
         <name>.text</name>
         <load_address>0x2e30</load_address>
         <run_address>0x2e30</run_address>
         <size>0x9c</size>
         <input_file_ref idref="fl-103"/>
      </object_component>
      <object_component id="oc-233">
         <name>.text:PIN_open</name>
         <load_address>0x2ecc</load_address>
         <run_address>0x2ecc</run_address>
         <size>0x98</size>
         <input_file_ref idref="fl-1b"/>
      </object_component>
      <object_component id="oc-34a">
         <name>.text:SemaphoreP_pend</name>
         <load_address>0x2f64</load_address>
         <run_address>0x2f64</run_address>
         <size>0x98</size>
         <input_file_ref idref="fl-29"/>
      </object_component>
      <object_component id="oc-805">
         <name>.text:calculateDispatchTime</name>
         <load_address>0x2ffc</load_address>
         <run_address>0x2ffc</run_address>
         <size>0x90</size>
         <input_file_ref idref="fl-13"/>
      </object_component>
      <object_component id="oc-61d">
         <name>.text:ratRestartChannels</name>
         <load_address>0x308c</load_address>
         <run_address>0x308c</run_address>
         <size>0x8c</size>
         <input_file_ref idref="fl-13"/>
      </object_component>
      <object_component id="oc-63c">
         <name>.text:ratFreeChannel</name>
         <load_address>0x3118</load_address>
         <run_address>0x3118</run_address>
         <size>0x84</size>
         <input_file_ref idref="fl-13"/>
      </object_component>
      <object_component id="oc-2b0">
         <name>.text:ClockP_start</name>
         <load_address>0x319c</load_address>
         <run_address>0x319c</run_address>
         <size>0x80</size>
         <input_file_ref idref="fl-2c"/>
      </object_component>
      <object_component id="oc-393">
         <name>.text:hwiFxnHw</name>
         <load_address>0x321c</load_address>
         <run_address>0x321c</run_address>
         <size>0x7c</size>
         <input_file_ref idref="fl-13"/>
      </object_component>
      <object_component id="oc-63">
         <name>.text</name>
         <load_address>0x3298</load_address>
         <run_address>0x3298</run_address>
         <size>0x7a</size>
         <input_file_ref idref="fl-105"/>
      </object_component>
      <object_component id="oc-5dc">
         <name>.text:clkFxn</name>
         <load_address>0x3312</load_address>
         <run_address>0x3312</run_address>
         <size>0x2</size>
         <input_file_ref idref="fl-29"/>
      </object_component>
      <object_component id="oc-30a">
         <name>.text:HwiP_construct</name>
         <load_address>0x3314</load_address>
         <run_address>0x3314</run_address>
         <size>0x78</size>
         <input_file_ref idref="fl-2e"/>
      </object_component>
      <object_component id="oc-8a9">
         <name>.text:ClockP_walkQueueDynamic</name>
         <load_address>0x338c</load_address>
         <run_address>0x338c</run_address>
         <size>0x74</size>
         <input_file_ref idref="fl-2c"/>
      </object_component>
      <object_component id="oc-144">
         <name>.text:NOROM_SetupSetVddrLevel</name>
         <load_address>0x3400</load_address>
         <run_address>0x3400</run_address>
         <size>0x74</size>
         <input_file_ref idref="fl-3e"/>
      </object_component>
      <object_component id="oc-957">
         <name>.text:TimerP_start</name>
         <load_address>0x3474</load_address>
         <run_address>0x3474</run_address>
         <size>0x70</size>
         <input_file_ref idref="fl-2d"/>
      </object_component>
      <object_component id="oc-cd">
         <name>.text</name>
         <load_address>0x34e4</load_address>
         <run_address>0x34e4</run_address>
         <size>0x70</size>
         <input_file_ref idref="fl-10f"/>
      </object_component>
      <object_component id="oc-736">
         <name>.text:PowerCC26XX_initiateCalibration</name>
         <load_address>0x3554</load_address>
         <run_address>0x3554</run_address>
         <size>0x6c</size>
         <input_file_ref idref="fl-1d"/>
      </object_component>
      <object_component id="oc-16f">
         <name>.text:NOROM_SetupGetTrimForAmpcompCtrl</name>
         <load_address>0x35c0</load_address>
         <run_address>0x35c0</run_address>
         <size>0x68</size>
         <input_file_ref idref="fl-3e"/>
      </object_component>
      <object_component id="oc-14b">
         <name>.text:NOROM_SetupGetTrimForAnabypassValue1</name>
         <load_address>0x3628</load_address>
         <run_address>0x3628</run_address>
         <size>0x68</size>
         <input_file_ref idref="fl-3e"/>
      </object_component>
      <object_component id="oc-8de">
         <name>.text:NOROM_SysCtrlAdjustRechargeAfterPowerDown</name>
         <load_address>0x3690</load_address>
         <run_address>0x3690</run_address>
         <size>0x68</size>
         <input_file_ref idref="fl-3f"/>
      </object_component>
      <object_component id="oc-70b">
         <name>.text:NOROM_SysCtrl_DCDC_VoltageConditionalControl</name>
         <load_address>0x36f8</load_address>
         <run_address>0x36f8</run_address>
         <size>0x68</size>
         <input_file_ref idref="fl-3f"/>
      </object_component>
      <object_component id="oc-7b4">
         <name>.text:SwiP_post</name>
         <load_address>0x3760</load_address>
         <run_address>0x3760</run_address>
         <size>0x68</size>
         <input_file_ref idref="fl-2a"/>
      </object_component>
      <object_component id="oc-18">
         <name>.text:decompress:lzss</name>
         <load_address>0x37c8</load_address>
         <run_address>0x37c8</run_address>
         <size>0x68</size>
         <input_file_ref idref="fl-f8"/>
      </object_component>
      <object_component id="oc-2c5">
         <name>.text:lfClockReadyCallback</name>
         <load_address>0x3830</load_address>
         <run_address>0x3830</run_address>
         <size>0x68</size>
         <input_file_ref idref="fl-1c"/>
      </object_component>
      <object_component id="oc-49d">
         <name>.text:NOROM_OSCHF_AttemptToSwitchToXosc</name>
         <load_address>0x3898</load_address>
         <run_address>0x3898</run_address>
         <size>0x64</size>
         <input_file_ref idref="fl-3b"/>
      </object_component>
      <object_component id="oc-4bf">
         <name>.text:configureXOSCHF</name>
         <load_address>0x38fc</load_address>
         <run_address>0x38fc</run_address>
         <size>0x64</size>
         <input_file_ref idref="fl-1c"/>
      </object_component>
      <object_component id="oc-1ad">
         <name>.text:NOROM_OSCClockSourceSet</name>
         <load_address>0x3960</load_address>
         <run_address>0x3960</run_address>
         <size>0x60</size>
         <input_file_ref idref="fl-3b"/>
      </object_component>
      <object_component id="oc-245">
         <name>.text:RF_getCurrentTime</name>
         <load_address>0x39c0</load_address>
         <run_address>0x39c0</run_address>
         <size>0x60</size>
         <input_file_ref idref="fl-13"/>
      </object_component>
      <object_component id="oc-885">
         <name>.text:configureGenfskPatch</name>
         <load_address>0x3a20</load_address>
         <run_address>0x3a20</run_address>
         <size>0x60</size>
         <input_file_ref idref="fl-6"/>
      </object_component>
      <object_component id="oc-64a">
         <name>.text:dispatchNextEvent</name>
         <load_address>0x3a80</load_address>
         <run_address>0x3a80</run_address>
         <size>0x60</size>
         <input_file_ref idref="fl-13"/>
      </object_component>
      <object_component id="oc-73c">
         <name>.text:PowerCC26XX_RCOSC_clockFunc</name>
         <load_address>0x3ae0</load_address>
         <run_address>0x3ae0</run_address>
         <size>0x5c</size>
         <input_file_ref idref="fl-1d"/>
      </object_component>
      <object_component id="oc-488">
         <name>.text:PowerCC26XX_calibrate</name>
         <load_address>0x3b3c</load_address>
         <run_address>0x3b3c</run_address>
         <size>0x5c</size>
         <input_file_ref idref="fl-1c"/>
      </object_component>
      <object_component id="oc-387">
         <name>.text:hwiFxnCpe0PowerFsm</name>
         <load_address>0x3b98</load_address>
         <run_address>0x3b98</run_address>
         <size>0x5c</size>
         <input_file_ref idref="fl-13"/>
      </object_component>
      <object_component id="oc-6b0">
         <name>.text:syncCb</name>
         <load_address>0x3bf4</load_address>
         <run_address>0x3bf4</run_address>
         <size>0x5c</size>
         <input_file_ref idref="fl-13"/>
      </object_component>
      <object_component id="oc-68b">
         <name>.text:RF_ieeeExtension</name>
         <load_address>0x3c50</load_address>
         <run_address>0x3c50</run_address>
         <size>0x54</size>
         <input_file_ref idref="fl-13"/>
      </object_component>
      <object_component id="oc-7ec">
         <name>.text:cmdDispatchTime</name>
         <load_address>0x3ca4</load_address>
         <run_address>0x3ca4</run_address>
         <size>0x54</size>
         <input_file_ref idref="fl-13"/>
      </object_component>
      <object_component id="oc-d9">
         <name>.text</name>
         <load_address>0x3cf8</load_address>
         <run_address>0x3cf8</run_address>
         <size>0x54</size>
         <input_file_ref idref="fl-fb"/>
      </object_component>
      <object_component id="oc-b4">
         <name>.text:NOROM_SetupSetCacheModeAccordingToCcfgSetting</name>
         <load_address>0x3d4c</load_address>
         <run_address>0x3d4c</run_address>
         <size>0x50</size>
         <input_file_ref idref="fl-3e"/>
      </object_component>
      <object_component id="oc-4df">
         <name>.text:SemaphoreP_construct</name>
         <load_address>0x3d9c</load_address>
         <run_address>0x3d9c</run_address>
         <size>0x50</size>
         <input_file_ref idref="fl-29"/>
      </object_component>
      <object_component id="oc-840">
         <name>.text:applyRfCorePatch</name>
         <load_address>0x3dec</load_address>
         <run_address>0x3dec</run_address>
         <size>0x50</size>
         <input_file_ref idref="fl-13"/>
      </object_component>
      <object_component id="oc-39f">
         <name>.text:RF_wakeupNotifyFxn</name>
         <load_address>0x3e3c</load_address>
         <run_address>0x3e3c</run_address>
         <size>0x4c</size>
         <input_file_ref idref="fl-13"/>
      </object_component>
      <object_component id="oc-864">
         <name>.text:fsmXOSCState</name>
         <load_address>0x3e88</load_address>
         <run_address>0x3e88</run_address>
         <size>0x4c</size>
         <input_file_ref idref="fl-13"/>
      </object_component>
      <object_component id="oc-11c">
         <name>.text</name>
         <load_address>0x3ed4</load_address>
         <run_address>0x3ed4</run_address>
         <size>0x4c</size>
         <input_file_ref idref="fl-110"/>
      </object_component>
      <object_component id="oc-24b">
         <name>.text</name>
         <load_address>0x3f20</load_address>
         <run_address>0x3f20</run_address>
         <size>0x4c</size>
         <input_file_ref idref="fl-108"/>
      </object_component>
      <object_component id="oc-298">
         <name>.text:ClockP_construct</name>
         <load_address>0x3f6c</load_address>
         <run_address>0x3f6c</run_address>
         <size>0x48</size>
         <input_file_ref idref="fl-2c"/>
      </object_component>
      <object_component id="oc-3d2">
         <name>.text:Q_push</name>
         <load_address>0x3fb4</load_address>
         <run_address>0x3fb4</run_address>
         <size>0x44</size>
         <input_file_ref idref="fl-13"/>
      </object_component>
      <object_component id="oc-6aa">
         <name>.text:SwiP_restore</name>
         <load_address>0x3ff8</load_address>
         <run_address>0x3ff8</run_address>
         <size>0x44</size>
         <input_file_ref idref="fl-2a"/>
      </object_component>
      <object_component id="oc-491">
         <name>.text:notify</name>
         <load_address>0x403c</load_address>
         <run_address>0x403c</run_address>
         <size>0x44</size>
         <input_file_ref idref="fl-1c"/>
      </object_component>
      <object_component id="oc-328">
         <name>.text:PIN_swi</name>
         <load_address>0x4080</load_address>
         <run_address>0x4080</run_address>
         <size>0x40</size>
         <input_file_ref idref="fl-1b"/>
      </object_component>
      <object_component id="oc-7b">
         <name>.text</name>
         <load_address>0x40c0</load_address>
         <run_address>0x40c0</run_address>
         <size>0x40</size>
         <input_file_ref idref="fl-f7"/>
      </object_component>
      <object_component id="oc-fe">
         <name>.text:NOROM_ChipInfo_GetHwRevision</name>
         <load_address>0x4100</load_address>
         <run_address>0x4100</run_address>
         <size>0x3c</size>
         <input_file_ref idref="fl-36"/>
      </object_component>
      <object_component id="oc-8f1">
         <name>.text:NOROM_OSC_HPOSCRelativeFrequencyOffsetGet</name>
         <load_address>0x413c</load_address>
         <run_address>0x413c</run_address>
         <size>0x3c</size>
         <input_file_ref idref="fl-3b"/>
      </object_component>
      <object_component id="oc-817">
         <name>.text:NOROM_RFCSynthPowerDown</name>
         <load_address>0x4178</load_address>
         <run_address>0x4178</run_address>
         <size>0x3c</size>
         <input_file_ref idref="fl-3c"/>
      </object_component>
      <object_component id="oc-858">
         <name>.text:PowerCC26XX_isStableXOSC_HF</name>
         <load_address>0x41b4</load_address>
         <run_address>0x41b4</run_address>
         <size>0x3c</size>
         <input_file_ref idref="fl-1c"/>
      </object_component>
      <object_component id="oc-356">
         <name>.text:SemaphoreP_post</name>
         <load_address>0x41f0</load_address>
         <run_address>0x41f0</run_address>
         <size>0x3c</size>
         <input_file_ref idref="fl-29"/>
      </object_component>
      <object_component id="oc-2a4">
         <name>.text:disableLfClkQualifiersEnableClkLoss</name>
         <load_address>0x422c</load_address>
         <run_address>0x422c</run_address>
         <size>0x3c</size>
         <input_file_ref idref="fl-1c"/>
      </object_component>
      <object_component id="oc-6a4">
         <name>.text:getCmd</name>
         <load_address>0x4268</load_address>
         <run_address>0x4268</run_address>
         <size>0x3c</size>
         <input_file_ref idref="fl-13"/>
      </object_component>
      <object_component id="oc-25d">
         <name>.text:PIN_setOutputValue</name>
         <load_address>0x42a4</load_address>
         <run_address>0x42a4</run_address>
         <size>0x38</size>
         <input_file_ref idref="fl-1b"/>
      </object_component>
      <object_component id="oc-617">
         <name>.text:RF_checkCmdFsError</name>
         <load_address>0x42dc</load_address>
         <run_address>0x42dc</run_address>
         <size>0x38</size>
         <input_file_ref idref="fl-13"/>
      </object_component>
      <object_component id="oc-67a">
         <name>.text:rfReleaseConstraint</name>
         <load_address>0x4314</load_address>
         <run_address>0x4314</run_address>
         <size>0x38</size>
         <input_file_ref idref="fl-13"/>
      </object_component>
      <object_component id="oc-711">
         <name>.text:ClockP_getTicksUntilInterrupt</name>
         <load_address>0x434c</load_address>
         <run_address>0x434c</run_address>
         <size>0x34</size>
         <input_file_ref idref="fl-2c"/>
      </object_component>
      <object_component id="oc-4ed">
         <name>.text:NOROM_IntRegister</name>
         <load_address>0x4380</load_address>
         <run_address>0x4380</run_address>
         <size>0x34</size>
         <input_file_ref idref="fl-3a"/>
      </object_component>
      <object_component id="oc-775">
         <name>.text:NOROM_OSCHF_SwitchToRcOscTurnOffXosc</name>
         <load_address>0x43b4</load_address>
         <run_address>0x43b4</run_address>
         <size>0x34</size>
         <input_file_ref idref="fl-3b"/>
      </object_component>
      <object_component id="oc-350">
         <name>.text:PIN_setConfig</name>
         <load_address>0x43e8</load_address>
         <run_address>0x43e8</run_address>
         <size>0x34</size>
         <input_file_ref idref="fl-1b"/>
      </object_component>
      <object_component id="oc-4a4">
         <name>.text:Power_releaseConstraint</name>
         <load_address>0x441c</load_address>
         <run_address>0x441c</run_address>
         <size>0x34</size>
         <input_file_ref idref="fl-1c"/>
      </object_component>
      <object_component id="oc-894">
         <name>.text:TimerP_initDevice</name>
         <load_address>0x4450</load_address>
         <run_address>0x4450</run_address>
         <size>0x34</size>
         <input_file_ref idref="fl-2d"/>
      </object_component>
      <object_component id="oc-703">
         <name>.text:TimerP_setNextTick</name>
         <load_address>0x4484</load_address>
         <run_address>0x4484</run_address>
         <size>0x32</size>
         <input_file_ref idref="fl-2d"/>
      </object_component>
      <object_component id="oc-3ae">
         <name>.text:defaultCallback</name>
         <load_address>0x44b6</load_address>
         <run_address>0x44b6</run_address>
         <size>0x2</size>
         <input_file_ref idref="fl-13"/>
      </object_component>
      <object_component id="oc-2da">
         <name>.text:NOROM_ChipInfo_GetChipType</name>
         <load_address>0x44b8</load_address>
         <run_address>0x44b8</run_address>
         <size>0x30</size>
         <input_file_ref idref="fl-36"/>
      </object_component>
      <object_component id="oc-1b3">
         <name>.text:NOROM_SetupSetAonRtcSubSecInc</name>
         <load_address>0x44e8</load_address>
         <run_address>0x44e8</run_address>
         <size>0x30</size>
         <input_file_ref idref="fl-3e"/>
      </object_component>
      <object_component id="oc-29e">
         <name>.text:Power_setConstraint</name>
         <load_address>0x4518</load_address>
         <run_address>0x4518</run_address>
         <size>0x30</size>
         <input_file_ref idref="fl-1c"/>
      </object_component>
      <object_component id="oc-46f">
         <name>.text:TimerP_getCurrentTick</name>
         <load_address>0x4548</load_address>
         <run_address>0x4548</run_address>
         <size>0x30</size>
         <input_file_ref idref="fl-2d"/>
      </object_component>
      <object_component id="oc-8bc">
         <name>.text:TimerP_setThreshold</name>
         <load_address>0x4578</load_address>
         <run_address>0x4578</run_address>
         <size>0x30</size>
         <input_file_ref idref="fl-2d"/>
      </object_component>
      <object_component id="oc-4f3">
         <name>.text:HwiP_dispatch</name>
         <load_address>0x45a8</load_address>
         <run_address>0x45a8</run_address>
         <size>0x2c</size>
         <input_file_ref idref="fl-2e"/>
      </object_component>
      <object_component id="oc-151">
         <name>.text:NOROM_DDI32RegWrite</name>
         <load_address>0x45d4</load_address>
         <run_address>0x45d4</run_address>
         <size>0x2c</size>
         <input_file_ref idref="fl-41"/>
      </object_component>
      <object_component id="oc-1a7">
         <name>.text:NOROM_OSCClockSourceGet</name>
         <load_address>0x4600</load_address>
         <run_address>0x4600</run_address>
         <size>0x2c</size>
         <input_file_ref idref="fl-3b"/>
      </object_component>
      <object_component id="oc-93e">
         <name>.text:NOROM_RFCCpePatchReset</name>
         <load_address>0x462c</load_address>
         <run_address>0x462c</run_address>
         <size>0x2c</size>
         <input_file_ref idref="fl-3c"/>
      </object_component>
      <object_component id="oc-199">
         <name>.text:NOROM_SetupGetTrimForRadcExtCfg</name>
         <load_address>0x4658</load_address>
         <run_address>0x4658</run_address>
         <size>0x2c</size>
         <input_file_ref idref="fl-3e"/>
      </object_component>
      <object_component id="oc-926">
         <name>.text:calculateDeltaTimeUs</name>
         <load_address>0x4684</load_address>
         <run_address>0x4684</run_address>
         <size>0x2c</size>
         <input_file_ref idref="fl-13"/>
      </object_component>
      <object_component id="oc-7e5">
         <name>.text:executeDirectImmediateCmd</name>
         <load_address>0x46b0</load_address>
         <run_address>0x46b0</run_address>
         <size>0x2c</size>
         <input_file_ref idref="fl-13"/>
      </object_component>
      <object_component id="oc-8eb">
         <name>.text:NOROM_AONBatMonTemperatureGetDegC</name>
         <load_address>0x46dc</load_address>
         <run_address>0x46dc</run_address>
         <size>0x28</size>
         <input_file_ref idref="fl-33"/>
      </object_component>
      <object_component id="oc-36f">
         <name>.text:Power_registerNotify</name>
         <load_address>0x4704</load_address>
         <run_address>0x4704</run_address>
         <size>0x28</size>
         <input_file_ref idref="fl-1c"/>
      </object_component>
      <object_component id="oc-7d1">
         <name>.text:RFCOverrideSearch</name>
         <load_address>0x472c</load_address>
         <run_address>0x472c</run_address>
         <size>0x28</size>
         <input_file_ref idref="fl-3c"/>
      </object_component>
      <object_component id="oc-251">
         <name>.text:RF_runCmd</name>
         <load_address>0x4754</load_address>
         <run_address>0x4754</run_address>
         <size>0x28</size>
         <input_file_ref idref="fl-13"/>
      </object_component>
      <object_component id="oc-75d">
         <name>.text:SafeHapiVoid</name>
         <load_address>0x477c</load_address>
         <run_address>0x477c</run_address>
         <size>0x28</size>
         <input_file_ref idref="fl-32"/>
      </object_component>
      <object_component id="oc-47b">
         <name>.text:ClockP_getTicks</name>
         <load_address>0x47a4</load_address>
         <run_address>0x47a4</run_address>
         <size>0x24</size>
         <input_file_ref idref="fl-2c"/>
      </object_component>
      <object_component id="oc-475">
         <name>.text:ClockP_scheduleNextTick</name>
         <load_address>0x47c8</load_address>
         <run_address>0x47c8</run_address>
         <size>0x24</size>
         <input_file_ref idref="fl-2c"/>
      </object_component>
      <object_component id="oc-7f2">
         <name>.text:NOROM_RFCDoorbellSendTo</name>
         <load_address>0x47ec</load_address>
         <run_address>0x47ec</run_address>
         <size>0x24</size>
         <input_file_ref idref="fl-3c"/>
      </object_component>
      <object_component id="oc-6d8">
         <name>.text:TimerP_getMaxTicks</name>
         <load_address>0x4810</load_address>
         <run_address>0x4810</run_address>
         <size>0x24</size>
         <input_file_ref idref="fl-2d"/>
      </object_component>
      <object_component id="oc-3c6">
         <name>.text:allocCmd</name>
         <load_address>0x4834</load_address>
         <run_address>0x4834</run_address>
         <size>0x24</size>
         <input_file_ref idref="fl-13"/>
      </object_component>
      <object_component id="oc-5fe">
         <name>.text:List_put</name>
         <load_address>0x4858</load_address>
         <run_address>0x4858</run_address>
         <size>0x22</size>
         <input_file_ref idref="fl-25"/>
      </object_component>
      <object_component id="oc-2b9">
         <name>.text:emptyClockFunc</name>
         <load_address>0x487a</load_address>
         <run_address>0x487a</run_address>
         <size>0x2</size>
         <input_file_ref idref="fl-1c"/>
      </object_component>
      <object_component id="oc-5c4">
         <name>.text:ClockP_add</name>
         <load_address>0x487c</load_address>
         <run_address>0x487c</run_address>
         <size>0x20</size>
         <input_file_ref idref="fl-2c"/>
      </object_component>
      <object_component id="oc-80b">
         <name>.text:NOROM_RFCAdi3VcoLdoVoltageMode</name>
         <load_address>0x489c</load_address>
         <run_address>0x489c</run_address>
         <size>0x20</size>
         <input_file_ref idref="fl-3c"/>
      </object_component>
      <object_component id="oc-181">
         <name>.text:NOROM_SetupGetTrimForXoscHfCtl</name>
         <load_address>0x48bc</load_address>
         <run_address>0x48bc</run_address>
         <size>0x20</size>
         <input_file_ref idref="fl-3e"/>
      </object_component>
      <object_component id="oc-399">
         <name>.text:clkPowerUpFxn</name>
         <load_address>0x48dc</load_address>
         <run_address>0x48dc</run_address>
         <size>0x20</size>
         <input_file_ref idref="fl-13"/>
      </object_component>
      <object_component id="oc-935">
         <name>.text:hwiFxnCpe0ChangePhy</name>
         <load_address>0x48fc</load_address>
         <run_address>0x48fc</run_address>
         <size>0x20</size>
         <input_file_ref idref="fl-13"/>
      </object_component>
      <object_component id="oc-811">
         <name>.text:ratIsRunning</name>
         <load_address>0x491c</load_address>
         <run_address>0x491c</run_address>
         <size>0x20</size>
         <input_file_ref idref="fl-13"/>
      </object_component>
      <object_component id="oc-717">
         <name>.text:Power_getTransitionLatency</name>
         <load_address>0x493c</load_address>
         <run_address>0x493c</run_address>
         <size>0x1e</size>
         <input_file_ref idref="fl-1c"/>
      </object_component>
      <object_component id="oc-2f2">
         <name>.text:SemaphoreP_constructBinary</name>
         <load_address>0x495a</load_address>
         <run_address>0x495a</run_address>
         <size>0x1e</size>
         <input_file_ref idref="fl-29"/>
      </object_component>
      <object_component id="oc-f8">
         <name>.text:NOROM_ChipInfo_GetChipFamily</name>
         <load_address>0x4978</load_address>
         <run_address>0x4978</run_address>
         <size>0x1c</size>
         <input_file_ref idref="fl-36"/>
      </object_component>
      <object_component id="oc-163">
         <name>.text:NOROM_SetupGetTrimForAmpcompTh2</name>
         <load_address>0x4994</load_address>
         <run_address>0x4994</run_address>
         <size>0x1c</size>
         <input_file_ref idref="fl-3e"/>
      </object_component>
      <object_component id="oc-157">
         <name>.text:NOROM_SetupGetTrimForRcOscLfRtuneCtuneTrim</name>
         <load_address>0x49b0</load_address>
         <run_address>0x49b0</run_address>
         <size>0x1c</size>
         <input_file_ref idref="fl-3e"/>
      </object_component>
      <object_component id="oc-2fe">
         <name>.text:PINCC26XX_setIoCfgMux</name>
         <load_address>0x49cc</load_address>
         <run_address>0x49cc</run_address>
         <size>0x1c</size>
         <input_file_ref idref="fl-1b"/>
      </object_component>
      <object_component id="oc-322">
         <name>.text:PIN_hwi</name>
         <load_address>0x49e8</load_address>
         <run_address>0x49e8</run_address>
         <size>0x1c</size>
         <input_file_ref idref="fl-1b"/>
      </object_component>
      <object_component id="oc-464">
         <name>.text:QueueP_put</name>
         <load_address>0x4a04</load_address>
         <run_address>0x4a04</run_address>
         <size>0x1c</size>
         <input_file_ref idref="fl-31"/>
      </object_component>
      <object_component id="oc-69e">
         <name>.text:SwiP_disable</name>
         <load_address>0x4a20</load_address>
         <run_address>0x4a20</run_address>
         <size>0x1c</size>
         <input_file_ref idref="fl-2a"/>
      </object_component>
      <object_component id="oc-51d">
         <name>.text:SwiP_or</name>
         <load_address>0x4a3c</load_address>
         <run_address>0x4a3c</run_address>
         <size>0x1c</size>
         <input_file_ref idref="fl-2a"/>
      </object_component>
      <object_component id="oc-8a0">
         <name>.text:TimerP_dynamicStub</name>
         <load_address>0x4a58</load_address>
         <run_address>0x4a58</run_address>
         <size>0x1c</size>
         <input_file_ref idref="fl-2d"/>
      </object_component>
      <object_component id="oc-3b4">
         <name>.text:clkInactivityFxn</name>
         <load_address>0x4a74</load_address>
         <run_address>0x4a74</run_address>
         <size>0x1c</size>
         <input_file_ref idref="fl-13"/>
      </object_component>
      <object_component id="oc-87f">
         <name>.text:enterGenfskCpePatch</name>
         <load_address>0x4a90</load_address>
         <run_address>0x4a90</run_address>
         <size>0x1c</size>
         <input_file_ref idref="fl-6"/>
      </object_component>
      <object_component id="oc-7df">
         <name>.text:rfSetConstraint</name>
         <load_address>0x4aac</load_address>
         <run_address>0x4aac</run_address>
         <size>0x1c</size>
         <input_file_ref idref="fl-13"/>
      </object_component>
      <object_component id="oc-911">
         <name>.text:QueueP_get</name>
         <load_address>0x4ac8</load_address>
         <run_address>0x4ac8</run_address>
         <size>0x1a</size>
         <input_file_ref idref="fl-31"/>
      </object_component>
      <object_component id="oc-879">
         <name>.text:enterGenfskSysPatch</name>
         <load_address>0x4ae2</load_address>
         <run_address>0x4ae2</run_address>
         <size>0x2</size>
         <input_file_ref idref="fl-6"/>
      </object_component>
      <object_component id="oc-1cb">
         <name>.text:CC1310_LAUNCHXL_initGeneral</name>
         <load_address>0x4ae4</load_address>
         <run_address>0x4ae4</run_address>
         <size>0x18</size>
         <input_file_ref idref="fl-2"/>
      </object_component>
      <object_component id="oc-5d6">
         <name>.text:ClockP_destruct</name>
         <load_address>0x4afc</load_address>
         <run_address>0x4afc</run_address>
         <size>0x18</size>
         <input_file_ref idref="fl-2c"/>
      </object_component>
      <object_component id="oc-651">
         <name>.text:ClockP_getTimeout</name>
         <load_address>0x4b14</load_address>
         <run_address>0x4b14</run_address>
         <size>0x18</size>
         <input_file_ref idref="fl-2c"/>
      </object_component>
      <object_component id="oc-5e7">
         <name>.text:HwiP_inISR</name>
         <load_address>0x4b2c</load_address>
         <run_address>0x4b2c</run_address>
         <size>0x18</size>
         <input_file_ref idref="fl-2e"/>
      </object_component>
      <object_component id="oc-763">
         <name>.text:NOROM_AONRTCCurrentCompareValueGet</name>
         <load_address>0x4b44</load_address>
         <run_address>0x4b44</run_address>
         <size>0x18</size>
         <input_file_ref idref="fl-34"/>
      </object_component>
      <object_component id="oc-2e0">
         <name>.text:NOROM_ChipInfo_GetPackageType</name>
         <load_address>0x4b5c</load_address>
         <run_address>0x4b5c</run_address>
         <size>0x18</size>
         <input_file_ref idref="fl-36"/>
      </object_component>
      <object_component id="oc-76f">
         <name>.text:NOROM_OSCHF_TurnOnXosc</name>
         <load_address>0x4b74</load_address>
         <run_address>0x4b74</run_address>
         <size>0x18</size>
         <input_file_ref idref="fl-3b"/>
      </object_component>
      <object_component id="oc-60b">
         <name>.text:NOROM_RFCCpeIntGetAndClear</name>
         <load_address>0x4b8c</load_address>
         <run_address>0x4b8c</run_address>
         <size>0x18</size>
         <input_file_ref idref="fl-3c"/>
      </object_component>
      <object_component id="oc-175">
         <name>.text:NOROM_SetupGetTrimForAdcShModeEn</name>
         <load_address>0x4ba4</load_address>
         <run_address>0x4ba4</run_address>
         <size>0x18</size>
         <input_file_ref idref="fl-3e"/>
      </object_component>
      <object_component id="oc-17b">
         <name>.text:NOROM_SetupGetTrimForAdcShVbufEn</name>
         <load_address>0x4bbc</load_address>
         <run_address>0x4bbc</run_address>
         <size>0x18</size>
         <input_file_ref idref="fl-3e"/>
      </object_component>
      <object_component id="oc-169">
         <name>.text:NOROM_SetupGetTrimForAmpcompTh1</name>
         <load_address>0x4bd4</load_address>
         <run_address>0x4bd4</run_address>
         <size>0x18</size>
         <input_file_ref idref="fl-3e"/>
      </object_component>
      <object_component id="oc-187">
         <name>.text:NOROM_SetupGetTrimForDblrLoopFilterResetVoltage</name>
         <load_address>0x4bec</load_address>
         <run_address>0x4bec</run_address>
         <size>0x18</size>
         <input_file_ref idref="fl-3e"/>
      </object_component>
      <object_component id="oc-18d">
         <name>.text:NOROM_SetupGetTrimForRcOscLfIBiasTrim</name>
         <load_address>0x4c04</load_address>
         <run_address>0x4c04</run_address>
         <size>0x18</size>
         <input_file_ref idref="fl-3e"/>
      </object_component>
      <object_component id="oc-193">
         <name>.text:NOROM_SetupGetTrimForXoscLfRegulatorAndCmirrwrRatio</name>
         <load_address>0x4c1c</load_address>
         <run_address>0x4c1c</run_address>
         <size>0x18</size>
         <input_file_ref idref="fl-3e"/>
      </object_component>
      <object_component id="oc-7c7">
         <name>.text:Power_idleFunc</name>
         <load_address>0x4c34</load_address>
         <run_address>0x4c34</run_address>
         <size>0x18</size>
         <input_file_ref idref="fl-1c"/>
      </object_component>
      <object_component id="oc-7f8">
         <name>.text:Q_pop</name>
         <load_address>0x4c4c</load_address>
         <run_address>0x4c4c</run_address>
         <size>0x18</size>
         <input_file_ref idref="fl-13"/>
      </object_component>
      <object_component id="oc-636">
         <name>.text:ratGetChannel</name>
         <load_address>0x4c64</load_address>
         <run_address>0x4c64</run_address>
         <size>0x18</size>
         <input_file_ref idref="fl-13"/>
      </object_component>
      <object_component id="oc-d3">
         <name>.text</name>
         <load_address>0x4c7c</load_address>
         <run_address>0x4c7c</run_address>
         <size>0x18</size>
         <input_file_ref idref="fl-10e"/>
      </object_component>
      <object_component id="oc-3e5">
         <name>.text</name>
         <load_address>0x4c94</load_address>
         <run_address>0x4c94</run_address>
         <size>0x18</size>
         <input_file_ref idref="fl-102"/>
      </object_component>
      <object_component id="oc-381">
         <name>.text:swiFxnFsm</name>
         <load_address>0x4cac</load_address>
         <run_address>0x4cac</run_address>
         <size>0x18</size>
         <input_file_ref idref="fl-13"/>
      </object_component>
      <object_component id="oc-3d8">
         <name>.text:triggDispatcher</name>
         <load_address>0x4cc4</load_address>
         <run_address>0x4cc4</run_address>
         <size>0x18</size>
         <input_file_ref idref="fl-13"/>
      </object_component>
      <object_component id="oc-611">
         <name>.text:HwiP_setFunc</name>
         <load_address>0x4cdc</load_address>
         <run_address>0x4cdc</run_address>
         <size>0x16</size>
         <input_file_ref idref="fl-2e"/>
      </object_component>
      <object_component id="oc-ae">
         <name>.text:NOROM_ThisLibraryIsFor_CC13x0_HwRev20AndLater_HaltIfViolated</name>
         <load_address>0x4cf2</load_address>
         <run_address>0x4cf2</run_address>
         <size>0x16</size>
         <input_file_ref idref="fl-36"/>
      </object_component>
      <object_component id="oc-82e">
         <name>.text:restartClockTimeout</name>
         <load_address>0x4d08</load_address>
         <run_address>0x4d08</run_address>
         <size>0x16</size>
         <input_file_ref idref="fl-13"/>
      </object_component>
      <object_component id="oc-3d">
         <name>.text:faultISR</name>
         <load_address>0x4d1e</load_address>
         <run_address>0x4d1e</run_address>
         <size>0x2</size>
         <input_file_ref idref="fl-30"/>
      </object_component>
      <object_component id="oc-3df">
         <name>.text:NOROM_AONRTCCurrent64BitValueGet</name>
         <load_address>0x4d20</load_address>
         <run_address>0x4d20</run_address>
         <size>0x14</size>
         <input_file_ref idref="fl-34"/>
      </object_component>
      <object_component id="oc-257">
         <name>.text:PINCC26XX_getOutputValue</name>
         <load_address>0x4d34</load_address>
         <run_address>0x4d34</run_address>
         <size>0x14</size>
         <input_file_ref idref="fl-1b"/>
      </object_component>
      <object_component id="oc-5ed">
         <name>.text:Power_disablePolicy</name>
         <load_address>0x4d48</load_address>
         <run_address>0x4d48</run_address>
         <size>0x14</size>
         <input_file_ref idref="fl-1c"/>
      </object_component>
      <object_component id="oc-22d">
         <name>.text:RF_Params_init</name>
         <load_address>0x4d5c</load_address>
         <run_address>0x4d5c</run_address>
         <size>0x14</size>
         <input_file_ref idref="fl-13"/>
      </object_component>
      <object_component id="oc-512">
         <name>.text:SwiP_handleHwi</name>
         <load_address>0x4d70</load_address>
         <run_address>0x4d70</run_address>
         <size>0x14</size>
         <input_file_ref idref="fl-2a"/>
      </object_component>
      <object_component id="oc-89a">
         <name>.text:TimerP_startup</name>
         <load_address>0x4d84</load_address>
         <run_address>0x4d84</run_address>
         <size>0x14</size>
         <input_file_ref idref="fl-2d"/>
      </object_component>
      <object_component id="oc-4b9">
         <name>.text:configureRFCoreClocks</name>
         <load_address>0x4d98</load_address>
         <run_address>0x4d98</run_address>
         <size>0x14</size>
         <input_file_ref idref="fl-1c"/>
      </object_component>
      <object_component id="oc-2a">
         <name>.text:resetISR</name>
         <load_address>0x4dac</load_address>
         <run_address>0x4dac</run_address>
         <size>0x14</size>
         <input_file_ref idref="fl-30"/>
      </object_component>
      <object_component id="oc-852">
         <name>.text:rfWaitForAck</name>
         <load_address>0x4dc0</load_address>
         <run_address>0x4dc0</run_address>
         <size>0x14</size>
         <input_file_ref idref="fl-13"/>
      </object_component>
      <object_component id="oc-1e7">
         <name>.text</name>
         <load_address>0x4dd4</load_address>
         <run_address>0x4dd4</run_address>
         <size>0x14</size>
         <input_file_ref idref="fl-10d"/>
      </object_component>
      <object_component id="oc-304">
         <name>.text:HwiP_Params_init</name>
         <load_address>0x4de8</load_address>
         <run_address>0x4de8</run_address>
         <size>0x12</size>
         <input_file_ref idref="fl-2e"/>
      </object_component>
      <object_component id="oc-12a">
         <name>.text:main</name>
         <load_address>0x4dfa</load_address>
         <run_address>0x4dfa</run_address>
         <size>0x12</size>
         <input_file_ref idref="fl-4"/>
      </object_component>
      <object_component id="oc-292">
         <name>.text:ClockP_Params_init</name>
         <load_address>0x4e0c</load_address>
         <run_address>0x4e0c</run_address>
         <size>0x10</size>
         <input_file_ref idref="fl-2c"/>
      </object_component>
      <object_component id="oc-363">
         <name>.text:HwiP_disable</name>
         <load_address>0x4e1c</load_address>
         <run_address>0x4e1c</run_address>
         <size>0x10</size>
         <input_file_ref idref="fl-2e"/>
      </object_component>
      <object_component id="oc-666">
         <name>.text:HwiP_enableInterrupt</name>
         <load_address>0x4e2c</load_address>
         <run_address>0x4e2c</run_address>
         <size>0x10</size>
         <input_file_ref idref="fl-2e"/>
      </object_component>
      <object_component id="oc-834">
         <name>.text:HwiP_post</name>
         <load_address>0x4e3c</load_address>
         <run_address>0x4e3c</run_address>
         <size>0x10</size>
         <input_file_ref idref="fl-2e"/>
      </object_component>
      <object_component id="oc-643">
         <name>.text:NOROM_RFCHwIntGetAndClear</name>
         <load_address>0x4e4c</load_address>
         <run_address>0x4e4c</run_address>
         <size>0x10</size>
         <input_file_ref idref="fl-3c"/>
      </object_component>
      <object_component id="oc-84c">
         <name>.text:NOROM_RFCRfTrimSet</name>
         <load_address>0x4e5c</load_address>
         <run_address>0x4e5c</run_address>
         <size>0x10</size>
         <input_file_ref idref="fl-3c"/>
      </object_component>
      <object_component id="oc-1a1">
         <name>.text:NOROM_SetupGetTrimForXoscHfFastStart</name>
         <load_address>0x4e6c</load_address>
         <run_address>0x4e6c</run_address>
         <size>0x10</size>
         <input_file_ref idref="fl-3e"/>
      </object_component>
      <object_component id="oc-15d">
         <name>.text:NOROM_SetupGetTrimForXoscHfIbiastherm</name>
         <load_address>0x4e7c</load_address>
         <run_address>0x4e7c</run_address>
         <size>0x10</size>
         <input_file_ref idref="fl-3e"/>
      </object_component>
      <object_component id="oc-2e6">
         <name>.text:PINCC26XX_getPinCount</name>
         <load_address>0x4e8c</load_address>
         <run_address>0x4e8c</run_address>
         <size>0x10</size>
         <input_file_ref idref="fl-1b"/>
      </object_component>
      <object_component id="oc-8c6">
         <name>.text:PowerCC26XX_schedulerDisable</name>
         <load_address>0x4e9c</load_address>
         <run_address>0x4e9c</run_address>
         <size>0x10</size>
         <input_file_ref idref="fl-2f"/>
      </object_component>
      <object_component id="oc-5ca">
         <name>.text:Power_enablePolicy</name>
         <load_address>0x4eac</load_address>
         <run_address>0x4eac</run_address>
         <size>0x10</size>
         <input_file_ref idref="fl-1c"/>
      </object_component>
      <object_component id="oc-4d9">
         <name>.text:SemaphoreP_Params_init</name>
         <load_address>0x4ebc</load_address>
         <run_address>0x4ebc</run_address>
         <size>0x10</size>
         <input_file_ref idref="fl-29"/>
      </object_component>
      <object_component id="oc-310">
         <name>.text:SwiP_Params_init</name>
         <load_address>0x4ecc</load_address>
         <run_address>0x4ecc</run_address>
         <size>0x10</size>
         <input_file_ref idref="fl-2a"/>
      </object_component>
      <object_component id="oc-6cc">
         <name>.text:TimerP_Params_init</name>
         <load_address>0x4edc</load_address>
         <run_address>0x4edc</run_address>
         <size>0x10</size>
         <input_file_ref idref="fl-2d"/>
      </object_component>
      <object_component id="oc-6b7">
         <name>.text:applyGenfskPatch</name>
         <load_address>0x4eec</load_address>
         <run_address>0x4eec</run_address>
         <size>0x10</size>
         <input_file_ref idref="fl-6"/>
      </object_component>
      <object_component id="oc-870">
         <name>.text:isClientOwner</name>
         <load_address>0x4efc</load_address>
         <run_address>0x4efc</run_address>
         <size>0x10</size>
         <input_file_ref idref="fl-13"/>
      </object_component>
      <object_component id="oc-660">
         <name>.text:rfSubmitCmdWithoutWait</name>
         <load_address>0x4f0c</load_address>
         <run_address>0x4f0c</run_address>
         <size>0x10</size>
         <input_file_ref idref="fl-13"/>
      </object_component>
      <object_component id="oc-723">
         <name>.text:NOROM_VIMSModeGet</name>
         <load_address>0x4f1c</load_address>
         <run_address>0x4f1c</run_address>
         <size>0xe</size>
         <input_file_ref idref="fl-40"/>
      </object_component>
      <object_component id="oc-917">
         <name>.text:QueueP_empty</name>
         <load_address>0x4f2a</load_address>
         <run_address>0x4f2a</run_address>
         <size>0xe</size>
         <input_file_ref idref="fl-31"/>
      </object_component>
      <object_component id="oc-7bf">
         <name>.text:QueueP_remove</name>
         <load_address>0x4f38</load_address>
         <run_address>0x4f38</run_address>
         <size>0xe</size>
         <input_file_ref idref="fl-31"/>
      </object_component>
      <object_component id="oc-1e">
         <name>.text:decompress:none</name>
         <load_address>0x4f46</load_address>
         <run_address>0x4f46</run_address>
         <size>0xe</size>
         <input_file_ref idref="fl-f9"/>
      </object_component>
      <object_component id="oc-6ea">
         <name>.text:ClockP_doTick</name>
         <load_address>0x4f54</load_address>
         <run_address>0x4f54</run_address>
         <size>0xc</size>
         <input_file_ref idref="fl-2c"/>
      </object_component>
      <object_component id="oc-375">
         <name>.text:FsmNextState</name>
         <load_address>0x4f60</load_address>
         <run_address>0x4f60</run_address>
         <size>0xc</size>
         <input_file_ref idref="fl-13"/>
      </object_component>
      <object_component id="oc-749">
         <name>.text:List_empty</name>
         <load_address>0x4f6c</load_address>
         <run_address>0x4f6c</run_address>
         <size>0xc</size>
         <input_file_ref idref="fl-25"/>
      </object_component>
      <object_component id="oc-6f">
         <name>.text:NOROM_CPUcpsid</name>
         <load_address>0x4f78</load_address>
         <run_address>0x4f78</run_address>
         <size>0xc</size>
         <input_file_ref idref="fl-37"/>
      </object_component>
      <object_component id="oc-1f5">
         <name>.text:NOROM_CPUcpsie</name>
         <load_address>0x4f84</load_address>
         <run_address>0x4f84</run_address>
         <size>0xc</size>
         <input_file_ref idref="fl-37"/>
      </object_component>
      <object_component id="oc-8f7">
         <name>.text:NOROM_OSC_HPOSCRelativeFrequencyOffsetToRFCoreFormatConvert</name>
         <load_address>0x4f90</load_address>
         <run_address>0x4f90</run_address>
         <size>0xc</size>
         <input_file_ref idref="fl-3b"/>
      </object_component>
      <object_component id="oc-8cc">
         <name>.text:PowerCC26XX_schedulerRestore</name>
         <load_address>0x4f9c</load_address>
         <run_address>0x4f9c</run_address>
         <size>0xc</size>
         <input_file_ref idref="fl-2f"/>
      </object_component>
      <object_component id="oc-497">
         <name>.text:Power_getConstraintMask</name>
         <load_address>0x4fa8</load_address>
         <run_address>0x4fa8</run_address>
         <size>0xc</size>
         <input_file_ref idref="fl-1c"/>
      </object_component>
      <object_component id="oc-8d2">
         <name>.text:Power_getDependencyCount</name>
         <load_address>0x4fb4</load_address>
         <run_address>0x4fb4</run_address>
         <size>0xc</size>
         <input_file_ref idref="fl-1c"/>
      </object_component>
      <object_component id="oc-524">
         <name>.text:SwiP_getTrigger</name>
         <load_address>0x4fc0</load_address>
         <run_address>0x4fc0</run_address>
         <size>0xc</size>
         <input_file_ref idref="fl-2a"/>
      </object_component>
      <object_component id="oc-6de">
         <name>.text:TimerP_getFreq</name>
         <load_address>0x4fcc</load_address>
         <run_address>0x4fcc</run_address>
[...]
         <name>HwiP_inISR</name>
         <value>0x4b2d</value>
         <object_component_ref idref="oc-5e7"/>
      </symbol>
      <symbol id="sm-ba2">
         <name>HwiP_swiPIntNum</name>
         <value>0x2000022c</value>
         <object_component_ref idref="oc-4f9"/>
      </symbol>
      <symbol id="sm-ba3">
         <name>HwiP_Params_init</name>
         <value>0x4de9</value>
         <object_component_ref idref="oc-304"/>
      </symbol>
      <symbol id="sm-ba4">
         <name>HwiP_disable</name>
         <value>0x4e1d</value>
         <object_component_ref idref="oc-363"/>
      </symbol>
      <symbol id="sm-ba5">
         <name>HwiP_enableInterrupt</name>
         <value>0x4e2d</value>
         <object_component_ref idref="oc-666"/>
      </symbol>
      <symbol id="sm-ba6">
         <name>HwiP_setFunc</name>
         <value>0x4cdd</value>
         <object_component_ref idref="oc-611"/>
      </symbol>
      <symbol id="sm-ba7">
         <name>HwiP_post</name>
         <value>0x4e3d</value>
         <object_component_ref idref="oc-834"/>
      </symbol>
      <symbol id="sm-ba8">
         <name>HwiP_enable</name>
         <value>0x501f</value>
         <object_component_ref idref="oc-1d1"/>
      </symbol>
      <symbol id="sm-ba9">
         <name>HwiP_restore</name>
         <value>0x4ff1</value>
         <object_component_ref idref="oc-369"/>
      </symbol>
      <symbol id="sm-be4">
         <name>PowerCC26XX_schedulerDisable</name>
         <value>0x4e9d</value>
         <object_component_ref idref="oc-8c6"/>
      </symbol>
      <symbol id="sm-be5">
         <name>PowerCC26XX_schedulerRestore</name>
         <value>0x4f9d</value>
         <object_component_ref idref="oc-8cc"/>
      </symbol>
      <symbol id="sm-be6">
         <name>PowerCC26XX_standbyPolicy</name>
         <value>0x1dad</value>
         <object_component_ref idref="oc-482"/>
      </symbol>
      <symbol id="sm-c17">
         <name>resetISR</name>
         <value>0x4dad</value>
         <object_component_ref idref="oc-2a"/>
      </symbol>
      <symbol id="sm-c18">
         <name>g_pfnVectors</name>
         <value>0x0</value>
         <object_component_ref idref="oc-15"/>
      </symbol>
      <symbol id="sm-c55">
         <name>QueueP_next</name>
         <value>0x503b</value>
         <object_component_ref idref="oc-965"/>
      </symbol>
      <symbol id="sm-c56">
         <name>QueueP_put</name>
         <value>0x4a05</value>
         <object_component_ref idref="oc-464"/>
      </symbol>
      <symbol id="sm-c57">
         <name>QueueP_remove</name>
         <value>0x4f39</value>
         <object_component_ref idref="oc-7bf"/>
      </symbol>
      <symbol id="sm-c58">
         <name>QueueP_head</name>
         <value>0x5037</value>
         <object_component_ref idref="oc-95f"/>
      </symbol>
      <symbol id="sm-c59">
         <name>QueueP_init</name>
         <value>0x5007</value>
         <object_component_ref idref="oc-503"/>
      </symbol>
      <symbol id="sm-c5a">
         <name>QueueP_empty</name>
         <value>0x4f2b</value>
         <object_component_ref idref="oc-917"/>
      </symbol>
      <symbol id="sm-c5b">
         <name>QueueP_get</name>
         <value>0x4ac9</value>
         <object_component_ref idref="oc-911"/>
      </symbol>
      <symbol id="sm-c6d">
         <name>SafeHapiVoid</name>
         <value>0x477d</value>
         <object_component_ref idref="oc-75d"/>
      </symbol>
      <symbol id="sm-c7a">
         <name>NOROM_AONBatMonTemperatureGetDegC</name>
         <value>0x46dd</value>
         <object_component_ref idref="oc-8eb"/>
      </symbol>
      <symbol id="sm-c99">
         <name>NOROM_AONRTCCurrentCompareValueGet</name>
         <value>0x4b45</value>
         <object_component_ref idref="oc-763"/>
      </symbol>
      <symbol id="sm-c9a">
         <name>NOROM_AONRTCCurrent64BitValueGet</name>
         <value>0x4d21</value>
         <object_component_ref idref="oc-3df"/>
      </symbol>
      <symbol id="sm-cd3">
         <name>NOROM_ChipInfo_GetChipType</name>
         <value>0x44b9</value>
         <object_component_ref idref="oc-2da"/>
      </symbol>
      <symbol id="sm-cd4">
         <name>NOROM_ChipInfo_GetHwRevision</name>
         <value>0x4101</value>
         <object_component_ref idref="oc-fe"/>
      </symbol>
      <symbol id="sm-cd5">
         <name>NOROM_ThisLibraryIsFor_CC13x0_HwRev20AndLater_HaltIfViolated</name>
         <value>0x4cf3</value>
         <object_component_ref idref="oc-ae"/>
      </symbol>
      <symbol id="sm-cd6">
         <name>NOROM_ChipInfo_GetChipFamily</name>
         <value>0x4979</value>
         <object_component_ref idref="oc-f8"/>
      </symbol>
      <symbol id="sm-cd7">
         <name>NOROM_ChipInfo_GetPackageType</name>
         <value>0x4b5d</value>
         <object_component_ref idref="oc-2e0"/>
      </symbol>
      <symbol id="sm-ce9">
         <name>NOROM_CPUcpsie</name>
         <value>0x4f85</value>
         <object_component_ref idref="oc-1f5"/>
      </symbol>
      <symbol id="sm-cea">
         <name>NOROM_CPUcpsid</name>
         <value>0x4f79</value>
         <object_component_ref idref="oc-6f"/>
      </symbol>
      <symbol id="sm-cf0">
         <name>driverlib_release_0_50218</name>
         <value>0x20000952</value>
      </symbol>
      <symbol id="sm-d09">
         <name>NOROM_IntRegister</name>
         <value>0x4381</value>
         <object_component_ref idref="oc-4ed"/>
      </symbol>
      <symbol id="sm-d0a">
         <name>g_pfnRAMVectors</name>
         <value>0x20000b00</value>
         <object_component_ref idref="oc-794"/>
      </symbol>
      <symbol id="sm-d6a">
         <name>NOROM_OSCHF_TurnOnXosc</name>
         <value>0x4b75</value>
         <object_component_ref idref="oc-76f"/>
      </symbol>
      <symbol id="sm-d6b">
         <name>NOROM_OSC_HPOSCRelativeFrequencyOffsetToRFCoreFormatConvert</name>
         <value>0x4f91</value>
         <object_component_ref idref="oc-8f7"/>
      </symbol>
      <symbol id="sm-d6c">
         <name>NOROM_OSCHF_AttemptToSwitchToXosc</name>
         <value>0x3899</value>
         <object_component_ref idref="oc-49d"/>
      </symbol>
      <symbol id="sm-d6d">
         <name>NOROM_OSCClockSourceSet</name>
         <value>0x3961</value>
         <object_component_ref idref="oc-1ad"/>
      </symbol>
      <symbol id="sm-d6e">
         <name>NOROM_OSCClockSourceGet</name>
         <value>0x4601</value>
         <object_component_ref idref="oc-1a7"/>
      </symbol>
      <symbol id="sm-d6f">
         <name>NOROM_OSCHF_SwitchToRcOscTurnOffXosc</name>
         <value>0x43b5</value>
         <object_component_ref idref="oc-775"/>
      </symbol>
      <symbol id="sm-d70">
         <name>NOROM_OSC_HPOSCRelativeFrequencyOffsetGet</name>
         <value>0x413d</value>
         <object_component_ref idref="oc-8f1"/>
      </symbol>
      <symbol id="sm-e0b">
         <name>NOROM_RFCDoorbellSendTo</name>
         <value>0x47ed</value>
         <object_component_ref idref="oc-7f2"/>
      </symbol>
      <symbol id="sm-e0c">
         <name>NOROM_RFCAdi3VcoLdoVoltageMode</name>
         <value>0x489d</value>
         <object_component_ref idref="oc-80b"/>
      </symbol>
      <symbol id="sm-e0d">
         <name>NOROM_RFCSynthPowerDown</name>
         <value>0x4179</value>
         <object_component_ref idref="oc-817"/>
      </symbol>
      <symbol id="sm-e0e">
         <name>NOROM_RFCCpePatchReset</name>
         <value>0x462d</value>
         <object_component_ref idref="oc-93e"/>
      </symbol>
      <symbol id="sm-e0f">
         <name>NOROM_RFCOverrideUpdate</name>
         <value>0x502b</value>
         <object_component_ref idref="oc-35d"/>
      </symbol>
      <symbol id="sm-e10">
         <name>NOROM_RFCRTrim</name>
         <value>0x23f5</value>
         <object_component_ref idref="oc-5f4"/>
      </symbol>
      <symbol id="sm-e11">
         <name>NOROM_RFCRfTrimSet</name>
         <value>0x4e5d</value>
         <object_component_ref idref="oc-84c"/>
      </symbol>
      <symbol id="sm-e12">
         <name>NOROM_RFCRfTrimRead</name>
         <value>0x2321</value>
         <object_component_ref idref="oc-846"/>
      </symbol>
      <symbol id="sm-e13">
         <name>NOROM_RFCCpeIntGetAndClear</name>
         <value>0x4b8d</value>
         <object_component_ref idref="oc-60b"/>
      </symbol>
      <symbol id="sm-e14">
         <name>NOROM_RFCHwIntGetAndClear</name>
         <value>0x4e4d</value>
         <object_component_ref idref="oc-643"/>
      </symbol>
      <symbol id="sm-e48">
         <name>NOROM_SetupTrimDevice</name>
         <value>0x2a69</value>
         <object_component_ref idref="oc-75"/>
      </symbol>
      <symbol id="sm-f57">
         <name>NOROM_SetupGetTrimForRadcExtCfg</name>
         <value>0x4659</value>
         <object_component_ref idref="oc-199"/>
      </symbol>
      <symbol id="sm-f58">
         <name>NOROM_SetupGetTrimForAmpcompCtrl</name>
         <value>0x35c1</value>
         <object_component_ref idref="oc-16f"/>
      </symbol>
      <symbol id="sm-f59">
         <name>NOROM_SetupSetAonRtcSubSecInc</name>
         <value>0x44e9</value>
         <object_component_ref idref="oc-1b3"/>
      </symbol>
      <symbol id="sm-f5a">
         <name>NOROM_SetupGetTrimForAnabypassValue1</name>
         <value>0x3629</value>
         <object_component_ref idref="oc-14b"/>
      </symbol>
      <symbol id="sm-f5b">
         <name>NOROM_SetupGetTrimForXoscHfIbiastherm</name>
         <value>0x4e7d</value>
         <object_component_ref idref="oc-15d"/>
      </symbol>
      <symbol id="sm-f5c">
         <name>NOROM_SetupGetTrimForRcOscLfIBiasTrim</name>
         <value>0x4c05</value>
         <object_component_ref idref="oc-18d"/>
      </symbol>
      <symbol id="sm-f5d">
         <name>NOROM_SetupSetCacheModeAccordingToCcfgSetting</name>
         <value>0x3d4d</value>
         <object_component_ref idref="oc-b4"/>
      </symbol>
      <symbol id="sm-f5e">
         <name>NOROM_SetupAfterColdResetWakeupFromShutDownCfg1</name>
         <value>0x2b11</value>
         <object_component_ref idref="oc-106"/>
      </symbol>
      <symbol id="sm-f5f">
         <name>NOROM_SetupAfterColdResetWakeupFromShutDownCfg3</name>
         <value>0x1b75</value>
         <object_component_ref idref="oc-112"/>
      </symbol>
      <symbol id="sm-f60">
         <name>NOROM_SetupAfterColdResetWakeupFromShutDownCfg2</name>
         <value>0x1ead</value>
         <object_component_ref idref="oc-10c"/>
      </symbol>
      <symbol id="sm-f61">
         <name>NOROM_SetupGetTrimForRcOscLfRtuneCtuneTrim</name>
         <value>0x49b1</value>
         <object_component_ref idref="oc-157"/>
      </symbol>
      <symbol id="sm-f62">
         <name>NOROM_SetupGetTrimForXoscHfFastStart</name>
         <value>0x4e6d</value>
         <object_component_ref idref="oc-1a1"/>
      </symbol>
      <symbol id="sm-f63">
         <name>NOROM_SetupGetTrimForXoscLfRegulatorAndCmirrwrRatio</name>
         <value>0x4c1d</value>
         <object_component_ref idref="oc-193"/>
      </symbol>
      <symbol id="sm-f64">
         <name>NOROM_SetupGetTrimForXoscHfCtl</name>
         <value>0x48bd</value>
         <object_component_ref idref="oc-181"/>
      </symbol>
      <symbol id="sm-f65">
         <name>NOROM_SetupGetTrimForDblrLoopFilterResetVoltage</name>
         <value>0x4bed</value>
         <object_component_ref idref="oc-187"/>
      </symbol>
      <symbol id="sm-f66">
         <name>NOROM_SetupGetTrimForAdcShModeEn</name>
         <value>0x4ba5</value>
         <object_component_ref idref="oc-175"/>
      </symbol>
      <symbol id="sm-f67">
         <name>NOROM_SetupGetTrimForAdcShVbufEn</name>
         <value>0x4bbd</value>
         <object_component_ref idref="oc-17b"/>
      </symbol>
      <symbol id="sm-f68">
         <name>NOROM_SetupSetVddrLevel</name>
         <value>0x3401</value>
         <object_component_ref idref="oc-144"/>
      </symbol>
      <symbol id="sm-f69">
         <name>NOROM_SetupGetTrimForAmpcompTh1</name>
         <value>0x4bd5</value>
         <object_component_ref idref="oc-169"/>
      </symbol>
      <symbol id="sm-f6a">
         <name>NOROM_SetupGetTrimForAmpcompTh2</name>
         <value>0x4995</value>
         <object_component_ref idref="oc-163"/>
      </symbol>
      <symbol id="sm-fbc">
         <name>NOROM_SysCtrl_DCDC_VoltageConditionalControl</name>
         <value>0x36f9</value>
         <object_component_ref idref="oc-70b"/>
      </symbol>
      <symbol id="sm-fbd">
         <name>NOROM_SysCtrlAdjustRechargeAfterPowerDown</name>
         <value>0x3691</value>
         <object_component_ref idref="oc-8de"/>
      </symbol>
      <symbol id="sm-fbe">
         <name>NOROM_SysCtrlSetRechargeBeforePowerDown</name>
         <value>0x799</value>
         <object_component_ref idref="oc-8d8"/>
      </symbol>
      <symbol id="sm-fcb">
         <name>NOROM_VIMSModeGet</name>
         <value>0x4f1d</value>
         <object_component_ref idref="oc-723"/>
      </symbol>
      <symbol id="sm-fdd">
         <name>NOROM_DDI32RegWrite</name>
         <value>0x45d5</value>
         <object_component_ref idref="oc-151"/>
      </symbol>
      <symbol id="sm-fed">
         <name>_c_int00</name>
         <value>0x40c1</value>
         <object_component_ref idref="oc-7b"/>
      </symbol>
      <symbol id="sm-fee">
         <name>__stack</name>
         <value>0x20004c00</value>
         <object_component_ref idref="oc-33"/>
      </symbol>
      <symbol id="sm-100c">
         <name>__TI_decompress_lzss</name>
         <value>0x37c9</value>
         <object_component_ref idref="oc-18"/>
      </symbol>
      <symbol id="sm-1023">
         <name>__TI_decompress_none</name>
         <value>0x4f47</value>
         <object_component_ref idref="oc-1e"/>
      </symbol>
      <symbol id="sm-1035">
         <name>__TI_zero_init</name>
         <value>0x4fd9</value>
         <object_component_ref idref="oc-24"/>
      </symbol>
      <symbol id="sm-1056">
         <name>C$$EXIT</name>
         <value>0x3cf9</value>
         <object_component_ref idref="oc-d9"/>
      </symbol>
      <symbol id="sm-1057">
         <name>abort</name>
         <value>0x3cfd</value>
         <object_component_ref idref="oc-d9"/>
      </symbol>
      <symbol id="sm-1058">
         <name>exit</name>
         <value>0x3d05</value>
         <object_component_ref idref="oc-d9"/>
      </symbol>
      <symbol id="sm-1059">
         <name>__TI_dtors_ptr</name>
         <value>0x200004b8</value>
         <object_component_ref idref="oc-132"/>
      </symbol>
      <symbol id="sm-105a">
         <name>__TI_cleanup_ptr</name>
         <value>0x200004b4</value>
         <object_component_ref idref="oc-132"/>
      </symbol>
      <symbol id="sm-105b">
         <name>__TI_enable_exit_profile_output</name>
         <value>0x200004bc</value>
         <object_component_ref idref="oc-132"/>
      </symbol>
      <symbol id="sm-106a">
         <name>__aeabi_lmul</name>
         <value>0x4c95</value>
         <object_component_ref idref="oc-3e5"/>
      </symbol>
      <symbol id="sm-1085">
         <name>memcpy</name>
         <value>0x2e31</value>
         <object_component_ref idref="oc-57"/>
      </symbol>
      <symbol id="sm-1086">
         <name>__aeabi_memcpy</name>
         <value>0x2e31</value>
         <object_component_ref idref="oc-57"/>
      </symbol>
      <symbol id="sm-1087">
         <name>__aeabi_memcpy8</name>
         <value>0x2e31</value>
         <object_component_ref idref="oc-57"/>
      </symbol>
      <symbol id="sm-1088">
         <name>__aeabi_memcpy4</name>
         <value>0x2e31</value>
         <object_component_ref idref="oc-57"/>
      </symbol>
      <symbol id="sm-109d">
         <name>_sys_memory</name>
         <value>0x20000978</value>
         <object_component_ref idref="oc-34"/>
      </symbol>
      <symbol id="sm-10ac">
         <name>__aeabi_memset</name>
         <value>0x329b</value>
         <object_component_ref idref="oc-63"/>
      </symbol>
      <symbol id="sm-10ad">
         <name>memset</name>
         <value>0x32a1</value>
         <object_component_ref idref="oc-63"/>
      </symbol>
      <symbol id="sm-10ae">
         <name>__aeabi_memset8</name>
         <value>0x329b</value>
         <object_component_ref idref="oc-63"/>
      </symbol>
      <symbol id="sm-10af">
         <name>__aeabi_memset4</name>
         <value>0x329b</value>
         <object_component_ref idref="oc-63"/>
      </symbol>
      <symbol id="sm-10b0">
         <name>__aeabi_memclr8</name>
         <value>0x3299</value>
         <object_component_ref idref="oc-63"/>
      </symbol>
      <symbol id="sm-10b1">
         <name>__aeabi_memclr4</name>
         <value>0x3299</value>
         <object_component_ref idref="oc-63"/>
      </symbol>
      <symbol id="sm-10b2">
         <name>__aeabi_memclr</name>
         <value>0x3299</value>
         <object_component_ref idref="oc-63"/>
      </symbol>
      <symbol id="sm-10bc">
         <name>__mpu_init</name>
         <value>0x504f</value>
         <object_component_ref idref="oc-c1"/>
      </symbol>
      <symbol id="sm-10c6">
         <name>_system_pre_init</name>
         <value>0x5047</value>
         <object_component_ref idref="oc-c7"/>
      </symbol>
      <symbol id="sm-10e0">
         <name>rand</name>
         <value>0x3f37</value>
         <object_component_ref idref="oc-24b"/>
      </symbol>
      <symbol id="sm-10e1">
         <name>srand</name>
         <value>0x3f21</value>
         <object_component_ref idref="oc-24b"/>
      </symbol>
      <symbol id="sm-10e9">
         <name>main_func_sp</name>
         <value>0x200004d4</value>
         <object_component_ref idref="oc-df"/>
      </symbol>
      <symbol id="sm-1107">
         <name>__aeabi_uldivmod</name>
         <value>0xbe5</value>
         <object_component_ref idref="oc-6fb"/>
      </symbol>
      <symbol id="sm-1120">
         <name>_nop</name>
         <value>0x4de3</value>
         <object_component_ref idref="oc-1e7"/>
      </symbol>
      <symbol id="sm-1121">
         <name>_lock</name>
         <value>0x200004c0</value>
         <object_component_ref idref="oc-135"/>
      </symbol>
      <symbol id="sm-1122">
         <name>_unlock</name>
         <value>0x200004c4</value>
         <object_component_ref idref="oc-135"/>
      </symbol>
      <symbol id="sm-1123">
         <name>_register_lock</name>
         <value>0x4ddb</value>
         <object_component_ref idref="oc-1e7"/>
      </symbol>
      <symbol id="sm-1124">
         <name>_register_unlock</name>
         <value>0x4dd5</value>
         <object_component_ref idref="oc-1e7"/>
      </symbol>
      <symbol id="sm-1138">
         <name>_args_main</name>
         <value>0x4c7d</value>
         <object_component_ref idref="oc-d3"/>
      </symbol>
      <symbol id="sm-1162">
         <name>__TI_auto_init</name>
         <value>0x34e5</value>
         <object_component_ref idref="oc-cd"/>
      </symbol>
      <symbol id="sm-117c">
         <name>copy_in</name>
         <value>0x3ed5</value>
         <object_component_ref idref="oc-11c"/>
      </symbol>
      <symbol id="sm-1187">
         <name>_system_post_cinit</name>
         <value>0x5051</value>
         <object_component_ref idref="oc-122"/>
      </symbol>
      <symbol id="sm-1188">
         <name>__TI_static_base__</name>
         <value>0x0</value>
      </symbol>
      <symbol id="sm-118b">
         <name>SHT$$INIT_ARRAY$$Limit</name>
         <value>0x0</value>
      </symbol>
      <symbol id="sm-118c">
         <name>SHT$$INIT_ARRAY$$Base</name>
         <value>0x0</value>
      </symbol>
      <symbol id="sm-118d">
         <name>NoRTOS_start</name>
         <value>0x501f</value>
      </symbol>
   </symbol_table>
   <title>Link successful</title>
</link_info>
