******************************************************************************
                  TI ARM Linker Unix v16.9.6                   
******************************************************************************
>> Linked Wed Jan 24 17:37:34 2018

OUTPUT FILE NAME:   <rfPacketTx_CC1310_LAUNCHXL_nortos_ccs.out>
ENTRY POINT SYMBOL: "resetISR"  address: 00004dad


MEMORY CONFIGURATION

         name            origin    length      used     unused   attr    fill
----------------------  --------  ---------  --------  --------  ----  --------
  FLASH                 00000000   00020000  00005c0e  0001a3f2  R  X
  SRAM                  20000000   00005000  00000f39  000040c7  RW X


SEGMENT ALLOCATION MAP

run origin  load origin   length   init length attrs members
----------  ----------- ---------- ----------- ----- -------
00000000    00000000    00005a98   00005a98    r-x
  00000000    00000000    000000c8   000000c8    r-- .intvecs
  000000c8    000000c8    00004f8a   00004f8a    r-x .text
  00005054    00005054    00000a44   00000a44    r-- .const
00005a98    00005a98    00000008   00000008    rw-
  00005a98    00005a98    00000008   00000008    rw- .args
00005aa0    00005aa0    00000118   00000118    r--
  00005aa0    00005aa0    00000118   00000118    r-- .cinit
0001ffa8    0001ffa8    00000058   00000058    r--
  0001ffa8    0001ffa8    00000058   00000058    r-- .ccfg
20000000    20000000    00000a78   00000000    rw-
  20000000    20000000    000004d9   00000000    rw- .data
  200004e0    200004e0    00000498   00000000    rw- .bss
  20000978    20000978    00000100   00000000    rw- .sysmem
20000b00    20000b00    000000c8   00000000    rw-
  20000b00    20000b00    000000c8   00000000    rw- .vtable_ram
20004c00    20004c00    00000400   00000000    rw-
  20004c00    20004c00    00000400   00000000    rw- .stack


SECTION ALLOCATION MAP

 output                                  attributes/
section   page    origin      length       input sections
--------  ----  ----------  ----------   ----------------
.intvecs   0    00000000    000000c8     
                  00000000    000000c8     nortos_cc13x0.aem3 : startup_cc13xx_cc26xx_ccs.oem3 (.intvecs)

.text      0    000000c8    00004f8a     
                  000000c8    000003c4     rf_multiMode_cc13x0.aem3 : RFCC26XX_multiMode.oem3 (.text:fsmActiveState)
                  0000048c    0000030c     drivers_cc13x0.aem3 : PowerCC26XX_calibrateRCOSC.oem3 (.text:PowerCC26XX_auxISR)
                  00000798    00000228     driverlib.lib : sys_ctrl.obj (.text:NOROM_SysCtrlSetRechargeBeforePowerDown)
                  000009c0    00000224     drivers_cc13x0.aem3 : PowerCC26XX.oem3 (.text:Power_sleep)
                  00000be4    000001f4     rtsv7M3_T_le_eabi.lib : ull_div_t2.obj (.text)
                  00000dd8    000001e4     rf_multiMode_cc13x0.aem3 : RFCC26XX_multiMode.oem3 (.text:RF_open)
                  00000fbc    000001dc     rfPacketTx_nortos.obj (.text:mainThread)
                  00001198    000001bc     drivers_cc13x0.aem3 : PINCC26XX.oem3 (.text:PIN_init)
                  00001354    00000190                         : PowerCC26XX_calibrateRCOSC.oem3 (.text:PowerCC26XX_doCalibrate)
                  000014e4    00000188     rf_multiMode_cc13x0.aem3 : RFCC26XX_multiMode.oem3 (.text:fsmSetupState)
                  0000166c    0000016c                              : RFCC26XX_multiMode.oem3 (.text:hwiFxnCpe0Active)
                  000017d8    00000144                              : RFCC26XX_multiMode.oem3 (.text:radioOpDoneCb)
                  0000191c    00000130                              : RFCC26XX_multiMode.oem3 (.text:fsmChangePhyState)
                  00001a4c    00000128     smartrf_settings.obj (.text:rf_patch_rfe_genfsk)
                  00001b74    00000124     driverlib.lib : setup_rom.obj (.text:NOROM_SetupAfterColdResetWakeupFromShutDownCfg3)
                  00001c98    00000114     drivers_cc13x0.aem3 : PowerCC26XX.oem3 (.text:Power_init)
                  00001dac    00000100     nortos_cc13x0.aem3 : PowerCC26XX_nortos.oem3 (.text:PowerCC26XX_standbyPolicy)
                  00001eac    000000f0     driverlib.lib : setup_rom.obj (.text:NOROM_SetupAfterColdResetWakeupFromShutDownCfg2)
                  00001f9c    000000f0     rf_multiMode_cc13x0.aem3 : RFCC26XX_multiMode.oem3 (.text:RF_pendCmd)
                  0000208c    000000e0                              : RFCC26XX_multiMode.oem3 (.text:fsmPowerUpState)
                  0000216c    000000dc     drivers_cc13x0.aem3 : PINCC26XX.oem3 (.text:PINCC26XX_setIoCfg)
                  00002248    000000d8     nortos_cc13x0.aem3 : SwiP_nortos.oem3 (.text:SwiP_construct)
                  00002320    000000d4     driverlib.lib : rfc.obj (.text:NOROM_RFCRfTrimRead)
                  000023f4    000000c4                   : rfc.obj (.text:NOROM_RFCRTrim)
                  000024b8    000000c4                   : setup.obj (.text:TrimAfterColdResetWakeupFromShutDown)
                  0000257c    000000bc     drivers_cc13x0.aem3 : PowerCC26XX.oem3 (.text:Power_releaseDependency)
                  00002638    000000b8     rf_multiMode_cc13x0.aem3 : RFCC26XX_multiMode.oem3 (.text:RF_postCmd)
                  000026f0    000000b8                              : RFCC26XX_multiMode.oem3 (.text:dispatchNextCmd)
                  000027a8    000000b4     drivers_cc13x0.aem3 : PowerCC26XX.oem3 (.text:Power_setDependency)
                  0000285c    000000b4     rf_multiMode_cc13x0.aem3 : RFCC26XX_multiMode.oem3 (.text:swiFxnHw)
                  00002910    000000b0     nortos_cc13x0.aem3 : TimerPCC26XX_nortos.oem3 (.text:TimerP_construct)
                  000029c0    000000a8                        : ClockPTimer_nortos.oem3 (.text:ClockP_workFuncDynamic)
                  00002a68    000000a8     driverlib.lib : setup.obj (.text:NOROM_SetupTrimDevice)
                  00002b10    000000a4                   : setup_rom.obj (.text:NOROM_SetupAfterColdResetWakeupFromShutDownCfg1)
                  00002bb4    000000a4     drivers_cc13x0.aem3 : PowerCC26XX.oem3 (.text:switchXOSCHFclockFunc)
                  00002c58    000000a0     nortos_cc13x0.aem3 : SwiP_nortos.oem3 (.text:SwiP_dispatch)
                  00002cf8    0000009c                        : ClockPTimer_nortos.oem3 (.text:ClockP_startup)
                  00002d94    0000009c     rf_multiMode_cc13x0.aem3 : RFCC26XX_multiMode.oem3 (.text:RF_issueRadioFreeCb)
                  00002e30    0000009c     rtsv7M3_T_le_eabi.lib : memcpy_t2.obj (.text)
                  00002ecc    00000098     drivers_cc13x0.aem3 : PINCC26XX.oem3 (.text:PIN_open)
                  00002f64    00000098     nortos_cc13x0.aem3 : SemaphoreP_nortos.oem3 (.text:SemaphoreP_pend)
                  00002ffc    00000090     rf_multiMode_cc13x0.aem3 : RFCC26XX_multiMode.oem3 (.text:calculateDispatchTime)
                  0000308c    0000008c                              : RFCC26XX_multiMode.oem3 (.text:ratRestartChannels)
                  00003118    00000084                              : RFCC26XX_multiMode.oem3 (.text:ratFreeChannel)
                  0000319c    00000080     nortos_cc13x0.aem3 : ClockPTimer_nortos.oem3 (.text:ClockP_start)
                  0000321c    0000007c     rf_multiMode_cc13x0.aem3 : RFCC26XX_multiMode.oem3 (.text:hwiFxnHw)
                  00003298    0000007a     rtsv7M3_T_le_eabi.lib : memset_t2.obj (.text)
                  00003312    00000002     nortos_cc13x0.aem3 : SemaphoreP_nortos.oem3 (.text:clkFxn)
                  00003314    00000078                        : HwiPCC26XX_nortos.oem3 (.text:HwiP_construct)
                  0000338c    00000074                        : ClockPTimer_nortos.oem3 (.text:ClockP_walkQueueDynamic)
                  00003400    00000074     driverlib.lib : setup_rom.obj (.text:NOROM_SetupSetVddrLevel)
                  00003474    00000070     nortos_cc13x0.aem3 : TimerPCC26XX_nortos.oem3 (.text:TimerP_start)
                  000034e4    00000070     rtsv7M3_T_le_eabi.lib : autoinit.obj (.text)
                  00003554    0000006c     drivers_cc13x0.aem3 : PowerCC26XX_calibrateRCOSC.oem3 (.text:PowerCC26XX_initiateCalibration)
                  000035c0    00000068     driverlib.lib : setup_rom.obj (.text:NOROM_SetupGetTrimForAmpcompCtrl)
                  00003628    00000068                   : setup_rom.obj (.text:NOROM_SetupGetTrimForAnabypassValue1)
                  00003690    00000068                   : sys_ctrl.obj (.text:NOROM_SysCtrlAdjustRechargeAfterPowerDown)
                  000036f8    00000068                   : sys_ctrl.obj (.text:NOROM_SysCtrl_DCDC_VoltageConditionalControl)
                  00003760    00000068     nortos_cc13x0.aem3 : SwiP_nortos.oem3 (.text:SwiP_post)
                  000037c8    00000068     rtsv7M3_T_le_eabi.lib : copy_decompress_lzss.obj (.text:decompress:lzss)
                  00003830    00000068     drivers_cc13x0.aem3 : PowerCC26XX.oem3 (.text:lfClockReadyCallback)
                  00003898    00000064     driverlib.lib : osc.obj (.text:NOROM_OSCHF_AttemptToSwitchToXosc)
                  000038fc    00000064     drivers_cc13x0.aem3 : PowerCC26XX.oem3 (.text:configureXOSCHF)
                  00003960    00000060     driverlib.lib : osc.obj (.text:NOROM_OSCClockSourceSet)
                  000039c0    00000060     rf_multiMode_cc13x0.aem3 : RFCC26XX_multiMode.oem3 (.text:RF_getCurrentTime)
                  00003a20    00000060     smartrf_settings.obj (.text:configureGenfskPatch)
                  00003a80    00000060     rf_multiMode_cc13x0.aem3 : RFCC26XX_multiMode.oem3 (.text:dispatchNextEvent)
                  00003ae0    0000005c     drivers_cc13x0.aem3 : PowerCC26XX_calibrateRCOSC.oem3 (.text:PowerCC26XX_RCOSC_clockFunc)
                  00003b3c    0000005c                         : PowerCC26XX.oem3 (.text:PowerCC26XX_calibrate)
                  00003b98    0000005c     rf_multiMode_cc13x0.aem3 : RFCC26XX_multiMode.oem3 (.text:hwiFxnCpe0PowerFsm)
                  00003bf4    0000005c                              : RFCC26XX_multiMode.oem3 (.text:syncCb)
                  00003c50    00000054                              : RFCC26XX_multiMode.oem3 (.text:RF_ieeeExtension)
                  00003ca4    00000054                              : RFCC26XX_multiMode.oem3 (.text:cmdDispatchTime)
                  00003cf8    00000054     rtsv7M3_T_le_eabi.lib : exit.obj (.text)
                  00003d4c    00000050     driverlib.lib : setup_rom.obj (.text:NOROM_SetupSetCacheModeAccordingToCcfgSetting)
                  00003d9c    00000050     nortos_cc13x0.aem3 : SemaphoreP_nortos.oem3 (.text:SemaphoreP_construct)
                  00003dec    00000050     rf_multiMode_cc13x0.aem3 : RFCC26XX_multiMode.oem3 (.text:applyRfCorePatch)
                  00003e3c    0000004c                              : RFCC26XX_multiMode.oem3 (.text:RF_wakeupNotifyFxn)
                  00003e88    0000004c                              : RFCC26XX_multiMode.oem3 (.text:fsmXOSCState)
                  00003ed4    0000004c     rtsv7M3_T_le_eabi.lib : cpy_tbl.obj (.text)
                  00003f20    0000004c                           : rand.obj (.text)
                  00003f6c    00000048     nortos_cc13x0.aem3 : ClockPTimer_nortos.oem3 (.text:ClockP_construct)
                  00003fb4    00000044     rf_multiMode_cc13x0.aem3 : RFCC26XX_multiMode.oem3 (.text:Q_push)
                  00003ff8    00000044     nortos_cc13x0.aem3 : SwiP_nortos.oem3 (.text:SwiP_restore)
                  0000403c    00000044     drivers_cc13x0.aem3 : PowerCC26XX.oem3 (.text:notify)
                  00004080    00000040                         : PINCC26XX.oem3 (.text:PIN_swi)
                  000040c0    00000040     rtsv7M3_T_le_eabi.lib : boot.obj (.text)
                  00004100    0000003c     driverlib.lib : chipinfo.obj (.text:NOROM_ChipInfo_GetHwRevision)
                  0000413c    0000003c                   : osc.obj (.text:NOROM_OSC_HPOSCRelativeFrequencyOffsetGet)
                  00004178    0000003c                   : rfc.obj (.text:NOROM_RFCSynthPowerDown)
                  000041b4    0000003c     drivers_cc13x0.aem3 : PowerCC26XX.oem3 (.text:PowerCC26XX_isStableXOSC_HF)
                  000041f0    0000003c     nortos_cc13x0.aem3 : SemaphoreP_nortos.oem3 (.text:SemaphoreP_post)
                  0000422c    0000003c     drivers_cc13x0.aem3 : PowerCC26XX.oem3 (.text:disableLfClkQualifiersEnableClkLoss)
                  00004268    0000003c     rf_multiMode_cc13x0.aem3 : RFCC26XX_multiMode.oem3 (.text:getCmd)
                  000042a4    00000038     drivers_cc13x0.aem3 : PINCC26XX.oem3 (.text:PIN_setOutputValue)
                  000042dc    00000038     rf_multiMode_cc13x0.aem3 : RFCC26XX_multiMode.oem3 (.text:RF_checkCmdFsError)
                  00004314    00000038                              : RFCC26XX_multiMode.oem3 (.text:rfReleaseConstraint)
                  0000434c    00000034     nortos_cc13x0.aem3 : ClockPTimer_nortos.oem3 (.text:ClockP_getTicksUntilInterrupt)
                  00004380    00000034     driverlib.lib : interrupt.obj (.text:NOROM_IntRegister)
                  000043b4    00000034                   : osc.obj (.text:NOROM_OSCHF_SwitchToRcOscTurnOffXosc)
                  000043e8    00000034     drivers_cc13x0.aem3 : PINCC26XX.oem3 (.text:PIN_setConfig)
                  0000441c    00000034                         : PowerCC26XX.oem3 (.text:Power_releaseConstraint)
                  00004450    00000034     nortos_cc13x0.aem3 : TimerPCC26XX_nortos.oem3 (.text:TimerP_initDevice)
                  00004484    00000032                        : TimerPCC26XX_nortos.oem3 (.text:TimerP_setNextTick)
                  000044b6    00000002     rf_multiMode_cc13x0.aem3 : RFCC26XX_multiMode.oem3 (.text:defaultCallback)
                  000044b8    00000030     driverlib.lib : chipinfo.obj (.text:NOROM_ChipInfo_GetChipType)
                  000044e8    00000030                   : setup_rom.obj (.text:NOROM_SetupSetAonRtcSubSecInc)
                  00004518    00000030     drivers_cc13x0.aem3 : PowerCC26XX.oem3 (.text:Power_setConstraint)
                  00004548    00000030     nortos_cc13x0.aem3 : TimerPCC26XX_nortos.oem3 (.text:TimerP_getCurrentTick)
                  00004578    00000030                        : TimerPCC26XX_nortos.oem3 (.text:TimerP_setThreshold)
                  000045a8    0000002c                        : HwiPCC26XX_nortos.oem3 (.text:HwiP_dispatch)
                  000045d4    0000002c     driverlib.lib : ddi.obj (.text:NOROM_DDI32RegWrite)
                  00004600    0000002c                   : osc.obj (.text:NOROM_OSCClockSourceGet)
                  0000462c    0000002c                   : rfc.obj (.text:NOROM_RFCCpePatchReset)
                  00004658    0000002c                   : setup_rom.obj (.text:NOROM_SetupGetTrimForRadcExtCfg)
                  00004684    0000002c     rf_multiMode_cc13x0.aem3 : RFCC26XX_multiMode.oem3 (.text:calculateDeltaTimeUs)
                  000046b0    0000002c                              : RFCC26XX_multiMode.oem3 (.text:executeDirectImmediateCmd)
                  000046dc    00000028     driverlib.lib : aon_batmon.obj (.text:NOROM_AONBatMonTemperatureGetDegC)
                  00004704    00000028     drivers_cc13x0.aem3 : PowerCC26XX.oem3 (.text:Power_registerNotify)
                  0000472c    00000028     driverlib.lib : rfc.obj (.text:RFCOverrideSearch)
                  00004754    00000028     rf_multiMode_cc13x0.aem3 : RFCC26XX_multiMode.oem3 (.text:RF_runCmd)
                  0000477c    00000028     driverlib.lib : adi.obj (.text:SafeHapiVoid)
                  000047a4    00000024     nortos_cc13x0.aem3 : ClockPTimer_nortos.oem3 (.text:ClockP_getTicks)
                  000047c8    00000024                        : ClockPTimer_nortos.oem3 (.text:ClockP_scheduleNextTick)
                  000047ec    00000024     driverlib.lib : rfc.obj (.text:NOROM_RFCDoorbellSendTo)
                  00004810    00000024     nortos_cc13x0.aem3 : TimerPCC26XX_nortos.oem3 (.text:TimerP_getMaxTicks)
                  00004834    00000024     rf_multiMode_cc13x0.aem3 : RFCC26XX_multiMode.oem3 (.text:allocCmd)
                  00004858    00000022     drivers_cc13x0.aem3 : List.oem3 (.text:List_put)
                  0000487a    00000002                         : PowerCC26XX.oem3 (.text:emptyClockFunc)
                  0000487c    00000020     nortos_cc13x0.aem3 : ClockPTimer_nortos.oem3 (.text:ClockP_add)
                  0000489c    00000020     driverlib.lib : rfc.obj (.text:NOROM_RFCAdi3VcoLdoVoltageMode)
                  000048bc    00000020                   : setup_rom.obj (.text:NOROM_SetupGetTrimForXoscHfCtl)
                  000048dc    00000020     rf_multiMode_cc13x0.aem3 : RFCC26XX_multiMode.oem3 (.text:clkPowerUpFxn)
                  000048fc    00000020                              : RFCC26XX_multiMode.oem3 (.text:hwiFxnCpe0ChangePhy)
                  0000491c    00000020                              : RFCC26XX_multiMode.oem3 (.text:ratIsRunning)
                  0000493c    0000001e     drivers_cc13x0.aem3 : PowerCC26XX.oem3 (.text:Power_getTransitionLatency)
                  0000495a    0000001e     nortos_cc13x0.aem3 : SemaphoreP_nortos.oem3 (.text:SemaphoreP_constructBinary)
                  00004978    0000001c     driverlib.lib : chipinfo.obj (.text:NOROM_ChipInfo_GetChipFamily)
                  00004994    0000001c                   : setup_rom.obj (.text:NOROM_SetupGetTrimForAmpcompTh2)
                  000049b0    0000001c                   : setup_rom.obj (.text:NOROM_SetupGetTrimForRcOscLfRtuneCtuneTrim)
                  000049cc    0000001c     drivers_cc13x0.aem3 : PINCC26XX.oem3 (.text:PINCC26XX_setIoCfgMux)
                  000049e8    0000001c                         : PINCC26XX.oem3 (.text:PIN_hwi)
                  00004a04    0000001c     nortos_cc13x0.aem3 : QueueP_nortos.oem3 (.text:QueueP_put)
                  00004a20    0000001c                        : SwiP_nortos.oem3 (.text:SwiP_disable)
                  00004a3c    0000001c                        : SwiP_nortos.oem3 (.text:SwiP_or)
                  00004a58    0000001c                        : TimerPCC26XX_nortos.oem3 (.text:TimerP_dynamicStub)
                  00004a74    0000001c     rf_multiMode_cc13x0.aem3 : RFCC26XX_multiMode.oem3 (.text:clkInactivityFxn)
                  00004a90    0000001c     smartrf_settings.obj (.text:enterGenfskCpePatch)
                  00004aac    0000001c     rf_multiMode_cc13x0.aem3 : RFCC26XX_multiMode.oem3 (.text:rfSetConstraint)
                  00004ac8    0000001a     nortos_cc13x0.aem3 : QueueP_nortos.oem3 (.text:QueueP_get)
                  00004ae2    00000002     smartrf_settings.obj (.text:enterGenfskSysPatch)
                  00004ae4    00000018     CC1310_LAUNCHXL.obj (.text:CC1310_LAUNCHXL_initGeneral)
                  00004afc    00000018     nortos_cc13x0.aem3 : ClockPTimer_nortos.oem3 (.text:ClockP_destruct)
                  00004b14    00000018                        : ClockPTimer_nortos.oem3 (.text:ClockP_getTimeout)
                  00004b2c    00000018                        : HwiPCC26XX_nortos.oem3 (.text:HwiP_inISR)
                  00004b44    00000018     driverlib.lib : aon_rtc.obj (.text:NOROM_AONRTCCurrentCompareValueGet)
                  00004b5c    00000018                   : chipinfo.obj (.text:NOROM_ChipInfo_GetPackageType)
                  00004b74    00000018                   : osc.obj (.text:NOROM_OSCHF_TurnOnXosc)
                  00004b8c    00000018                   : rfc.obj (.text:NOROM_RFCCpeIntGetAndClear)
                  00004ba4    00000018                   : setup_rom.obj (.text:NOROM_SetupGetTrimForAdcShModeEn)
                  00004bbc    00000018                   : setup_rom.obj (.text:NOROM_SetupGetTrimForAdcShVbufEn)
                  00004bd4    00000018                   : setup_rom.obj (.text:NOROM_SetupGetTrimForAmpcompTh1)
                  00004bec    00000018                   : setup_rom.obj (.text:NOROM_SetupGetTrimForDblrLoopFilterResetVoltage)
                  00004c04    00000018                   : setup_rom.obj (.text:NOROM_SetupGetTrimForRcOscLfIBiasTrim)
                  00004c1c    00000018                   : setup_rom.obj (.text:NOROM_SetupGetTrimForXoscLfRegulatorAndCmirrwrRatio)
                  00004c34    00000018     drivers_cc13x0.aem3 : PowerCC26XX.oem3 (.text:Power_idleFunc)
                  00004c4c    00000018     rf_multiMode_cc13x0.aem3 : RFCC26XX_multiMode.oem3 (.text:Q_pop)
                  00004c64    00000018                              : RFCC26XX_multiMode.oem3 (.text:ratGetChannel)
                  00004c7c    00000018     rtsv7M3_T_le_eabi.lib : args_main.obj (.text)
                  00004c94    00000018                           : ll_mul_t2.obj (.text)
                  00004cac    00000018     rf_multiMode_cc13x0.aem3 : RFCC26XX_multiMode.oem3 (.text:swiFxnFsm)
                  00004cc4    00000018                              : RFCC26XX_multiMode.oem3 (.text:triggDispatcher)
                  00004cdc    00000016     nortos_cc13x0.aem3 : HwiPCC26XX_nortos.oem3 (.text:HwiP_setFunc)
                  00004cf2    00000016     driverlib.lib : chipinfo.obj (.text:NOROM_ThisLibraryIsFor_CC13x0_HwRev20AndLater_HaltIfViolated)
                  00004d08    00000016     rf_multiMode_cc13x0.aem3 : RFCC26XX_multiMode.oem3 (.text:restartClockTimeout)
                  00004d1e    00000002     nortos_cc13x0.aem3 : startup_cc13xx_cc26xx_ccs.oem3 (.text:faultISR)
                  00004d20    00000014     driverlib.lib : aon_rtc.obj (.text:NOROM_AONRTCCurrent64BitValueGet)
                  00004d34    00000014     drivers_cc13x0.aem3 : PINCC26XX.oem3 (.text:PINCC26XX_getOutputValue)
                  00004d48    00000014                         : PowerCC26XX.oem3 (.text:Power_disablePolicy)
                  00004d5c    00000014     rf_multiMode_cc13x0.aem3 : RFCC26XX_multiMode.oem3 (.text:RF_Params_init)
                  00004d70    00000014     nortos_cc13x0.aem3 : SwiP_nortos.oem3 (.text:SwiP_handleHwi)
                  00004d84    00000014                        : TimerPCC26XX_nortos.oem3 (.text:TimerP_startup)
                  00004d98    00000014     drivers_cc13x0.aem3 : PowerCC26XX.oem3 (.text:configureRFCoreClocks)
                  00004dac    00000014     nortos_cc13x0.aem3 : startup_cc13xx_cc26xx_ccs.oem3 (.text:resetISR)
                  00004dc0    00000014     rf_multiMode_cc13x0.aem3 : RFCC26XX_multiMode.oem3 (.text:rfWaitForAck)
                  00004dd4    00000014     rtsv7M3_T_le_eabi.lib : _lock.obj (.text)
                  00004de8    00000012     nortos_cc13x0.aem3 : HwiPCC26XX_nortos.oem3 (.text:HwiP_Params_init)
                  00004dfa    00000012     main_nortos.obj (.text:main)
                  00004e0c    00000010     nortos_cc13x0.aem3 : ClockPTimer_nortos.oem3 (.text:ClockP_Params_init)
                  00004e1c    00000010                        : HwiPCC26XX_nortos.oem3 (.text:HwiP_disable)
                  00004e2c    00000010                        : HwiPCC26XX_nortos.oem3 (.text:HwiP_enableInterrupt)
                  00004e3c    00000010                        : HwiPCC26XX_nortos.oem3 (.text:HwiP_post)
                  00004e4c    00000010     driverlib.lib : rfc.obj (.text:NOROM_RFCHwIntGetAndClear)
                  00004e5c    00000010                   : rfc.obj (.text:NOROM_RFCRfTrimSet)
                  00004e6c    00000010                   : setup_rom.obj (.text:NOROM_SetupGetTrimForXoscHfFastStart)
                  00004e7c    00000010                   : setup_rom.obj (.text:NOROM_SetupGetTrimForXoscHfIbiastherm)
                  00004e8c    00000010     drivers_cc13x0.aem3 : PINCC26XX.oem3 (.text:PINCC26XX_getPinCount)
                  00004e9c    00000010     nortos_cc13x0.aem3 : PowerCC26XX_nortos.oem3 (.text:PowerCC26XX_schedulerDisable)
                  00004eac    00000010     drivers_cc13x0.aem3 : PowerCC26XX.oem3 (.text:Power_enablePolicy)
                  00004ebc    00000010     nortos_cc13x0.aem3 : SemaphoreP_nortos.oem3 (.text:SemaphoreP_Params_init)
                  00004ecc    00000010                        : SwiP_nortos.oem3 (.text:SwiP_Params_init)
                  00004edc    00000010                        : TimerPCC26XX_nortos.oem3 (.text:TimerP_Params_init)
                  00004eec    00000010     smartrf_settings.obj (.text:applyGenfskPatch)
                  00004efc    00000010     rf_multiMode_cc13x0.aem3 : RFCC26XX_multiMode.oem3 (.text:isClientOwner)
                  00004f0c    00000010                              : RFCC26XX_multiMode.oem3 (.text:rfSubmitCmdWithoutWait)
                  00004f1c    0000000e     driverlib.lib : vims.obj (.text:NOROM_VIMSModeGet)
                  00004f2a    0000000e     nortos_cc13x0.aem3 : QueueP_nortos.oem3 (.text:QueueP_empty)
                  00004f38    0000000e                        : QueueP_nortos.oem3 (.text:QueueP_remove)
                  00004f46    0000000e     rtsv7M3_T_le_eabi.lib : copy_decompress_none.obj (.text:decompress:none)
                  00004f54    0000000c     nortos_cc13x0.aem3 : ClockPTimer_nortos.oem3 (.text:ClockP_doTick)
                  00004f60    0000000c     rf_multiMode_cc13x0.aem3 : RFCC26XX_multiMode.oem3 (.text:FsmNextState)
                  00004f6c    0000000c     drivers_cc13x0.aem3 : List.oem3 (.text:List_empty)
                  00004f78    0000000c     driverlib.lib : cpu.obj (.text:NOROM_CPUcpsid)
                  00004f84    0000000c                   : cpu.obj (.text:NOROM_CPUcpsie)
                  00004f90    0000000c                   : osc.obj (.text:NOROM_OSC_HPOSCRelativeFrequencyOffsetToRFCoreFormatConvert)
                  00004f9c    0000000c     nortos_cc13x0.aem3 : PowerCC26XX_nortos.oem3 (.text:PowerCC26XX_schedulerRestore)
                  00004fa8    0000000c     drivers_cc13x0.aem3 : PowerCC26XX.oem3 (.text:Power_getConstraintMask)
                  00004fb4    0000000c                         : PowerCC26XX.oem3 (.text:Power_getDependencyCount)
                  00004fc0    0000000c     nortos_cc13x0.aem3 : SwiP_nortos.oem3 (.text:SwiP_getTrigger)
                  00004fcc    0000000c                        : TimerPCC26XX_nortos.oem3 (.text:TimerP_getFreq)
                  00004fd8    0000000c     rtsv7M3_T_le_eabi.lib : copy_zero_init.obj (.text:decompress:ZI)
                  00004fe4    0000000c     rf_multiMode_cc13x0.aem3 : RFCC26XX_multiMode.oem3 (.text:rfGetConstraint)
                  00004ff0    00000008     nortos_cc13x0.aem3 : HwiPCC26XX_nortos.oem3 (.text:HwiP_restore)
                  00004ff8    00000008     smartrf_settings.obj (.text:rf_patch_cpe_genfsk)
                  00005000    00000006     nortos_cc13x0.aem3 : ClockPTimer_nortos.oem3 (.text:ClockP_stop)
                  00005006    00000006                        : QueueP_nortos.oem3 (.text:QueueP_init)
                  0000500c    00000006     rf_multiMode_cc13x0.aem3 : RFCC26XX_multiMode.oem3 (.text:clkReqAccessFxn)
                  00005012    00000004     nortos_cc13x0.aem3 : PowerCC26XX_nortos.oem3 (.text:CPUwfi)
                  00005016    00000004                        : ClockPTimer_nortos.oem3 (.text:ClockP_isActive)
                  0000501a    00000004                        : ClockPTimer_nortos.oem3 (.text:ClockP_setTimeout)
                  0000501e    00000004                        : HwiPCC26XX_nortos.oem3 (.text:HwiP_enable)
                  00005022    00000004     drivers_cc13x0.aem3 : List.oem3 (.text:List_head)
                  00005026    00000004                         : List.oem3 (.text:List_next)
                  0000502a    00000004     driverlib.lib : rfc.obj (.text:NOROM_RFCOverrideUpdate)
                  0000502e    00000004     drivers_cc13x0.aem3 : PowerCC26XX.oem3 (.text:PowerCC26XX_switchXOSC_HF)
                  00005032    00000004     rf_multiMode_cc13x0.aem3 : RFCC26XX_multiMode.oem3 (.text:Q_peek)
                  00005036    00000004     nortos_cc13x0.aem3 : QueueP_nortos.oem3 (.text:QueueP_head)
                  0000503a    00000004                        : QueueP_nortos.oem3 (.text:QueueP_next)
                  0000503e    00000004                        : TimerPCC26XX_nortos.oem3 (.text:TimerP_getCount64)
                  00005042    00000004     drivers_cc13x0.aem3 : PowerCC26XX.oem3 (.text:nopResourceHandler)
                  00005046    00000004     rtsv7M3_T_le_eabi.lib : pre_init.obj (.text)
                  0000504a    00000002     nortos_cc13x0.aem3 : startup_cc13xx_cc26xx_ccs.oem3 (.text:intDefaultHandler)
                  0000504c    00000002                        : startup_cc13xx_cc26xx_ccs.oem3 (.text:nmiISR)
                  0000504e    00000002     rtsv7M3_T_le_eabi.lib : mpu_init.obj (.text)
                  00005050    00000002                           : startup.obj (.text)

.const     0    00005054    00000a44     
                  00005054    000006b4     smartrf_settings.obj (.const:patchGenfskRfe)
                  00005708    000002b0     smartrf_settings.obj (.const:patchImageGenfsk)
                  000059b8    0000004c     drivers_cc13x0.aem3 : PowerCC26XX.oem3 (.const:resourceDB)
                  00005a04    0000002c     CC1310_LAUNCHXL.obj (.const:BoardGpioInitTable)
                  00005a30    0000001c     rf_multiMode_cc13x0.aem3 : RFCC26XX_multiMode.oem3 (.const:RF_defaultParams)
                  00005a4c    00000018     CC1310_LAUNCHXL.obj (.const:PowerCC26XX_config)
                  00005a64    00000018     driverlib.lib : rfc.obj (.const:rfc_defaultIrqAddr)
                  00005a7c    00000010     nortos_cc13x0.aem3 : SwiP_nortos.oem3 (.const:SwiP_defaultParams)
                  00005a8c    00000008     CC1310_LAUNCHXL.obj (.const:PINCC26XX_hwAttrs)
                  00005a94    00000004     CC1310_LAUNCHXL.obj (.const:RFCC26XX_hwAttrs)

.cinit     0    00005aa0    00000118     
                  00005aa0    000000e2     (.cinit..data.load) [load image, compression = lzss]
                  00005b82    00000002     --HOLE-- [fill = 0]
                  00005b84    0000000c     (__TI_handler_table)
                  00005b90    00000008     (.cinit..bss.load) [load image, compression = zero_init]
                  00005b98    00000008     (.cinit..vtable_ram.load) [load image, compression = zero_init]
                  00005ba0    00000018     (__TI_cinit_table)

.init_array 
*          0    00000000    00000000     UNINITIALIZED

.ccfg      0    0001ffa8    00000058     
                  0001ffa8    00000058     ccfg.obj (.ccfg:retain)

.data      0    20000000    000004d9     UNINITIALIZED
                  20000000    00000114     drivers_cc13x0.aem3 : PINCC26XX.oem3 (.data:$O1$$)
                  20000114    00000114                         : PowerCC26XX.oem3 (.data:PowerCC26XX_module)
                  20000228    000000d0     nortos_cc13x0.aem3 : HwiPCC26XX_nortos.oem3 (.data:$O1$$)
                  200002f8    000000c0                        : ClockPTimer_nortos.oem3 (.data:$O1$$)
                  200003b8    00000058     smartrf_settings.obj (.data:pOverrides)
                  20000410    00000030     nortos_cc13x0.aem3 : TimerPCC26XX_nortos.oem3 (.data:$O1$$)
                  20000440    00000028     smartrf_settings.obj (.data:RF_cmdPropRadioDivSetup)
                  20000468    00000018     smartrf_settings.obj (.data:RF_cmdFs)
                  20000480    00000018     smartrf_settings.obj (.data:RF_cmdPropTx)
                  20000498    00000010     smartrf_settings.obj (.data:RF_prop)
                  200004a8    0000000c     nortos_cc13x0.aem3 : SemaphoreP_nortos.oem3 (.data:$O1$$)
                  200004b4    0000000c     rtsv7M3_T_le_eabi.lib : exit.obj (.data:$O1$$)
                  200004c0    00000008                           : _lock.obj (.data:$O1$$)
                  200004c8    00000008     rfPacketTx_nortos.obj (.data:pinTable)
                  200004d0    00000004     rtsv7M3_T_le_eabi.lib : rand.obj (.data)
                  200004d4    00000004                           : stkdepth_vars.obj (.data)
                  200004d8    00000001     nortos_cc13x0.aem3 : SwiP_nortos.oem3 (.data)

.bss       0    200004e0    00000498     UNINITIALIZED
                  200004e0    00000318     rf_multiMode_cc13x0.aem3 : RFCC26XX_multiMode.oem3 (.bss:$O1$$)
                  200007f8    000000c8     rfPacketTx_nortos.obj (.bss:rfObject)
                  200008c0    0000003c     nortos_cc13x0.aem3 : SwiP_nortos.oem3 (.bss:$O1$$)
                  200008fc    00000020     rfPacketTx_nortos.obj (.bss:packet)
                  2000091c    00000014     driverlib.lib : osc.obj (.bss:oscHfGlobals)
                  20000930    00000014     rf_multiMode_cc13x0.aem3 : RFCC26XX_multiMode.oem3 (.bss:ratCmd)
                  20000944    0000000d     nortos_cc13x0.aem3 : SwiP_nortos.oem3 (.bss)
                  20000951    00000001     rf_multiMode_cc13x0.aem3 : RFCC26XX_multiMode.oem3 (.bss)
                  20000952    00000001     (.common:driverlib_release_0_50218)
                  20000953    00000001     --HOLE--
                  20000954    0000000c     rfPacketTx_nortos.obj (.bss:ledPinState)
                  20000960    0000000a     rfPacketTx_nortos.obj (.bss)
                  2000096a    00000002     --HOLE--
                  2000096c    00000008     driverlib.lib : sys_ctrl.obj (.bss:powerQualGlobals)
                  20000974    00000004     nortos_cc13x0.aem3 : PowerCC26XX_nortos.oem3 (.bss)

.sysmem    0    20000978    00000100     UNINITIALIZED
                  20000978    00000008     rtsv7M3_T_le_eabi.lib : memory.obj (.sysmem)
                  20000980    000000f8     --HOLE--

.vtable_ram 
*          0    20000b00    000000c8     UNINITIALIZED
                  20000b00    000000c8     driverlib.lib : interrupt.obj (.vtable_ram)

.stack     0    20004c00    00000400     UNINITIALIZED
                  20004c00    00000400     --HOLE--

.binit     0    00000000    00000000     

.args      0    00005a98    00000008     
                  00005a98    00000008     --HOLE-- [fill = 0]

MODULE SUMMARY

       Module                            code    ro data   rw data
       ------                            ----    -------   -------
    ./
       rfPacketTx_nortos.obj             476     0         262    
       CC1310_LAUNCHXL.obj               24      80        0      
       ccfg.obj                          0       88        0      
       main_nortos.obj                   18      0         0      
    +--+---------------------------------+-------+---------+---------+
       Total:                            518     168       262    
                                                                  
    ./smartrf_settings/
       smartrf_settings.obj              446     2404      192    
    +--+---------------------------------+-------+---------+---------+
       Total:                            446     2404      192    
                                                                  
    /Applications/ti/ccsv7/tools/compiler/ti-cgt-arm_16.9.6.LTS/lib/rtsv7M3_T_le_eabi.lib
       ull_div_t2.obj                    500     0         0      
       memcpy_t2.obj                     156     0         0      
       memset_t2.obj                     122     0         0      
       autoinit.obj                      112     0         0      
       copy_decompress_lzss.obj          104     0         0      
       exit.obj                          84      0         12     
       rand.obj                          76      0         4      
       cpy_tbl.obj                       76      0         0      
       boot.obj                          64      0         0      
       _lock.obj                         20      0         8      
       args_main.obj                     24      0         0      
       ll_mul_t2.obj                     24      0         0      
       copy_decompress_none.obj          14      0         0      
       copy_zero_init.obj                12      0         0      
       pre_init.obj                      4       0         0      
       stkdepth_vars.obj                 0       0         4      
       mpu_init.obj                      2       0         0      
       startup.obj                       2       0         0      
    +--+---------------------------------+-------+---------+---------+
       Total:                            1396    0         28     
                                                                  
    /Users/andrewphung/ti/simplelink_cc13x0_sdk_1_60_00_21/kernel/nortos/lib/nortos_cc13x0.aem3
       ClockPTimer_nortos.oem3           886     0         192    
       SwiP_nortos.oem3                  652     16        74     
       TimerPCC26XX_nortos.oem3          602     0         48     
       HwiPCC26XX_nortos.oem3            288     0         208    
       SemaphoreP_nortos.oem3            340     0         12     
       PowerCC26XX_nortos.oem3           288     0         4      
       startup_cc13xx_cc26xx_ccs.oem3    26      200       0      
       QueueP_nortos.oem3                96      0         0      
    +--+---------------------------------+-------+---------+---------+
       Total:                            3178    216       538    
                                                                  
    /Users/andrewphung/ti/simplelink_cc13x0_sdk_1_60_00_21/source/ti/devices/cc13x0/driverlib/bin/ccs/driverlib.lib
       setup_rom.obj                     1456    0         0      
       sys_ctrl.obj                      760     0         8      
       rfc.obj                           680     24        0      
       osc.obj                           388     0         20     
       setup.obj                         364     0         0      
       interrupt.obj                     52      0         200    
       chipinfo.obj                      182     0         0      
       aon_rtc.obj                       44      0         0      
       ddi.obj                           44      0         0      
       adi.obj                           40      0         0      
       aon_batmon.obj                    40      0         0      
       cpu.obj                           24      0         0      
       vims.obj                          14      0         0      
       driverlib_release.obj             0       0         1      
    +--+---------------------------------+-------+---------+---------+
       Total:                            4088    24        229    
                                                                  
    /Users/andrewphung/ti/simplelink_cc13x0_sdk_1_60_00_21/source/ti/drivers/lib/drivers_cc13x0.aem3
       PowerCC26XX.oem3                  2124    76        276    
       PowerCC26XX_calibrateRCOSC.oem3   1380    0         0      
       PINCC26XX.oem3                    1080    0         276    
       List.oem3                         54      0         0      
    +--+---------------------------------+-------+---------+---------+
       Total:                            4638    76        552    
                                                                  
    /Users/andrewphung/ti/simplelink_cc13x0_sdk_1_60_00_21/source/ti/drivers/rf/lib/rf_multiMode_cc13x0.aem3
       RFCC26XX_multiMode.oem3           6098    28        813    
    +--+---------------------------------+-------+---------+---------+
       Total:                            6098    28        813    
                                                                  
       Heap:                             0       0         256    
       Stack:                            0       0         1024   
       Linker Generated:                 0       278       0      
    +--+---------------------------------+-------+---------+---------+
       Grand Total:                      20362   3194      3894   


LINKER GENERATED COPY TABLES

__TI_cinit_table @ 00005ba0 records: 3, size/record: 8, table size: 24
	.data: load addr=00005aa0, load size=000000e2 bytes, run addr=20000000, run size=000004d9 bytes, compression=lzss
	.bss: load addr=00005b90, load size=00000008 bytes, run addr=200004e0, run size=00000498 bytes, compression=zero_init
	.vtable_ram: load addr=00005b98, load size=00000008 bytes, run addr=20000b00, run size=000000c8 bytes, compression=zero_init


LINKER GENERATED HANDLER TABLE

__TI_handler_table @ 00005b84 records: 3, size/record: 4, table size: 12
	index: 0, handler: __TI_zero_init
	index: 1, handler: __TI_decompress_lzss
	index: 2, handler: __TI_decompress_none


GLOBAL SYMBOLS: SORTED ALPHABETICALLY BY Name 

address   name                                                        
-------   ----                                                        
00005a04  BoardGpioInitTable                                          
00003cf9  C$$EXIT                                                     
00004ae5  CC1310_LAUNCHXL_initGeneral                                 
00004e0d  ClockP_Params_init                                          
0000487d  ClockP_add                                                  
00003f6d  ClockP_construct                                            
00004afd  ClockP_destruct                                             
00004f55  ClockP_doTick                                               
000047a5  ClockP_getTicks                                             
0000434d  ClockP_getTicksUntilInterrupt                               
00004b15  ClockP_getTimeout                                           
00005017  ClockP_isActive                                             
000047c9  ClockP_scheduleNextTick                                     
0000501b  ClockP_setTimeout                                           
0000319d  ClockP_start                                                
00002cf9  ClockP_startup                                              
00005001  ClockP_stop                                                 
200002fc  ClockP_tickPeriod                                           
0000338d  ClockP_walkQueueDynamic                                     
000029c1  ClockP_workFuncDynamic                                      
00004de9  HwiP_Params_init                                            
00003315  HwiP_construct                                              
00004e1d  HwiP_disable                                                
0000501f  HwiP_enable                                                 
00004e2d  HwiP_enableInterrupt                                        
00004b2d  HwiP_inISR                                                  
00004e3d  HwiP_post                                                   
00004ff1  HwiP_restore                                                
00004cdd  HwiP_setFunc                                                
2000022c  HwiP_swiPIntNum                                             
00004f6d  List_empty                                                  
00005023  List_head                                                   
00005027  List_next                                                   
00004859  List_put                                                    
000046dd  NOROM_AONBatMonTemperatureGetDegC                           
00004d21  NOROM_AONRTCCurrent64BitValueGet                            
00004b45  NOROM_AONRTCCurrentCompareValueGet                          
00004f79  NOROM_CPUcpsid                                              
00004f85  NOROM_CPUcpsie                                              
00004979  NOROM_ChipInfo_GetChipFamily                                
000044b9  NOROM_ChipInfo_GetChipType                                  
00004101  NOROM_ChipInfo_GetHwRevision                                
00004b5d  NOROM_ChipInfo_GetPackageType                               
000045d5  NOROM_DDI32RegWrite                                         
00004381  NOROM_IntRegister                                           
00004601  NOROM_OSCClockSourceGet                                     
00003961  NOROM_OSCClockSourceSet                                     
00003899  NOROM_OSCHF_AttemptToSwitchToXosc                           
000043b5  NOROM_OSCHF_SwitchToRcOscTurnOffXosc                        
00004b75  NOROM_OSCHF_TurnOnXosc                                      
0000413d  NOROM_OSC_HPOSCRelativeFrequencyOffsetGet                   
00004f91  NOROM_OSC_HPOSCRelativeFrequencyOffsetToRFCoreFormatConvert 
0000489d  NOROM_RFCAdi3VcoLdoVoltageMode                              
00004b8d  NOROM_RFCCpeIntGetAndClear                                  
0000462d  NOROM_RFCCpePatchReset                                      
000047ed  NOROM_RFCDoorbellSendTo                                     
00004e4d  NOROM_RFCHwIntGetAndClear                                   
0000502b  NOROM_RFCOverrideUpdate                                     
000023f5  NOROM_RFCRTrim                                              
00002321  NOROM_RFCRfTrimRead                                         
00004e5d  NOROM_RFCRfTrimSet                                          
00004179  NOROM_RFCSynthPowerDown                                     
00002b11  NOROM_SetupAfterColdResetWakeupFromShutDownCfg1             
00001ead  NOROM_SetupAfterColdResetWakeupFromShutDownCfg2             
00001b75  NOROM_SetupAfterColdResetWakeupFromShutDownCfg3             
00004ba5  NOROM_SetupGetTrimForAdcShModeEn                            
00004bbd  NOROM_SetupGetTrimForAdcShVbufEn                            
000035c1  NOROM_SetupGetTrimForAmpcompCtrl                            
00004bd5  NOROM_SetupGetTrimForAmpcompTh1                             
00004995  NOROM_SetupGetTrimForAmpcompTh2                             
00003629  NOROM_SetupGetTrimForAnabypassValue1                        
00004bed  NOROM_SetupGetTrimForDblrLoopFilterResetVoltage             
00004659  NOROM_SetupGetTrimForRadcExtCfg                             
00004c05  NOROM_SetupGetTrimForRcOscLfIBiasTrim                       
000049b1  NOROM_SetupGetTrimForRcOscLfRtuneCtuneTrim                  
000048bd  NOROM_SetupGetTrimForXoscHfCtl                              
00004e6d  NOROM_SetupGetTrimForXoscHfFastStart                        
00004e7d  NOROM_SetupGetTrimForXoscHfIbiastherm                       
00004c1d  NOROM_SetupGetTrimForXoscLfRegulatorAndCmirrwrRatio         
000044e9  NOROM_SetupSetAonRtcSubSecInc                               
00003d4d  NOROM_SetupSetCacheModeAccordingToCcfgSetting               
00003401  NOROM_SetupSetVddrLevel                                     
00002a69  NOROM_SetupTrimDevice                                       
00003691  NOROM_SysCtrlAdjustRechargeAfterPowerDown                   
00000799  NOROM_SysCtrlSetRechargeBeforePowerDown                     
000036f9  NOROM_SysCtrl_DCDC_VoltageConditionalControl                
00004cf3  NOROM_ThisLibraryIsFor_CC13x0_HwRev20AndLater_HaltIfViolated
00004f1d  NOROM_VIMSModeGet                                           
0000501f  NoRTOS_start                                                
00004e8d  PINCC26XX_getPinCount                                       
00005a8c  PINCC26XX_hwAttrs                                           
00004d35  PIN_getOutputValue                                          
00001199  PIN_init                                                    
00002ecd  PIN_open                                                    
000043e9  PIN_setConfig                                               
000042a5  PIN_setOutputValue                                          
00003ae1  PowerCC26XX_RCOSC_clockFunc                                 
0000048d  PowerCC26XX_auxISR                                          
00003b3d  PowerCC26XX_calibrate                                       
00005a4c  PowerCC26XX_config                                          
00001355  PowerCC26XX_doCalibrate                                     
00003555  PowerCC26XX_initiateCalibration                             
000041b5  PowerCC26XX_isStableXOSC_HF                                 
20000114  PowerCC26XX_module                                          
00004e9d  PowerCC26XX_schedulerDisable                                
00004f9d  PowerCC26XX_schedulerRestore                                
00001dad  PowerCC26XX_standbyPolicy                                   
0000502f  PowerCC26XX_switchXOSC_HF                                   
00004d49  Power_disablePolicy                                         
00004ead  Power_enablePolicy                                          
00004fa9  Power_getConstraintMask                                     
00004fb5  Power_getDependencyCount                                    
0000493d  Power_getTransitionLatency                                  
00004c35  Power_idleFunc                                              
00001c99  Power_init                                                  
00004705  Power_registerNotify                                        
0000441d  Power_releaseConstraint                                     
0000257d  Power_releaseDependency                                     
00004519  Power_setConstraint                                         
000027a9  Power_setDependency                                         
000009c1  Power_sleep                                                 
00004f2b  QueueP_empty                                                
00004ac9  QueueP_get                                                  
00005037  QueueP_head                                                 
00005007  QueueP_init                                                 
0000503b  QueueP_next                                                 
00004a05  QueueP_put                                                  
00004f39  QueueP_remove                                               
00005a94  RFCC26XX_hwAttrs                                            
00004d5d  RF_Params_init                                              
20000468  RF_cmdFs                                                    
20000440  RF_cmdPropRadioDivSetup                                     
20000480  RF_cmdPropTx                                                
000039c1  RF_getCurrentTime                                           
00000dd9  RF_open                                                     
00001f9d  RF_pendCmd                                                  
00002639  RF_postCmd                                                  
20000498  RF_prop                                                     
00004755  RF_runCmd                                                   
UNDEFED   SHT$$INIT_ARRAY$$Base                                       
UNDEFED   SHT$$INIT_ARRAY$$Limit                                      
0000477d  SafeHapiVoid                                                
00004ebd  SemaphoreP_Params_init                                      
00003d9d  SemaphoreP_construct                                        
0000495b  SemaphoreP_constructBinary                                  
200004ac  SemaphoreP_defaultParams                                    
00002f65  SemaphoreP_pend                                             
000041f1  SemaphoreP_post                                             
00004ecd  SwiP_Params_init                                            
00002249  SwiP_construct                                              
00004a21  SwiP_disable                                                
00002c59  SwiP_dispatch                                               
00004fc1  SwiP_getTrigger                                             
00004a3d  SwiP_or                                                     
00003761  SwiP_post                                                   
00003ff9  SwiP_restore                                                
00004edd  TimerP_Params_init                                          
00002911  TimerP_construct                                            
00004a59  TimerP_dynamicStub                                          
0000503f  TimerP_getCount64                                           
00004549  TimerP_getCurrentTick                                       
00004fcd  TimerP_getFreq                                              
00004811  TimerP_getMaxTicks                                          
00004451  TimerP_initDevice                                           
00004485  TimerP_setNextTick                                          
00004579  TimerP_setThreshold                                         
00003475  TimerP_start                                                
00004d85  TimerP_startup                                              
20005000  __STACK_END                                                 
00000400  __STACK_SIZE                                                
00000100  __SYSMEM_SIZE                                               
00005ba0  __TI_CINIT_Base                                             
00005bb8  __TI_CINIT_Limit                                            
00005b84  __TI_Handler_Table_Base                                     
00005b90  __TI_Handler_Table_Limit                                    
000034e5  __TI_auto_init                                              
200004b4  __TI_cleanup_ptr                                            
000037c9  __TI_decompress_lzss                                        
00004f47  __TI_decompress_none                                        
200004b8  __TI_dtors_ptr                                              
200004bc  __TI_enable_exit_profile_output                             
ffffffff  __TI_pprof_out_hndl                                         
ffffffff  __TI_prof_data_size                                         
ffffffff  __TI_prof_data_start                                        
00000000  __TI_static_base__                                          
00004fd9  __TI_zero_init                                              
00004c95  __aeabi_lmul                                                
00003299  __aeabi_memclr                                              
00003299  __aeabi_memclr4                                             
00003299  __aeabi_memclr8                                             
00002e31  __aeabi_memcpy                                              
00002e31  __aeabi_memcpy4                                             
00002e31  __aeabi_memcpy8                                             
0000329b  __aeabi_memset                                              
0000329b  __aeabi_memset4                                             
0000329b  __aeabi_memset8                                             
00000be5  __aeabi_uldivmod                                            
ffffffff  __binit__                                                   
00005a98  __c_args__                                                  
0001ffa8  __ccfg                                                      
0000504f  __mpu_init                                                  
20004c00  __stack                                                     
00004c7d  _args_main                                                  
000040c1  _c_int00                                                    
200004c0  _lock                                                       
00004de3  _nop                                                        
00004ddb  _register_lock                                              
00004dd5  _register_unlock                                            
20000978  _sys_memory                                                 
00005051  _system_post_cinit                                          
00005047  _system_pre_init                                            
200004c4  _unlock                                                     
00003cfd  abort                                                       
ffffffff  binit                                                       
00003313  clkFxn                                                      
00003ed5  copy_in                                                     
20000952  driverlib_release_0_50218                                   
00003d05  exit                                                        
20000b00  g_pfnRAMVectors                                             
00000000  g_pfnVectors                                                
00004dfb  main                                                        
00000fbd  mainThread                                                  
200004d4  main_func_sp                                                
00002e31  memcpy                                                      
000032a1  memset                                                      
20000098  pinHandleTable                                              
20000004  pinLowerBound                                               
200004c8  pinTable                                                    
20000000  pinUpperBound                                               
00003f37  rand                                                        
00004dad  resetISR                                                    
000059b8  resourceDB                                                  
00004fe5  rfGetConstraint                                             
00004315  rfReleaseConstraint                                         
00004aad  rfSetConstraint                                             
00003f21  srand                                                       


GLOBAL SYMBOLS: SORTED BY Symbol Address 

address   name                                                        
-------   ----                                                        
00000000  __TI_static_base__                                          
00000000  g_pfnVectors                                                
00000100  __SYSMEM_SIZE                                               
00000400  __STACK_SIZE                                                
0000048d  PowerCC26XX_auxISR                                          
00000799  NOROM_SysCtrlSetRechargeBeforePowerDown                     
000009c1  Power_sleep                                                 
00000be5  __aeabi_uldivmod                                            
00000dd9  RF_open                                                     
00000fbd  mainThread                                                  
00001199  PIN_init                                                    
00001355  PowerCC26XX_doCalibrate                                     
00001b75  NOROM_SetupAfterColdResetWakeupFromShutDownCfg3             
00001c99  Power_init                                                  
00001dad  PowerCC26XX_standbyPolicy                                   
00001ead  NOROM_SetupAfterColdResetWakeupFromShutDownCfg2             
00001f9d  RF_pendCmd                                                  
00002249  SwiP_construct                                              
00002321  NOROM_RFCRfTrimRead                                         
000023f5  NOROM_RFCRTrim                                              
0000257d  Power_releaseDependency                                     
00002639  RF_postCmd                                                  
000027a9  Power_setDependency                                         
00002911  TimerP_construct                                            
000029c1  ClockP_workFuncDynamic                                      
00002a69  NOROM_SetupTrimDevice                                       
00002b11  NOROM_SetupAfterColdResetWakeupFromShutDownCfg1             
00002c59  SwiP_dispatch                                               
00002cf9  ClockP_startup                                              
00002e31  __aeabi_memcpy                                              
00002e31  __aeabi_memcpy4                                             
00002e31  __aeabi_memcpy8                                             
00002e31  memcpy                                                      
00002ecd  PIN_open                                                    
00002f65  SemaphoreP_pend                                             
0000319d  ClockP_start                                                
00003299  __aeabi_memclr                                              
00003299  __aeabi_memclr4                                             
00003299  __aeabi_memclr8                                             
0000329b  __aeabi_memset                                              
0000329b  __aeabi_memset4                                             
0000329b  __aeabi_memset8                                             
000032a1  memset                                                      
00003313  clkFxn                                                      
00003315  HwiP_construct                                              
0000338d  ClockP_walkQueueDynamic                                     
00003401  NOROM_SetupSetVddrLevel                                     
00003475  TimerP_start                                                
000034e5  __TI_auto_init                                              
00003555  PowerCC26XX_initiateCalibration                             
000035c1  NOROM_SetupGetTrimForAmpcompCtrl                            
00003629  NOROM_SetupGetTrimForAnabypassValue1                        
00003691  NOROM_SysCtrlAdjustRechargeAfterPowerDown                   
000036f9  NOROM_SysCtrl_DCDC_VoltageConditionalControl                
00003761  SwiP_post                                                   
000037c9  __TI_decompress_lzss                                        
00003899  NOROM_OSCHF_AttemptToSwitchToXosc                           
00003961  NOROM_OSCClockSourceSet                                     
000039c1  RF_getCurrentTime                                           
00003ae1  PowerCC26XX_RCOSC_clockFunc                                 
00003b3d  PowerCC26XX_calibrate                                       
00003cf9  C$$EXIT                                                     
00003cfd  abort                                                       
00003d05  exit                                                        
00003d4d  NOROM_SetupSetCacheModeAccordingToCcfgSetting               
00003d9d  SemaphoreP_construct                                        
00003ed5  copy_in                                                     
00003f21  srand                                                       
00003f37  rand                                                        
00003f6d  ClockP_construct                                            
00003ff9  SwiP_restore                                                
000040c1  _c_int00                                                    
00004101  NOROM_ChipInfo_GetHwRevision                                
0000413d  NOROM_OSC_HPOSCRelativeFrequencyOffsetGet                   
00004179  NOROM_RFCSynthPowerDown                                     
000041b5  PowerCC26XX_isStableXOSC_HF                                 
000041f1  SemaphoreP_post                                             
000042a5  PIN_setOutputValue                                          
00004315  rfReleaseConstraint                                         
0000434d  ClockP_getTicksUntilInterrupt                               
00004381  NOROM_IntRegister                                           
000043b5  NOROM_OSCHF_SwitchToRcOscTurnOffXosc                        
000043e9  PIN_setConfig                                               
0000441d  Power_releaseConstraint                                     
00004451  TimerP_initDevice                                           
00004485  TimerP_setNextTick                                          
000044b9  NOROM_ChipInfo_GetChipType                                  
000044e9  NOROM_SetupSetAonRtcSubSecInc                               
00004519  Power_setConstraint                                         
00004549  TimerP_getCurrentTick                                       
00004579  TimerP_setThreshold                                         
000045d5  NOROM_DDI32RegWrite                                         
00004601  NOROM_OSCClockSourceGet                                     
0000462d  NOROM_RFCCpePatchReset                                      
00004659  NOROM_SetupGetTrimForRadcExtCfg                             
000046dd  NOROM_AONBatMonTemperatureGetDegC                           
00004705  Power_registerNotify                                        
00004755  RF_runCmd                                                   
0000477d  SafeHapiVoid                                                
000047a5  ClockP_getTicks                                             
000047c9  ClockP_scheduleNextTick                                     
000047ed  NOROM_RFCDoorbellSendTo                                     
00004811  TimerP_getMaxTicks                                          
00004859  List_put                                                    
0000487d  ClockP_add                                                  
0000489d  NOROM_RFCAdi3VcoLdoVoltageMode                              
000048bd  NOROM_SetupGetTrimForXoscHfCtl                              
0000493d  Power_getTransitionLatency                                  
0000495b  SemaphoreP_constructBinary                                  
00004979  NOROM_ChipInfo_GetChipFamily                                
00004995  NOROM_SetupGetTrimForAmpcompTh2                             
000049b1  NOROM_SetupGetTrimForRcOscLfRtuneCtuneTrim                  
00004a05  QueueP_put                                                  
00004a21  SwiP_disable                                                
00004a3d  SwiP_or                                                     
00004a59  TimerP_dynamicStub                                          
00004aad  rfSetConstraint                                             
00004ac9  QueueP_get                                                  
00004ae5  CC1310_LAUNCHXL_initGeneral                                 
00004afd  ClockP_destruct                                             
00004b15  ClockP_getTimeout                                           
00004b2d  HwiP_inISR                                                  
00004b45  NOROM_AONRTCCurrentCompareValueGet                          
00004b5d  NOROM_ChipInfo_GetPackageType                               
00004b75  NOROM_OSCHF_TurnOnXosc                                      
00004b8d  NOROM_RFCCpeIntGetAndClear                                  
00004ba5  NOROM_SetupGetTrimForAdcShModeEn                            
00004bbd  NOROM_SetupGetTrimForAdcShVbufEn                            
00004bd5  NOROM_SetupGetTrimForAmpcompTh1                             
00004bed  NOROM_SetupGetTrimForDblrLoopFilterResetVoltage             
00004c05  NOROM_SetupGetTrimForRcOscLfIBiasTrim                       
00004c1d  NOROM_SetupGetTrimForXoscLfRegulatorAndCmirrwrRatio         
00004c35  Power_idleFunc                                              
00004c7d  _args_main                                                  
00004c95  __aeabi_lmul                                                
00004cdd  HwiP_setFunc                                                
00004cf3  NOROM_ThisLibraryIsFor_CC13x0_HwRev20AndLater_HaltIfViolated
00004d21  NOROM_AONRTCCurrent64BitValueGet                            
00004d35  PIN_getOutputValue                                          
00004d49  Power_disablePolicy                                         
00004d5d  RF_Params_init                                              
00004d85  TimerP_startup                                              
00004dad  resetISR                                                    
00004dd5  _register_unlock                                            
00004ddb  _register_lock                                              
00004de3  _nop                                                        
00004de9  HwiP_Params_init                                            
00004dfb  main                                                        
00004e0d  ClockP_Params_init                                          
00004e1d  HwiP_disable                                                
00004e2d  HwiP_enableInterrupt                                        
00004e3d  HwiP_post                                                   
00004e4d  NOROM_RFCHwIntGetAndClear                                   
00004e5d  NOROM_RFCRfTrimSet                                          
00004e6d  NOROM_SetupGetTrimForXoscHfFastStart                        
00004e7d  NOROM_SetupGetTrimForXoscHfIbiastherm                       
00004e8d  PINCC26XX_getPinCount                                       
00004e9d  PowerCC26XX_schedulerDisable                                
00004ead  Power_enablePolicy                                          
00004ebd  SemaphoreP_Params_init                                      
00004ecd  SwiP_Params_init                                            
00004edd  TimerP_Params_init                                          
00004f1d  NOROM_VIMSModeGet                                           
00004f2b  QueueP_empty                                                
00004f39  QueueP_remove                                               
00004f47  __TI_decompress_none                                        
00004f55  ClockP_doTick                                               
00004f6d  List_empty                                                  
00004f79  NOROM_CPUcpsid                                              
00004f85  NOROM_CPUcpsie                                              
00004f91  NOROM_OSC_HPOSCRelativeFrequencyOffsetToRFCoreFormatConvert 
00004f9d  PowerCC26XX_schedulerRestore                                
00004fa9  Power_getConstraintMask                                     
00004fb5  Power_getDependencyCount                                    
00004fc1  SwiP_getTrigger                                             
00004fcd  TimerP_getFreq                                              
00004fd9  __TI_zero_init                                              
00004fe5  rfGetConstraint                                             
00004ff1  HwiP_restore                                                
00005001  ClockP_stop                                                 
00005007  QueueP_init                                                 
00005017  ClockP_isActive                                             
0000501b  ClockP_setTimeout                                           
0000501f  HwiP_enable                                                 
0000501f  NoRTOS_start                                                
00005023  List_head                                                   
00005027  List_next                                                   
0000502b  NOROM_RFCOverrideUpdate                                     
0000502f  PowerCC26XX_switchXOSC_HF                                   
00005037  QueueP_head                                                 
0000503b  QueueP_next                                                 
0000503f  TimerP_getCount64                                           
00005047  _system_pre_init                                            
0000504f  __mpu_init                                                  
00005051  _system_post_cinit                                          
000059b8  resourceDB                                                  
00005a04  BoardGpioInitTable                                          
00005a4c  PowerCC26XX_config                                          
00005a8c  PINCC26XX_hwAttrs                                           
00005a94  RFCC26XX_hwAttrs                                            
00005a98  __c_args__                                                  
00005b84  __TI_Handler_Table_Base                                     
00005b90  __TI_Handler_Table_Limit                                    
00005ba0  __TI_CINIT_Base                                             
00005bb8  __TI_CINIT_Limit                                            
0001ffa8  __ccfg                                                      
20000000  pinUpperBound                                               
20000004  pinLowerBound                                               
20000098  pinHandleTable                                              
20000114  PowerCC26XX_module                                          
2000022c  HwiP_swiPIntNum                                             
200002fc  ClockP_tickPeriod                                           
20000440  RF_cmdPropRadioDivSetup                                     
20000468  RF_cmdFs                                                    
20000480  RF_cmdPropTx                                                
20000498  RF_prop                                                     
200004ac  SemaphoreP_defaultParams                                    
200004b4  __TI_cleanup_ptr                                            
200004b8  __TI_dtors_ptr                                              
200004bc  __TI_enable_exit_profile_output                             
200004c0  _lock                                                       
200004c4  _unlock                                                     
200004c8  pinTable                                                    
200004d4  main_func_sp                                                
20000952  driverlib_release_0_50218                                   
20000978  _sys_memory                                                 
20000b00  g_pfnRAMVectors                                             
20004c00  __stack                                                     
20005000  __STACK_END                                                 
ffffffff  __TI_pprof_out_hndl                                         
ffffffff  __TI_prof_data_size                                         
ffffffff  __TI_prof_data_start                                        
ffffffff  __binit__                                                   
ffffffff  binit                                                       
UNDEFED   SHT$$INIT_ARRAY$$Base                                       
UNDEFED   SHT$$INIT_ARRAY$$Limit                                      

[236 symbols]
